Archive member included because of file (symbol)

../STemWin/Lib\STemWin532_CM4_GCC.a(WINDOW.o)
                              STemWin/Picture/WindowDLG.o (WINDOW_SetBkColor)
../STemWin/Lib\STemWin532_CM4_GCC.a(WIDGET.o)
                              ../STemWin/Lib\STemWin532_CM4_GCC.a(WINDOW.o) (WIDGET_OrState)
../STemWin/Lib\STemWin532_CM4_GCC.a(TEXT_SetTextColor.o)
                              STemWin/Picture/FramewinDLG.o (TEXT_SetTextColor)
../STemWin/Lib\STemWin532_CM4_GCC.a(TEXT_SetTextAlign.o)
                              STemWin/Picture/FramewinDLG.o (TEXT_SetTextAlign)
../STemWin/Lib\STemWin532_CM4_GCC.a(TEXT_SetText.o)
                              STemWin/Picture/FramewinDLG.o (TEXT_SetText)
../STemWin/Lib\STemWin532_CM4_GCC.a(TEXT_SetFont.o)
                              STemWin/Picture/WindowDLG.o (TEXT_SetFont)
../STemWin/Lib\STemWin532_CM4_GCC.a(TEXT_CreateIndirect.o)
                              STemWin/Picture/FramewinDLG.o (TEXT_CreateIndirect)
../STemWin/Lib\STemWin532_CM4_GCC.a(TEXT.o)
                              ../STemWin/Lib\STemWin532_CM4_GCC.a(TEXT_CreateIndirect.o) (TEXT_CreateUser)
../STemWin/Lib\STemWin532_CM4_GCC.a(PROGBAR_SetTextPos.o)
                              STemWin/Picture/WindowDLG.o (PROGBAR_SetTextPos)
../STemWin/Lib\STemWin532_CM4_GCC.a(PROGBAR_SetTextColor.o)
                              STemWin/Picture/WindowDLG.o (PROGBAR_SetTextColor)
../STemWin/Lib\STemWin532_CM4_GCC.a(PROGBAR_SetFont.o)
                              STemWin/Picture/FramewinDLG.o (PROGBAR_SetFont)
../STemWin/Lib\STemWin532_CM4_GCC.a(PROGBAR_CreateIndirect.o)
                              STemWin/Picture/FramewinDLG.o (PROGBAR_CreateIndirect)
../STemWin/Lib\STemWin532_CM4_GCC.a(PROGBAR.o)
                              ../STemWin/Lib\STemWin532_CM4_GCC.a(PROGBAR_CreateIndirect.o) (PROGBAR_CreateUser)
../STemWin/Lib\STemWin532_CM4_GCC.a(IMAGE_BMP.o)
                              STemWin/Picture/FramewinDLG.o (IMAGE_SetBMP)
../STemWin/Lib\STemWin532_CM4_GCC.a(IMAGE.o)
                              ../STemWin/Lib\STemWin532_CM4_GCC.a(IMAGE_BMP.o) (IMAGE__FreeAttached)
../STemWin/Lib\STemWin532_CM4_GCC.a(FRAMEWIN_SetTitleVis.o)
                              STemWin/Picture/FramewinDLG.o (FRAMEWIN_SetTitleVis)
../STemWin/Lib\STemWin532_CM4_GCC.a(FRAMEWIN_CreateIndirect.o)
                              STemWin/Picture/FramewinDLG.o (FRAMEWIN_CreateIndirect)
../STemWin/Lib\STemWin532_CM4_GCC.a(FRAMEWIN.o)
                              ../STemWin/Lib\STemWin532_CM4_GCC.a(FRAMEWIN_SetTitleVis.o) (FRAMEWIN__UpdatePositions)
../STemWin/Lib\STemWin532_CM4_GCC.a(DIALOG.o)
                              ../STemWin/Lib\STemWin532_CM4_GCC.a(WIDGET.o) (DIALOG_GetBkColor)
../STemWin/Lib\STemWin532_CM4_GCC.a(WM__UpdateChildPositions.o)
                              ../STemWin/Lib\STemWin532_CM4_GCC.a(WIDGET.o) (WM__UpdateChildPositions)
../STemWin/Lib\STemWin532_CM4_GCC.a(WM__SendMessage.o)
                              ../STemWin/Lib\STemWin532_CM4_GCC.a(FRAMEWIN.o) (WM__SendMessage)
../STemWin/Lib\STemWin532_CM4_GCC.a(WM__Screen2Client.o)
                              ../STemWin/Lib\STemWin532_CM4_GCC.a(WIDGET.o) (WM__Screen2Client)
../STemWin/Lib\STemWin532_CM4_GCC.a(WM__IsAncestor.o)
                              ../STemWin/Lib\STemWin532_CM4_GCC.a(WINDOW.o) (WM__IsAncestor)
../STemWin/Lib\STemWin532_CM4_GCC.a(WM_UserData.o)
                              ../STemWin/Lib\STemWin532_CM4_GCC.a(WINDOW.o) (WM__GetUserDataEx)
../STemWin/Lib\STemWin532_CM4_GCC.a(WM_Show.o)
                              ../STemWin/Lib\STemWin532_CM4_GCC.a(FRAMEWIN_SetTitleVis.o) (WM_ShowWindow)
../STemWin/Lib\STemWin532_CM4_GCC.a(WM_SetTrans.o)
                              ../STemWin/Lib\STemWin532_CM4_GCC.a(TEXT.o) (WM_GetHasTrans)
../STemWin/Lib\STemWin532_CM4_GCC.a(WM_SetSize.o)
                              ../STemWin/Lib\STemWin532_CM4_GCC.a(IMAGE.o) (WM_SetSize)
../STemWin/Lib\STemWin532_CM4_GCC.a(WM_SetScrollState.o)
                              ../STemWin/Lib\STemWin532_CM4_GCC.a(WIDGET.o) (WM_SetScrollState)
../STemWin/Lib\STemWin532_CM4_GCC.a(WM_SetFocusOnPrevChild.o)
                              ../STemWin/Lib\STemWin532_CM4_GCC.a(WINDOW.o) (WM_SetFocusOnPrevChild)
../STemWin/Lib\STemWin532_CM4_GCC.a(WM_SetFocusOnNextChild.o)
                              ../STemWin/Lib\STemWin532_CM4_GCC.a(WINDOW.o) (WM_SetFocusOnNextChild)
../STemWin/Lib\STemWin532_CM4_GCC.a(WM_SetFocus.o)
                              ../STemWin/Lib\STemWin532_CM4_GCC.a(WINDOW.o) (WM_SetFocus)
../STemWin/Lib\STemWin532_CM4_GCC.a(WM_SetCaptureMove.o)
                              ../STemWin/Lib\STemWin532_CM4_GCC.a(FRAMEWIN.o) (WM_SetCaptureMove)
../STemWin/Lib\STemWin532_CM4_GCC.a(WM_SetCapture.o)
                              ../STemWin/Lib\STemWin532_CM4_GCC.a(WM_SetCaptureMove.o) (WM_SetCapture)
../STemWin/Lib\STemWin532_CM4_GCC.a(WM_SendMessageNoPara.o)
[...]
Memory Configuration

Name             Origin             Length             Attributes
FLASH            0x08000000         0x00200000         xr
RAM              0x20000000         0x00030000         xrw
CCMRAM           0x10000000         0x00010000         rw
*default*        0x00000000         0xffffffff

Linker script and memory map

LOAD c:/myprogram/ac6/systemworkbench/plugins/fr.ac6.mcu.externaltools.arm-none.win32_1.3.0.201507241045/tools/compiler/bin/../lib/gcc/arm-none-eabi/4.9.3/armv7e-m/fpu/crti.o
LOAD c:/myprogram/ac6/systemworkbench/plugins/fr.ac6.mcu.externaltools.arm-none.win32_1.3.0.201507241045/tools/compiler/bin/../lib/gcc/arm-none-eabi/4.9.3/armv7e-m/fpu/crtbegin.o
LOAD c:/myprogram/ac6/systemworkbench/plugins/fr.ac6.mcu.externaltools.arm-none.win32_1.3.0.201507241045/tools/compiler/bin/../lib/gcc/arm-none-eabi/4.9.3/../../../../arm-none-eabi/lib/armv7e-m/fpu/crt0.o
LOAD c:/myprogram/ac6/systemworkbench/plugins/fr.ac6.mcu.externaltools.arm-none.win32_1.3.0.201507241045/tools/compiler/bin/../lib/gcc/arm-none-eabi/4.9.3/../../../../arm-none-eabi/lib/armv7e-m/fpu\libm.a
LOAD Src/B2B_Comm.o
LOAD Src/Page_One.o
LOAD Src/Page_Three.o
LOAD Src/Page_Two.o
LOAD Src/ParticleSensor.o
LOAD Src/ili9488.o
LOAD Src/main.o
LOAD Src/stm32f4xx_hal_msp.o
LOAD Src/stm32f4xx_it.o
LOAD STemWin/Picture/AeraMax Pro Logo QR.o
LOAD STemWin/Picture/Brightness Icon Black.o
LOAD STemWin/Picture/FramewinDLG.o
LOAD STemWin/Picture/Products_Standard_Filter.o
LOAD STemWin/Picture/WindowDLG.o
LOAD STemWin/OS/GUI_X.o
LOAD STemWin/Font/Calibri73.o
LOAD STemWin/Font/Calibri_11_Bold.o
LOAD STemWin/Font/Calibri_13_Bold.o
LOAD STemWin/Font/Calibri_15_Bold.o
LOAD STemWin/Font/Calibri_19_Bold.o
LOAD STemWin/Font/Calibri_99.o
LOAD STemWin/Font/Calibri_9_Bold.o
LOAD STemWin/Config/GUIConf.o
LOAD STemWin/Config/LCDConf_Lin_Template.o
LOAD Drivers/STM32F4xx_HAL_Driver/Src/stm32f4xx_hal.o
LOAD Drivers/STM32F4xx_HAL_Driver/Src/stm32f4xx_hal_cortex.o
LOAD Drivers/STM32F4xx_HAL_Driver/Src/stm32f4xx_hal_dma.o
LOAD Drivers/STM32F4xx_HAL_Driver/Src/stm32f4xx_hal_dma_ex.o
LOAD Drivers/STM32F4xx_HAL_Driver/Src/stm32f4xx_hal_dsi.o
LOAD Drivers/STM32F4xx_HAL_Driver/Src/stm32f4xx_hal_flash.o
LOAD Drivers/STM32F4xx_HAL_Driver/Src/stm32f4xx_hal_flash_ex.o
LOAD Drivers/STM32F4xx_HAL_Driver/Src/stm32f4xx_hal_flash_ramfunc.o
LOAD Drivers/STM32F4xx_HAL_Driver/Src/stm32f4xx_hal_gpio.o
LOAD Drivers/STM32F4xx_HAL_Driver/Src/stm32f4xx_hal_ltdc.o
LOAD Drivers/STM32F4xx_HAL_Driver/Src/stm32f4xx_hal_ltdc_ex.o
LOAD Drivers/STM32F4xx_HAL_Driver/Src/stm32f4xx_hal_pwr.o
LOAD Drivers/STM32F4xx_HAL_Driver/Src/stm32f4xx_hal_pwr_ex.o
LOAD Drivers/STM32F4xx_HAL_Driver/Src/stm32f4xx_hal_rcc.o
LOAD Drivers/STM32F4xx_HAL_Driver/Src/stm32f4xx_hal_rcc_ex.o
LOAD Drivers/STM32F4xx_HAL_Driver/Src/stm32f4xx_hal_sdram.o
LOAD Drivers/STM32F4xx_HAL_Driver/Src/stm32f4xx_hal_tim.o
LOAD Drivers/STM32F4xx_HAL_Driver/Src/stm32f4xx_hal_tim_ex.o
LOAD Drivers/STM32F4xx_HAL_Driver/Src/stm32f4xx_hal_uart.o
LOAD Drivers/STM32F4xx_HAL_Driver/Src/stm32f4xx_hal_usart.o
LOAD Drivers/STM32F4xx_HAL_Driver/Src/stm32f4xx_ll_fmc.o
LOAD Drivers/CMSIS/Device/ST/STM32F4xx/Source/Templates/system_stm32f4xx.o
LOAD Drivers/CMSIS/Device/ST/STM32F4xx/Source/Templates/gcc/startup_stm32f429xx.o
LOAD ../STemWin/Lib\STemWin532_CM4_GCC.a
START GROUP
LOAD c:/myprogram/ac6/systemworkbench/plugins/fr.ac6.mcu.externaltools.arm-none.win32_1.3.0.201507241045/tools/compiler/bin/../lib/gcc/arm-none-eabi/4.9.3/armv7e-m/fpu\libgcc.a
LOAD c:/myprogram/ac6/systemworkbench/plugins/fr.ac6.mcu.externaltools.arm-none.win32_1.3.0.201507241045/tools/compiler/bin/../lib/gcc/arm-none-eabi/4.9.3/../../../../arm-none-eabi/lib/armv7e-m/fpu\libc_nano.a
END GROUP
START GROUP
LOAD c:/myprogram/ac6/systemworkbench/plugins/fr.ac6.mcu.externaltools.arm-none.win32_1.3.0.201507241045/tools/compiler/bin/../lib/gcc/arm-none-eabi/4.9.3/armv7e-m/fpu\libgcc.a
LOAD c:/myprogram/ac6/systemworkbench/plugins/fr.ac6.mcu.externaltools.arm-none.win32_1.3.0.201507241045/tools/compiler/bin/../lib/gcc/arm-none-eabi/4.9.3/../../../../arm-none-eabi/lib/armv7e-m/fpu\libc_nano.a
LOAD c:/myprogram/ac6/systemworkbench/plugins/fr.ac6.mcu.externaltools.arm-none.win32_1.3.0.201507241045/tools/compiler/bin/../lib/gcc/arm-none-eabi/4.9.3/../../../../arm-none-eabi/lib/armv7e-m/fpu\libnosys.a
END GROUP
START GROUP
LOAD c:/myprogram/ac6/systemworkbench/plugins/fr.ac6.mcu.externaltools.arm-none.win32_1.3.0.201507241045/tools/compiler/bin/../lib/gcc/arm-none-eabi/4.9.3/armv7e-m/fpu\libgcc.a
LOAD c:/myprogram/ac6/systemworkbench/plugins/fr.ac6.mcu.externaltools.arm-none.win32_1.3.0.201507241045/tools/compiler/bin/../lib/gcc/arm-none-eabi/4.9.3/../../../../arm-none-eabi/lib/armv7e-m/fpu\libc_nano.a
LOAD c:/myprogram/ac6/systemworkbench/plugins/fr.ac6.mcu.externaltools.arm-none.win32_1.3.0.201507241045/tools/compiler/bin/../lib/gcc/arm-none-eabi/4.9.3/../../../../arm-none-eabi/lib/armv7e-m/fpu\libnosys.a
END GROUP
LOAD c:/myprogram/ac6/systemworkbench/plugins/fr.ac6.mcu.externaltools.arm-none.win32_1.3.0.201507241045/tools/compiler/bin/../lib/gcc/arm-none-eabi/4.9.3/armv7e-m/fpu/crtend.o
LOAD c:/myprogram/ac6/systemworkbench/plugins/fr.ac6.mcu.externaltools.arm-none.win32_1.3.0.201507241045/tools/compiler/bin/../lib/gcc/arm-none-eabi/4.9.3/armv7e-m/fpu/crtn.o
                0x20030000                _estack = 0x20030000
                0x00000200                _Min_Heap_Size = 0x200
                0x00000400                _Min_Stack_Size = 0x400

.isr_vector     0x08000000      0x1ac
                0x08000000                . = ALIGN (0x4)
 *(.isr_vector)
 .isr_vector    0x08000000      0x1ac Drivers/CMSIS/Device/ST/STM32F4xx/Source/Templates/gcc/startup_stm32f429xx.o
                0x08000000                g_pfnVectors
                0x080001ac                . = ALIGN (0x4)

.text           0x080001ac     0x83d0
                0x080001ac                . = ALIGN (0x4)
 *(.text)
 .text          0x080001ac       0x5c c:/myprogram/ac6/systemworkbench/plugins/fr.ac6.mcu.externaltools.arm-none.win32_1.3.0.201507241045/tools/compiler/bin/../lib/gcc/arm-none-eabi/4.9.3/armv7e-m/fpu/crtbegin.o
 *(.text*)
 .text.UART7_IRQHandler
                0x08000208       0x8c Src/B2B_Comm.o
                0x08000208                UART7_IRQHandler
 .text.M2DFrameCheck
                0x08000294       0x32 Src/B2B_Comm.o
                0x08000294                M2DFrameCheck
 .text.PM_Level
                0x080002c6       0x12 Src/Page_One.o
                0x080002c6                PM_Level
 .text.PM_Out_Level_Update
                0x080002d8       0x9c Src/Page_One.o
                0x080002d8                PM_Out_Level_Update
 .text.PM_In_Level_Update
                0x08000374       0xa8 Src/Page_One.o
                0x08000374                PM_In_Level_Update
 .text.VOC_Level_Update
                0x0800041c      0x10c Src/Page_One.o
                0x0800041c                VOC_Level_Update
 .text.Value2String
                0x08000528       0x5a Src/Page_One.o
                0x08000528                Value2String
 *fill*         0x08000582        0x2 
 .text.PM_Out_Update
                0x08000584       0x68 Src/Page_One.o
                0x08000584                PM_Out_Update
 .text.PM_In_Update
                0x080005ec       0x6c Src/Page_One.o
                0x080005ec                PM_In_Update
 .text.Hepa_Life_Update
                0x08000658       0x70 Src/Page_One.o
                0x08000658                Hepa_Life_Update
 .text.Carbon_Life_Update
                0x080006c8       0x70 Src/Page_One.o
                0x080006c8                Carbon_Life_Update
 .text.Page_One_Init
                0x08000738      0x1e8 Src/Page_One.o
                0x08000738                Page_One_Init
 .text.Handle_Page_One
                0x08000920      0x100 Src/Page_One.o
                0x08000920                Handle_Page_One
 .text.Sensor_Recv_Handler
                0x08000a20       0x7e Src/ParticleSensor.o
                0x08000a20                Sensor_Recv_Handler
 *fill*         0x08000a9e        0x2 
 .text.UART4_IRQHandler
                0x08000aa0       0x1c Src/ParticleSensor.o
                0x08000aa0                UART4_IRQHandler
 .text.FrameCheck
                0x08000abc       0x3a Src/ParticleSensor.o
                0x08000abc                FrameCheck
 .text.WordSwap
                0x08000af6        0x6 Src/ParticleSensor.o
                0x08000af6                WordSwap
 .text.SPI_SendData
                0x08000afc       0x4c Src/ili9488.o
                0x08000afc                SPI_SendData
 .text.SPI_WriteComm
                0x08000b48       0x68 Src/ili9488.o
                0x08000b48                SPI_WriteComm
 .text.SPI_WriteData
                0x08000bb0       0x68 Src/ili9488.o
                0x08000bb0                SPI_WriteData
 .text.ili9488_Init
                0x08000c18      0x1d4 Src/ili9488.o
                0x08000c18                ili9488_Init
 .text.SystemClock_Config
                0x08000dec       0xcc Src/main.o
                0x08000dec                SystemClock_Config
 .text.MX_LTDC_Init
                0x08000eb8       0xa8 Src/main.o
                0x08000eb8                MX_LTDC_Init
 .text.BSP_SDRAM_Initialization_sequence
                0x08000f60       0x9c Src/main.o
                0x08000f60                BSP_SDRAM_Initialization_sequence
 .text.UART4_Init
                0x08000ffc       0x8c Src/main.o
                0x08000ffc                UART4_Init
 .text.UART7_Init
                0x08001088       0x90 Src/main.o
                0x08001088                UART7_Init
 .text.MX_TIM4_Init
                0x08001118       0xa8 Src/main.o
                0x08001118                MX_TIM4_Init
 .text.startup.main
                0x080011c0      0x228 Src/main.o
                0x080011c0                main
 .text.HAL_MspInit
                0x080013e8       0x60 Src/stm32f4xx_hal_msp.o
                0x080013e8                HAL_MspInit
 .text.HAL_LTDC_MspInit
                0x08001448       0xf8 Src/stm32f4xx_hal_msp.o
                0x08001448                HAL_LTDC_MspInit
 .text.HAL_SDRAM_MspInit
                0x08001540       0xd8 Src/stm32f4xx_hal_msp.o
                0x08001540                HAL_SDRAM_MspInit
 .text.NMI_Handler
                0x08001618        0x2 Src/stm32f4xx_it.o
                0x08001618                NMI_Handler
 .text.HardFault_Handler
                0x0800161a        0x2 Src/stm32f4xx_it.o
                0x0800161a                HardFault_Handler
 .text.MemManage_Handler
                0x0800161c        0x2 Src/stm32f4xx_it.o
                0x0800161c                MemManage_Handler
 .text.BusFault_Handler
                0x0800161e        0x2 Src/stm32f4xx_it.o
                0x0800161e                BusFault_Handler
 .text.UsageFault_Handler
                0x08001620        0x2 Src/stm32f4xx_it.o
                0x08001620                UsageFault_Handler
 .text.SVC_Handler
                0x08001622        0x2 Src/stm32f4xx_it.o
                0x08001622                SVC_Handler
 .text.DebugMon_Handler
                0x08001624        0x2 Src/stm32f4xx_it.o
                0x08001624                DebugMon_Handler
 .text.PendSV_Handler
                0x08001626        0x2 Src/stm32f4xx_it.o
                0x08001626                PendSV_Handler
 .text.SysTick_Handler
                0x08001628        0xe Src/stm32f4xx_it.o
                0x08001628                SysTick_Handler
 .text.GUI_X_Init
                0x08001636        0x2 STemWin/OS/GUI_X.o
                0x08001636                GUI_X_Init
 .text.GUI_X_Config
                0x08001638       0x20 STemWin/Config/GUIConf.o
                0x08001638                GUI_X_Config
 .text.LCD_X_Config
                0x08001658       0x60 STemWin/Config/LCDConf_Lin_Template.o
                0x08001658                LCD_X_Config
 .text.LCD_X_DisplayDriver
                0x080016b8       0x26 STemWin/Config/LCDConf_Lin_Template.o
                0x080016b8                LCD_X_DisplayDriver
 *fill*         0x080016de        0x2 
 .text.HAL_InitTick
                0x080016e0       0x28 Drivers/STM32F4xx_HAL_Driver/Src/stm32f4xx_hal.o
                0x080016e0                HAL_InitTick
 .text.HAL_Init
                0x08001708       0x34 Drivers/STM32F4xx_HAL_Driver/Src/stm32f4xx_hal.o
                0x08001708                HAL_Init
 .text.HAL_IncTick
                0x0800173c       0x10 Drivers/STM32F4xx_HAL_Driver/Src/stm32f4xx_hal.o
                0x0800173c                HAL_IncTick
 .text.HAL_GetTick
                0x0800174c        0xc Drivers/STM32F4xx_HAL_Driver/Src/stm32f4xx_hal.o
                0x0800174c                HAL_GetTick
 .text.HAL_Delay
                0x08001758       0x1e Drivers/STM32F4xx_HAL_Driver/Src/stm32f4xx_hal.o
                0x08001758                HAL_Delay
 *fill*         0x08001776        0x2 
 .text.HAL_NVIC_SetPriorityGrouping
                0x08001778       0x24 Drivers/STM32F4xx_HAL_Driver/Src/stm32f4xx_hal_cortex.o
                0x08001778                HAL_NVIC_SetPriorityGrouping
 .text.HAL_NVIC_SetPriority
                0x0800179c       0x60 Drivers/STM32F4xx_HAL_Driver/Src/stm32f4xx_hal_cortex.o
                0x0800179c                HAL_NVIC_SetPriority
 .text.HAL_NVIC_EnableIRQ
                0x080017fc       0x18 Drivers/STM32F4xx_HAL_Driver/Src/stm32f4xx_hal_cortex.o
                0x080017fc                HAL_NVIC_EnableIRQ
 .text.HAL_SYSTICK_Config
                0x08001814       0x2c Drivers/STM32F4xx_HAL_Driver/Src/stm32f4xx_hal_cortex.o
                0x08001814                HAL_SYSTICK_Config
 .text.HAL_SYSTICK_CLKSourceConfig
                0x08001840       0x18 Drivers/STM32F4xx_HAL_Driver/Src/stm32f4xx_hal_cortex.o
                0x08001840                HAL_SYSTICK_CLKSourceConfig
 .text.HAL_SYSTICK_Callback
                0x08001858        0x2 Drivers/STM32F4xx_HAL_Driver/Src/stm32f4xx_hal_cortex.o
                0x08001858                HAL_SYSTICK_Callback
 .text.HAL_SYSTICK_IRQHandler
                0x0800185a        0x8 Drivers/STM32F4xx_HAL_Driver/Src/stm32f4xx_hal_cortex.o
                0x0800185a                HAL_SYSTICK_IRQHandler
 *fill*         0x08001862        0x2 
 .text.HAL_GPIO_Init
                0x08001864      0x1e0 Drivers/STM32F4xx_HAL_Driver/Src/stm32f4xx_hal_gpio.o
                0x08001864                HAL_GPIO_Init
 .text.HAL_GPIO_WritePin
                0x08001a44        0x8 Drivers/STM32F4xx_HAL_Driver/Src/stm32f4xx_hal_gpio.o
                0x08001a44                HAL_GPIO_WritePin
 .text.LTDC_SetConfig
                0x08001a4c      0x112 Drivers/STM32F4xx_HAL_Driver/Src/stm32f4xx_hal_ltdc.o
 *fill*         0x08001b5e        0x2 
 .text.HAL_LTDC_Init
                0x08001b60       0xe8 Drivers/STM32F4xx_HAL_Driver/Src/stm32f4xx_hal_ltdc.o
                0x08001b60                HAL_LTDC_Init
 .text.HAL_LTDC_ConfigLayer
                0x08001c48       0x52 Drivers/STM32F4xx_HAL_Driver/Src/stm32f4xx_hal_ltdc.o
                0x08001c48                HAL_LTDC_ConfigLayer
 *fill*         0x08001c9a        0x2 
 .text.HAL_PWREx_EnableOverDrive
                0x08001c9c       0x98 Drivers/STM32F4xx_HAL_Driver/Src/stm32f4xx_hal_pwr_ex.o
                0x08001c9c                HAL_PWREx_EnableOverDrive
 .text.HAL_RCC_OscConfig
                0x08001d34      0x2c4 Drivers/STM32F4xx_HAL_Driver/Src/stm32f4xx_hal_rcc.o
                0x08001d34                HAL_RCC_OscConfig
 .text.HAL_RCC_GetSysClockFreq
                0x08001ff8       0x80 Drivers/STM32F4xx_HAL_Driver/Src/stm32f4xx_hal_rcc.o
                0x08001ff8                HAL_RCC_GetSysClockFreq
 .text.HAL_RCC_ClockConfig
                0x08002078      0x174 Drivers/STM32F4xx_HAL_Driver/Src/stm32f4xx_hal_rcc.o
                0x08002078                HAL_RCC_ClockConfig
 .text.HAL_RCC_GetHCLKFreq
                0x080021ec        0xc Drivers/STM32F4xx_HAL_Driver/Src/stm32f4xx_hal_rcc.o
                0x080021ec                HAL_RCC_GetHCLKFreq
 .text.HAL_RCC_GetPCLK1Freq
                0x080021f8       0x30 Drivers/STM32F4xx_HAL_Driver/Src/stm32f4xx_hal_rcc.o
                0x080021f8                HAL_RCC_GetPCLK1Freq
 .text.HAL_RCC_GetPCLK2Freq
                0x08002228       0x30 Drivers/STM32F4xx_HAL_Driver/Src/stm32f4xx_hal_rcc.o
                0x08002228                HAL_RCC_GetPCLK2Freq
 .text.HAL_RCCEx_PeriphCLKConfig
                0x08002258      0x2c0 Drivers/STM32F4xx_HAL_Driver/Src/stm32f4xx_hal_rcc_ex.o
                0x08002258                HAL_RCCEx_PeriphCLKConfig
 .text.HAL_SDRAM_Init
                0x08002518       0x40 Drivers/STM32F4xx_HAL_Driver/Src/stm32f4xx_hal_sdram.o
                0x08002518                HAL_SDRAM_Init
 .text.HAL_SDRAM_SendCommand
                0x08002558       0x2e Drivers/STM32F4xx_HAL_Driver/Src/stm32f4xx_hal_sdram.o
                0x08002558                HAL_SDRAM_SendCommand
 .text.HAL_SDRAM_ProgramRefreshRate
                0x08002586       0x24 Drivers/STM32F4xx_HAL_Driver/Src/stm32f4xx_hal_sdram.o
                0x08002586                HAL_SDRAM_ProgramRefreshRate
 *fill*         0x080025aa        0x2 
 .text.TIM_OC1_SetConfig
                0x080025ac       0x58 Drivers/STM32F4xx_HAL_Driver/Src/stm32f4xx_hal_tim.o
 .text.TIM_OC3_SetConfig
                0x08002604       0x60 Drivers/STM32F4xx_HAL_Driver/Src/stm32f4xx_hal_tim.o
 .text.TIM_OC4_SetConfig
                0x08002664       0x50 Drivers/STM32F4xx_HAL_Driver/Src/stm32f4xx_hal_tim.o
 .text.HAL_TIM_Base_MspInit
                0x080026b4        0x2 Drivers/STM32F4xx_HAL_Driver/Src/stm32f4xx_hal_tim.o
                0x080026b4                HAL_TIM_Base_MspInit
 .text.HAL_TIM_OC_MspInit
                0x080026b6        0x2 Drivers/STM32F4xx_HAL_Driver/Src/stm32f4xx_hal_tim.o
                0x080026b6                HAL_TIM_OC_MspInit
 .text.HAL_TIM_ConfigClockSource
                0x080026b8      0x174 Drivers/STM32F4xx_HAL_Driver/Src/stm32f4xx_hal_tim.o
                0x080026b8                HAL_TIM_ConfigClockSource
 .text.TIM_Base_SetConfig
                0x0800282c       0xc8 Drivers/STM32F4xx_HAL_Driver/Src/stm32f4xx_hal_tim.o
                0x0800282c                TIM_Base_SetConfig
 .text.HAL_TIM_Base_Init
                0x080028f4       0x34 Drivers/STM32F4xx_HAL_Driver/Src/stm32f4xx_hal_tim.o
                0x080028f4                HAL_TIM_Base_Init
 .text.HAL_TIM_OC_Init
                0x08002928       0x34 Drivers/STM32F4xx_HAL_Driver/Src/stm32f4xx_hal_tim.o
                0x08002928                HAL_TIM_OC_Init
 .text.TIM_OC2_SetConfig
                0x0800295c       0x64 Drivers/STM32F4xx_HAL_Driver/Src/stm32f4xx_hal_tim.o
                0x0800295c                TIM_OC2_SetConfig
 .text.HAL_TIM_OC_ConfigChannel
                0x080029c0       0x5c Drivers/STM32F4xx_HAL_Driver/Src/stm32f4xx_hal_tim.o
                0x080029c0                HAL_TIM_OC_ConfigChannel
 .text.TIM_CCxChannelCmd
                0x08002a1c       0x18 Drivers/STM32F4xx_HAL_Driver/Src/stm32f4xx_hal_tim.o
                0x08002a1c                TIM_CCxChannelCmd
 .text.HAL_TIM_PWM_Start
                0x08002a34       0x34 Drivers/STM32F4xx_HAL_Driver/Src/stm32f4xx_hal_tim.o
                0x08002a34                HAL_TIM_PWM_Start
 .text.HAL_TIMEx_MasterConfigSynchronization
                0x08002a68       0x44 Drivers/STM32F4xx_HAL_Driver/Src/stm32f4xx_hal_tim_ex.o
                0x08002a68                HAL_TIMEx_MasterConfigSynchronization
 .text.HAL_TIMEx_ConfigBreakDeadTime
                0x08002aac       0x40 Drivers/STM32F4xx_HAL_Driver/Src/stm32f4xx_hal_tim_ex.o
                0x08002aac                HAL_TIMEx_ConfigBreakDeadTime
 .text.UART_SetConfig
                0x08002aec      0x148 Drivers/STM32F4xx_HAL_Driver/Src/stm32f4xx_hal_uart.o
 .text.HAL_UART_MspInit
                0x08002c34        0x2 Drivers/STM32F4xx_HAL_Driver/Src/stm32f4xx_hal_uart.o
                0x08002c34                HAL_UART_MspInit
 .text.HAL_UART_Init
                0x08002c36       0x58 Drivers/STM32F4xx_HAL_Driver/Src/stm32f4xx_hal_uart.o
                0x08002c36                HAL_UART_Init
 .text.FMC_SDRAM_Init
                0x08002c8e       0x82 Drivers/STM32F4xx_HAL_Driver/Src/stm32f4xx_ll_fmc.o
                0x08002c8e                FMC_SDRAM_Init
 .text.FMC_SDRAM_Timing_Init
                0x08002d10       0x98 Drivers/STM32F4xx_HAL_Driver/Src/stm32f4xx_ll_fmc.o
                0x08002d10                FMC_SDRAM_Timing_Init
 .text.FMC_SDRAM_SendCommand
                0x08002da8       0x4c Drivers/STM32F4xx_HAL_Driver/Src/stm32f4xx_ll_fmc.o
                0x08002da8                FMC_SDRAM_SendCommand
 .text.FMC_SDRAM_ProgramRefreshRate
                0x08002df4        0xc Drivers/STM32F4xx_HAL_Driver/Src/stm32f4xx_ll_fmc.o
                0x08002df4                FMC_SDRAM_ProgramRefreshRate
 .text.SystemInit
                0x08002e00       0x4c Drivers/CMSIS/Device/ST/STM32F4xx/Source/Templates/system_stm32f4xx.o
                0x08002e00                SystemInit
 .text.Reset_Handler
                0x08002e4c       0x50 Drivers/CMSIS/Device/ST/STM32F4xx/Source/Templates/gcc/startup_stm32f429xx.o
                0x08002e4c                Reset_Handler
 .text.Default_Handler
                0x08002e9c        0x2 Drivers/CMSIS/Device/ST/STM32F4xx/Source/Templates/gcc/startup_stm32f429xx.o
                0x08002e9c                RTC_Alarm_IRQHandler
                0x08002e9c                HASH_RNG_IRQHandler
                0x08002e9c                EXTI2_IRQHandler
                0x08002e9c                TIM8_CC_IRQHandler
                0x08002e9c                UART8_IRQHandler
                0x08002e9c                SPI4_IRQHandler
                0x08002e9c                TIM1_CC_IRQHandler
                0x08002e9c                DMA2_Stream5_IRQHandler
                0x08002e9c                DMA1_Stream5_IRQHandler
                0x08002e9c                PVD_IRQHandler
                0x08002e9c                SDIO_IRQHandler
                0x08002e9c                TAMP_STAMP_IRQHandler
                0x08002e9c                CAN2_RX1_IRQHandler
                0x08002e9c                EXTI3_IRQHandler
                0x08002e9c                TIM8_TRG_COM_TIM14_IRQHandler
                0x08002e9c                TIM1_UP_TIM10_IRQHandler
                0x08002e9c                TIM8_UP_TIM13_IRQHandler
                0x08002e9c                I2C3_ER_IRQHandler
                0x08002e9c                EXTI0_IRQHandler
                0x08002e9c                I2C2_EV_IRQHandler
                0x08002e9c                DMA1_Stream2_IRQHandler
                0x08002e9c                CAN1_RX0_IRQHandler
                0x08002e9c                FPU_IRQHandler
                0x08002e9c                OTG_HS_WKUP_IRQHandler
                0x08002e9c                LTDC_ER_IRQHandler
                0x08002e9c                CAN2_SCE_IRQHandler
                0x08002e9c                DMA2_Stream2_IRQHandler
                0x08002e9c                SPI1_IRQHandler
                0x08002e9c                TIM6_DAC_IRQHandler
                0x08002e9c                TIM1_BRK_TIM9_IRQHandler
                0x08002e9c                DCMI_IRQHandler
                0x08002e9c                CAN2_RX0_IRQHandler
                0x08002e9c                DMA2_Stream3_IRQHandler
                0x08002e9c                USART6_IRQHandler
                0x08002e9c                USART3_IRQHandler
                0x08002e9c                CAN1_RX1_IRQHandler
                0x08002e9c                UART5_IRQHandler
                0x08002e9c                DMA2_Stream0_IRQHandler
                0x08002e9c                TIM4_IRQHandler
                0x08002e9c                I2C1_EV_IRQHandler
                0x08002e9c                DMA1_Stream6_IRQHandler
                0x08002e9c                DMA1_Stream1_IRQHandler
                0x08002e9c                TIM3_IRQHandler
                0x08002e9c                RCC_IRQHandler
                0x08002e9c                TIM8_BRK_TIM12_IRQHandler
                0x08002e9c                Default_Handler
                0x08002e9c                EXTI15_10_IRQHandler
                0x08002e9c                ADC_IRQHandler
                0x08002e9c                DMA1_Stream7_IRQHandler
                0x08002e9c                SPI5_IRQHandler
                0x08002e9c                TIM7_IRQHandler
                0x08002e9c                CAN2_TX_IRQHandler
                0x08002e9c                TIM5_IRQHandler
                0x08002e9c                DMA2_Stream7_IRQHandler
                0x08002e9c                I2C3_EV_IRQHandler
                0x08002e9c                EXTI9_5_IRQHandler
                0x08002e9c                RTC_WKUP_IRQHandler
                0x08002e9c                LTDC_IRQHandler
                0x08002e9c                ETH_WKUP_IRQHandler
                0x08002e9c                SPI2_IRQHandler
                0x08002e9c                OTG_HS_EP1_IN_IRQHandler
                0x08002e9c                DMA1_Stream0_IRQHandler
                0x08002e9c                CAN1_TX_IRQHandler
                0x08002e9c                EXTI4_IRQHandler
                0x08002e9c                ETH_IRQHandler
                0x08002e9c                OTG_HS_EP1_OUT_IRQHandler
                0x08002e9c                WWDG_IRQHandler
                0x08002e9c                SPI6_IRQHandler
                0x08002e9c                TIM2_IRQHandler
                0x08002e9c                OTG_FS_WKUP_IRQHandler
                0x08002e9c                TIM1_TRG_COM_TIM11_IRQHandler
                0x08002e9c                OTG_HS_IRQHandler
                0x08002e9c                DMA2D_IRQHandler
                0x08002e9c                EXTI1_IRQHandler
                0x08002e9c                USART2_IRQHandler
                0x08002e9c                I2C2_ER_IRQHandler
                0x08002e9c                DMA2_Stream1_IRQHandler
                0x08002e9c                CAN1_SCE_IRQHandler
                0x08002e9c                FLASH_IRQHandler
                0x08002e9c                DMA2_Stream4_IRQHandler
                0x08002e9c                USART1_IRQHandler
                0x08002e9c                OTG_FS_IRQHandler
                0x08002e9c                SPI3_IRQHandler
                0x08002e9c                DMA1_Stream4_IRQHandler
                0x08002e9c                I2C1_ER_IRQHandler
                0x08002e9c                FMC_IRQHandler
                0x08002e9c                DMA2_Stream6_IRQHandler
                0x08002e9c                SAI1_IRQHandler
                0x08002e9c                DMA1_Stream3_IRQHandler
 *fill*         0x08002e9e        0x2 
 .text.WM__SendMessage
                0x08002ea0       0x3c ../STemWin/Lib\STemWin532_CM4_GCC.a(WM__SendMessage.o)
                0x08002ea0                WM__SendMessage
 .text.WM_GetParent
                0x08002edc       0x10 ../STemWin/Lib\STemWin532_CM4_GCC.a(WM_GetParent.o)
                0x08002edc                WM_GetParent
 .text.WM_GetFirstChild
                0x08002eec       0x10 ../STemWin/Lib\STemWin532_CM4_GCC.a(WM_GetFirstChild.o)
                0x08002eec                WM_GetFirstChild
 .text.WM_GetDesktopWindow
                0x08002efc       0x18 ../STemWin/Lib\STemWin532_CM4_GCC.a(WM_GetDesktopWindow.o)
                0x08002efc                WM_GetDesktopWindow
 .text.WM__GetClientRectEx
                0x08002f14       0x22 ../STemWin/Lib\STemWin532_CM4_GCC.a(WM_GetClientRect.o)
                0x08002f14                WM__GetClientRectEx
 *fill*         0x08002f36        0x2 
 .text.WM_GetClientRect
                0x08002f38       0x1c ../STemWin/Lib\STemWin532_CM4_GCC.a(WM_GetClientRect.o)
                0x08002f38                WM_GetClientRect
 .text._OnExit  0x08002f54       0x50 ../STemWin/Lib\STemWin532_CM4_GCC.a(WM.o)
 .text._Findy1  0x08002fa4       0xac ../STemWin/Lib\STemWin532_CM4_GCC.a(WM.o)
 .text._Findx0  0x08003050       0x88 ../STemWin/Lib\STemWin532_CM4_GCC.a(WM.o)
 .text._Findx1  0x080030d8       0x76 ../STemWin/Lib\STemWin532_CM4_GCC.a(WM.o)
 *fill*         0x0800314e        0x2 
 .text.WM__ClipAtParentBorders
                0x08003150       0x5c ../STemWin/Lib\STemWin532_CM4_GCC.a(WM.o)
                0x08003150                WM__ClipAtParentBorders
 .text.WM__InsertWindowIntoList
                0x080031ac       0xa4 ../STemWin/Lib\STemWin532_CM4_GCC.a(WM.o)
                0x080031ac                WM__InsertWindowIntoList
 .text.WM__Client2Screen
                0x08003250       0x10 ../STemWin/Lib\STemWin532_CM4_GCC.a(WM.o)
                0x08003250                WM__Client2Screen
 .text._SetClipRectUserIntersect
                0x08003260       0x50 ../STemWin/Lib\STemWin532_CM4_GCC.a(WM.o)
 .text.WM__ActivateClipRect
                0x080032b0       0x48 ../STemWin/Lib\STemWin532_CM4_GCC.a(WM.o)
                0x080032b0                WM__ActivateClipRect
 .text.WM__InvalidateDrawAndDescs
                0x080032f8       0x50 ../STemWin/Lib\STemWin532_CM4_GCC.a(WM.o)
                0x080032f8                WM__InvalidateDrawAndDescs
 .text.WM__RectIsNZ
                0x08003348       0x22 ../STemWin/Lib\STemWin532_CM4_GCC.a(WM.o)
                0x08003348                WM__RectIsNZ
 *fill*         0x0800336a        0x2 
 .text._Invalidate1Abs
                0x0800336c       0x88 ../STemWin/Lib\STemWin532_CM4_GCC.a(WM.o)
 .text.WM__Invalidate1Abs
                0x080033f4        0x6 ../STemWin/Lib\STemWin532_CM4_GCC.a(WM.o)
                0x080033f4                WM__Invalidate1Abs
 .text.WM_InvalidateWindowAndDescsEx
                0x080033fa       0x64 ../STemWin/Lib\STemWin532_CM4_GCC.a(WM.o)
                0x080033fa                WM_InvalidateWindowAndDescsEx
 .text.WM__InvalidateRect
                0x0800345e       0x78 ../STemWin/Lib\STemWin532_CM4_GCC.a(WM.o)
                0x0800345e                WM__InvalidateRect
 .text.WM__InvalidateRectEx
                0x080034d6        0x6 ../STemWin/Lib\STemWin532_CM4_GCC.a(WM.o)
                0x080034d6                WM__InvalidateRectEx
 .text.WM__SendMsgNoData
                0x080034dc       0x16 ../STemWin/Lib\STemWin532_CM4_GCC.a(WM.o)
                0x080034dc                WM__SendMsgNoData
 .text.WM__GetClientRectWin
                0x080034f2       0x18 ../STemWin/Lib\STemWin532_CM4_GCC.a(WM.o)
                0x080034f2                WM__GetClientRectWin
 .text.WM_InvalidateRect
                0x0800350a       0x78 ../STemWin/Lib\STemWin532_CM4_GCC.a(WM.o)
                0x0800350a                WM_InvalidateRect
 .text.WM_InvalidateWindow
                0x08003582        0x6 ../STemWin/Lib\STemWin532_CM4_GCC.a(WM.o)
                0x08003582                WM_InvalidateWindow
 .text.WM__GetTopLevelLayer
                0x08003588       0x28 ../STemWin/Lib\STemWin532_CM4_GCC.a(WM.o)
                0x08003588                WM__GetTopLevelLayer
 .text.WM__SelectTopLevelLayer
                0x080035b0       0x14 ../STemWin/Lib\STemWin532_CM4_GCC.a(WM.o)
                0x080035b0                WM__SelectTopLevelLayer
 .text.WM_SelectWindow
                0x080035c4       0x40 ../STemWin/Lib\STemWin532_CM4_GCC.a(WM.o)
                0x080035c4                WM_SelectWindow
 .text.WM_CreateWindowAsChild
                0x08003604      0x154 ../STemWin/Lib\STemWin532_CM4_GCC.a(WM.o)
                0x08003604                WM_CreateWindowAsChild
 .text.WM__GetNextIVR
                0x08003758      0x184 ../STemWin/Lib\STemWin532_CM4_GCC.a(WM.o)
                0x08003758                WM__GetNextIVR
 .text.WM__InitIVRSearch
                0x080038dc       0xfc ../STemWin/Lib\STemWin532_CM4_GCC.a(WM.o)
                0x080038dc                WM__InitIVRSearch
 .text.WM_Activate
                0x080039d8       0x10 ../STemWin/Lib\STemWin532_CM4_GCC.a(WM.o)
                0x080039d8                WM_Activate
 .text.WM_DefaultProc
                0x080039e8       0x48 ../STemWin/Lib\STemWin532_CM4_GCC.a(WM.o)
                0x080039e8                WM_DefaultProc
 .text._cbBackWin
                0x08003a30       0x68 ../STemWin/Lib\STemWin532_CM4_GCC.a(WM.o)
 .text.WM_Init  0x08003a98       0xf4 ../STemWin/Lib\STemWin532_CM4_GCC.a(WM.o)
                0x08003a98                WM_Init
 .text.GUI_MEMDEV_GetDataPtr
                0x08003b8c       0x1e ../STemWin/Lib\STemWin532_CM4_GCC.a(GUIDEV_GetDataPtr.o)
                0x08003b8c                GUI_MEMDEV_GetDataPtr
 .text.GUI_MEMDEV_GetBitsPerPixel
                0x08003baa       0x2a ../STemWin/Lib\STemWin532_CM4_GCC.a(GUIDEV.o)
                0x08003baa                GUI_MEMDEV_GetBitsPerPixel
 .text.GUI_MEMDEV_Delete
                0x08003bd4       0x44 ../STemWin/Lib\STemWin532_CM4_GCC.a(GUIDEV.o)
                0x08003bd4                GUI_MEMDEV_Delete
 .text._GetRect
                0x08003c18       0x16 ../STemWin/Lib\STemWin532_CM4_GCC.a(GUIDRV_Lin_16.o)
 .text._SetPixelIndex
                0x08003c2e       0x12 ../STemWin/Lib\STemWin532_CM4_GCC.a(GUIDRV_Lin_16.o)
 .text._GetPixelIndex
                0x08003c40       0x10 ../STemWin/Lib\STemWin532_CM4_GCC.a(GUIDRV_Lin_16.o)
 .text._XorPixel
                0x08003c50       0x28 ../STemWin/Lib\STemWin532_CM4_GCC.a(GUIDRV_Lin_16.o)
 .text._GetDevProp
                0x08003c78       0x3c ../STemWin/Lib\STemWin532_CM4_GCC.a(GUIDRV_Lin_16.o)
 .text._GetDevData
                0x08003cb4       0x10 ../STemWin/Lib\STemWin532_CM4_GCC.a(GUIDRV_Lin_16.o)
 .text._ReadRect
                0x08003cc4       0x4c ../STemWin/Lib\STemWin532_CM4_GCC.a(GUIDRV_Lin_16.o)
 .text._GetDevFunc
                0x08003d10       0xdc ../STemWin/Lib\STemWin532_CM4_GCC.a(GUIDRV_Lin_16.o)
 .text._SetChroma
                0x08003dec       0x16 ../STemWin/Lib\STemWin532_CM4_GCC.a(GUIDRV_Lin_16.o)
 .text._SetChromaMode
                0x08003e02       0x16 ../STemWin/Lib\STemWin532_CM4_GCC.a(GUIDRV_Lin_16.o)
 .text._SetAlphaMode
                0x08003e18       0x16 ../STemWin/Lib\STemWin532_CM4_GCC.a(GUIDRV_Lin_16.o)
 .text._Off     0x08003e2e        0xa ../STemWin/Lib\STemWin532_CM4_GCC.a(GUIDRV_Lin_16.o)
 .text._On      0x08003e38        0xa ../STemWin/Lib\STemWin532_CM4_GCC.a(GUIDRV_Lin_16.o)
 .text._SetOrg  0x08003e42       0x94 ../STemWin/Lib\STemWin532_CM4_GCC.a(GUIDRV_Lin_16.o)
 *fill*         0x08003ed6        0x2 
 .text._FillRect
                0x08003ed8      0x1b8 ../STemWin/Lib\STemWin532_CM4_GCC.a(GUIDRV_Lin_16.o)
 .text._DrawHLine
                0x08004090        0xe ../STemWin/Lib\STemWin532_CM4_GCC.a(GUIDRV_Lin_16.o)
 .text._DrawVLine
                0x0800409e       0x10 ../STemWin/Lib\STemWin532_CM4_GCC.a(GUIDRV_Lin_16.o)
 .text._InitOnce.isra.2
                0x080040ae       0x24 ../STemWin/Lib\STemWin532_CM4_GCC.a(GUIDRV_Lin_16.o)
 .text._SetDevFunc
                0x080040d2       0x44 ../STemWin/Lib\STemWin532_CM4_GCC.a(GUIDRV_Lin_16.o)
 .text._GetPos  0x08004116       0x1c ../STemWin/Lib\STemWin532_CM4_GCC.a(GUIDRV_Lin_16.o)
 .text._ShowBuffer
                0x08004132       0x26 ../STemWin/Lib\STemWin532_CM4_GCC.a(GUIDRV_Lin_16.o)
 .text._Init    0x08004158       0x1a ../STemWin/Lib\STemWin532_CM4_GCC.a(GUIDRV_Lin_16.o)
 .text._SetVis  0x08004172       0x28 ../STemWin/Lib\STemWin532_CM4_GCC.a(GUIDRV_Lin_16.o)
 .text._SetAlpha
                0x0800419a       0x28 ../STemWin/Lib\STemWin532_CM4_GCC.a(GUIDRV_Lin_16.o)
 .text._SetVRAMAddr
                0x080041c2       0x2a ../STemWin/Lib\STemWin532_CM4_GCC.a(GUIDRV_Lin_16.o)
 .text._CopyBuffer
                0x080041ec       0x52 ../STemWin/Lib\STemWin532_CM4_GCC.a(GUIDRV_Lin_16.o)
 .text._SetPos  0x0800423e       0xe6 ../STemWin/Lib\STemWin532_CM4_GCC.a(GUIDRV_Lin_16.o)
 .text._SetSize
                0x08004324       0x42 ../STemWin/Lib\STemWin532_CM4_GCC.a(GUIDRV_Lin_16.o)
 .text._SetVSize
                0x08004366       0x26 ../STemWin/Lib\STemWin532_CM4_GCC.a(GUIDRV_Lin_16.o)
 .text._DrawBitmap
                0x0800438c      0x600 ../STemWin/Lib\STemWin532_CM4_GCC.a(GUIDRV_Lin_16.o)
 .text.LCD_UpdateColorIndices
                0x0800498c       0x24 ../STemWin/Lib\STemWin532_CM4_GCC.a(LCD_UpdateColorIndices.o)
                0x0800498c                LCD_UpdateColorIndices
 .text.LCD_SetClipRectEx
                0x080049b0       0x30 ../STemWin/Lib\STemWin532_CM4_GCC.a(LCD_SetClipRectEx.o)
                0x080049b0                LCD_SetClipRectEx
 .text.LCD_SetVRAMAddrEx
                0x080049e0       0x2c ../STemWin/Lib\STemWin532_CM4_GCC.a(LCD_Set.o)
                0x080049e0                LCD_SetVRAMAddrEx
 .text.LCD_SetVSizeEx
                0x08004a0c       0x30 ../STemWin/Lib\STemWin532_CM4_GCC.a(LCD_Set.o)
                0x08004a0c                LCD_SetVSizeEx
 .text.LCD_SetSizeEx
                0x08004a3c       0x30 ../STemWin/Lib\STemWin532_CM4_GCC.a(LCD_Set.o)
                0x08004a3c                LCD_SetSizeEx
 .text.LCD_SetLUTEntryEx
                0x08004a6c       0x30 ../STemWin/Lib\STemWin532_CM4_GCC.a(LCD_Set.o)
                0x08004a6c                LCD_SetLUTEntryEx
 .text._GetDevProp
                0x08004a9c       0x1e ../STemWin/Lib\STemWin532_CM4_GCC.a(LCD_GetEx.o)
 .text._GetMaxValue
                0x08004aba       0x22 ../STemWin/Lib\STemWin532_CM4_GCC.a(LCD_GetEx.o)
 .text.LCD_GetBitsPerPixelEx
                0x08004adc        0x6 ../STemWin/Lib\STemWin532_CM4_GCC.a(LCD_GetEx.o)
                0x08004adc                LCD_GetBitsPerPixelEx
 .text.LCD_GetNumColorsEx
                0x08004ae2        0x6 ../STemWin/Lib\STemWin532_CM4_GCC.a(LCD_GetEx.o)
                0x08004ae2                LCD_GetNumColorsEx
 .text.LCD_GetMirrorXEx
                0x08004ae8        0x6 ../STemWin/Lib\STemWin532_CM4_GCC.a(LCD_GetEx.o)
                0x08004ae8                LCD_GetMirrorXEx
 .text.LCD_GetMirrorYEx
                0x08004aee        0x6 ../STemWin/Lib\STemWin532_CM4_GCC.a(LCD_GetEx.o)
                0x08004aee                LCD_GetMirrorYEx
 .text.LCD_GetSwapXYEx
                0x08004af4        0x6 ../STemWin/Lib\STemWin532_CM4_GCC.a(LCD_GetEx.o)
                0x08004af4                LCD_GetSwapXYEx
 *fill*         0x08004afa        0x2 
 .text.LCD_GetNumColors
                0x08004afc       0x10 ../STemWin/Lib\STemWin532_CM4_GCC.a(LCD_GetEx.o)
                0x08004afc                LCD_GetNumColors
 .text.LCD_GetSwapXY
                0x08004b0c       0x10 ../STemWin/Lib\STemWin532_CM4_GCC.a(LCD_GetEx.o)
                0x08004b0c                LCD_GetSwapXY
 .text.GUI_GetBitsPerPixelEx
                0x08004b1c       0x18 ../STemWin/Lib\STemWin532_CM4_GCC.a(LCD_GetEx.o)
                0x08004b1c                GUI_GetBitsPerPixelEx
 .text.LCD_GetPaletteEx
                0x08004b34       0x14 ../STemWin/Lib\STemWin532_CM4_GCC.a(LCD_GetEx.o)
                0x08004b34                LCD_GetPaletteEx
 .text.LCD_GetPalette
                0x08004b48       0x10 ../STemWin/Lib\STemWin532_CM4_GCC.a(LCD_GetEx.o)
                0x08004b48                LCD_GetPalette
 .text.GUI_GetpfIndex2ColorEx
                0x08004b58       0x10 ../STemWin/Lib\STemWin532_CM4_GCC.a(LCD_GetEx.o)
                0x08004b58                GUI_GetpfIndex2ColorEx
 .text.GUI_GetpfColor2IndexEx
                0x08004b68       0x10 ../STemWin/Lib\STemWin532_CM4_GCC.a(LCD_GetEx.o)
                0x08004b68                GUI_GetpfColor2IndexEx
 .text.LCD_GetXSizeMax
                0x08004b78        0x6 ../STemWin/Lib\STemWin532_CM4_GCC.a(LCD_GetEx.o)
                0x08004b78                LCD_GetXSizeMax
 .text.LCD_GetYSizeMax
                0x08004b7e        0x6 ../STemWin/Lib\STemWin532_CM4_GCC.a(LCD_GetEx.o)
                0x08004b7e                LCD_GetYSizeMax
 .text.LCD_SetDisplaySize
                0x08004b84       0x14 ../STemWin/Lib\STemWin532_CM4_GCC.a(LCD_GetEx.o)
                0x08004b84                LCD_SetDisplaySize
 .text.LCD_GetXSizeDisplay
                0x08004b98        0xc ../STemWin/Lib\STemWin532_CM4_GCC.a(LCD_GetEx.o)
                0x08004b98                LCD_GetXSizeDisplay
 .text.LCD_GetYSizeDisplay
                0x08004ba4        0xc ../STemWin/Lib\STemWin532_CM4_GCC.a(LCD_GetEx.o)
                0x08004ba4                LCD_GetYSizeDisplay
 .text.LCD__GetBPP
                0x08004bb0       0x7e ../STemWin/Lib\STemWin532_CM4_GCC.a(LCD_GetEx.o)
                0x08004bb0                LCD__GetBPP
 .text.LCD__GetBPPDevice
                0x08004c2e       0x2c ../STemWin/Lib\STemWin532_CM4_GCC.a(LCD_GetEx.o)
                0x08004c2e                LCD__GetBPPDevice
 *fill*         0x08004c5a        0x2 
 .text._SetDrawMode
                0x08004c5c       0x28 ../STemWin/Lib\STemWin532_CM4_GCC.a(LCD.o)
 .text.LCD_SetDrawMode
                0x08004c84       0x10 ../STemWin/Lib\STemWin532_CM4_GCC.a(LCD.o)
                0x08004c84                LCD_SetDrawMode
 .text.LCD_DrawPixel
                0x08004c94       0x5c ../STemWin/Lib\STemWin532_CM4_GCC.a(LCD.o)
                0x08004c94                LCD_DrawPixel
 .text.LCD_DrawHLine
                0x08004cf0       0x4c ../STemWin/Lib\STemWin532_CM4_GCC.a(LCD.o)
                0x08004cf0                LCD_DrawHLine
 .text.LCD_DrawVLine
                0x08004d3c       0x4c ../STemWin/Lib\STemWin532_CM4_GCC.a(LCD.o)
                0x08004d3c                LCD_DrawVLine
 .text.LCD_FillRect
                0x08004d88       0x58 ../STemWin/Lib\STemWin532_CM4_GCC.a(LCD.o)
                0x08004d88                LCD_FillRect
 .text.LCD__DrawBitmap_1bpp
                0x08004de0      0x1b8 ../STemWin/Lib\STemWin532_CM4_GCC.a(LCD.o)
                0x08004de0                LCD__DrawBitmap_1bpp
 .text.LCD_DrawBitmap
                0x08004f98      0x218 ../STemWin/Lib\STemWin532_CM4_GCC.a(LCD.o)
                0x08004f98                LCD_DrawBitmap
 .text.LCD_SetClipRectMax
                0x080051b0       0x20 ../STemWin/Lib\STemWin532_CM4_GCC.a(LCD.o)
                0x080051b0                LCD_SetClipRectMax
 .text.emWin_LCD_Init
                0x080051d0       0x92 ../STemWin/Lib\STemWin532_CM4_GCC.a(LCD.o)
                0x080051d0                emWin_LCD_Init
 *fill*         0x08005262        0x2 
 .text.LCD_Color2Index
                0x08005264       0x20 ../STemWin/Lib\STemWin532_CM4_GCC.a(LCD.o)
                0x08005264                LCD_Color2Index
 .text.LCD_Index2Color
                0x08005284       0x20 ../STemWin/Lib\STemWin532_CM4_GCC.a(LCD.o)
                0x08005284                LCD_Index2Color
 .text.LCD_SetColorIndex
                0x080052a4       0x18 ../STemWin/Lib\STemWin532_CM4_GCC.a(LCD.o)
                0x080052a4                LCD_SetColorIndex
 .text._SetColor
                0x080052bc       0x20 ../STemWin/Lib\STemWin532_CM4_GCC.a(LCD.o)
 .text.LCD_SetBkColorIndex
                0x080052dc       0x18 ../STemWin/Lib\STemWin532_CM4_GCC.a(LCD.o)
                0x080052dc                LCD_SetBkColorIndex
 .text._SetBkColor
                0x080052f4       0x20 ../STemWin/Lib\STemWin532_CM4_GCC.a(LCD.o)
 .text.LCD_SetBkColor
                0x08005314       0x10 ../STemWin/Lib\STemWin532_CM4_GCC.a(LCD.o)
                0x08005314                LCD_SetBkColor
 .text.LCD_SetColor
                0x08005324       0x10 ../STemWin/Lib\STemWin532_CM4_GCC.a(LCD.o)
                0x08005324                LCD_SetColor
 .text.GUI__memset
                0x08005334       0x54 ../STemWin/Lib\STemWin532_CM4_GCC.a(GUI__memset.o)
                0x08005334                GUI__memset
 .text.GUI__ManageCacheEx
                0x08005388       0xe8 ../STemWin/Lib\STemWin532_CM4_GCC.a(GUI__ManageCache.o)
                0x08005388                GUI__ManageCacheEx
 .text.GUI__ManageCache
                0x08005470       0x10 ../STemWin/Lib\STemWin532_CM4_GCC.a(GUI__ManageCache.o)
                0x08005470                GUI__ManageCache
 .text.GUI__IntersectRects
                0x08005480       0x64 ../STemWin/Lib\STemWin532_CM4_GCC.a(GUI__IntersectRects.o)
                0x08005480                GUI__IntersectRects
 .text.GUI__IntersectRect
                0x080054e4       0x3c ../STemWin/Lib\STemWin532_CM4_GCC.a(GUI__IntersectRect.o)
                0x080054e4                GUI__IntersectRect
 .text.GUI_SignalEvent
                0x08005520       0x10 ../STemWin/Lib\STemWin532_CM4_GCC.a(GUI_WaitEvent.o)
                0x08005520                GUI_SignalEvent
 .text.GUI_SetTextMode
                0x08005530       0x14 ../STemWin/Lib\STemWin532_CM4_GCC.a(GUI_SetTextMode.o)
                0x08005530                GUI_SetTextMode
 .text.GUI_SetFont
                0x08005544       0x14 ../STemWin/Lib\STemWin532_CM4_GCC.a(GUI_SetFont.o)
                0x08005544                GUI_SetFont
 .text.GUI_SetBkColor
                0x08005558        0x4 ../STemWin/Lib\STemWin532_CM4_GCC.a(GUI_SetColor.o)
                0x08005558                GUI_SetBkColor
 .text.GUI_SetColor
                0x0800555c        0x4 ../STemWin/Lib\STemWin532_CM4_GCC.a(GUI_SetColor.o)
                0x0800555c                GUI_SetColor
 .text.GUI_SelectLayer
                0x08005560       0x2c ../STemWin/Lib\STemWin532_CM4_GCC.a(GUI_SelectLayer.o)
                0x08005560                GUI_SelectLayer
 .text.GUI_SelectLCD
                0x0800558c       0x12 ../STemWin/Lib\STemWin532_CM4_GCC.a(GUI_SelectLCD.o)
                0x0800558c                GUI_SelectLCD
 .text.GUI_RectsIntersect
                0x0800559e       0x3a ../STemWin/Lib\STemWin532_CM4_GCC.a(GUI_RectsIntersect.o)
                0x0800559e                GUI_RectsIntersect
 .text.GUI_StoreKey
                0x080055d8       0x10 ../STemWin/Lib\STemWin532_CM4_GCC.a(GUI_OnKey.o)
                0x080055d8                GUI_StoreKey
 .text.GUI_MoveRect
                0x080055e8       0x20 ../STemWin/Lib\STemWin532_CM4_GCC.a(GUI_MoveRect.o)
                0x080055e8                GUI_MoveRect
 .text.GUI_MergeRect
                0x08005608       0x56 ../STemWin/Lib\STemWin532_CM4_GCC.a(GUI_MergeRect.o)
                0x08005608                GUI_MergeRect
 *fill*         0x0800565e        0x2 
 .text.GUI_GotoXY
                0x08005660       0x10 ../STemWin/Lib\STemWin532_CM4_GCC.a(GUI_Goto.o)
                0x08005660                GUI_GotoXY
 .text.GUI_GetFontSizeY
                0x08005670        0x4 ../STemWin/Lib\STemWin532_CM4_GCC.a(GUI_GetFontSizeY.o)
                0x08005670                GUI_GetFontSizeY
 .text.GUI_FillRect
                0x08005674       0x44 ../STemWin/Lib\STemWin532_CM4_GCC.a(GUI_FillRect.o)
                0x08005674                GUI_FillRect
 .text.GUI_DrawVLine
                0x080056b8       0x44 ../STemWin/Lib\STemWin532_CM4_GCC.a(GUI_DrawVLine.o)
                0x080056b8                GUI_DrawVLine
 .text.GUI__DispStringInRect
                0x080056fc      0x14c ../STemWin/Lib\STemWin532_CM4_GCC.a(GUI_DispStringInRect.o)
                0x080056fc                GUI__DispStringInRect
 .text.GUI_DispStringInRectMax
                0x08005848       0x46 ../STemWin/Lib\STemWin532_CM4_GCC.a(GUI_DispStringInRect.o)
                0x08005848                GUI_DispStringInRectMax
 .text.GUI_DispStringInRect
                0x0800588e        0x8 ../STemWin/Lib\STemWin532_CM4_GCC.a(GUI_DispStringInRect.o)
                0x0800588e                GUI_DispStringInRect
 *fill*         0x08005896        0x2 
 .text.GUI_DispString
                0x08005898      0x108 ../STemWin/Lib\STemWin532_CM4_GCC.a(GUI_DispString.o)
                0x08005898                GUI_DispString
 .text.CL_DispChar
                0x080059a0       0x88 ../STemWin/Lib\STemWin532_CM4_GCC.a(GUI_DispChar.o)
 .text.GUI_DispChar
                0x08005a28        0x4 ../STemWin/Lib\STemWin532_CM4_GCC.a(GUI_DispChar.o)
                0x08005a28                GUI_DispChar
 .text.GUI_DEVICE__GetpDriver
                0x08005a2c       0x20 ../STemWin/Lib\STemWin532_CM4_GCC.a(GUI_Device.o)
                0x08005a2c                GUI_DEVICE__GetpDriver
 .text.GUI_DEVICE_Delete
                0x08005a4c        0x4 ../STemWin/Lib\STemWin532_CM4_GCC.a(GUI_Device.o)
                0x08005a4c                GUI_DEVICE_Delete
 .text.GUI_DEVICE_Create
                0x08005a50       0x4c ../STemWin/Lib\STemWin532_CM4_GCC.a(GUI_Device.o)
                0x08005a50                GUI_DEVICE_Create
 .text.GUI_DEVICE_Unlink
                0x08005a9c       0x2c ../STemWin/Lib\STemWin532_CM4_GCC.a(GUI_Device.o)
                0x08005a9c                GUI_DEVICE_Unlink
 .text.GUI_DEVICE_Link
                0x08005ac8       0x74 ../STemWin/Lib\STemWin532_CM4_GCC.a(GUI_Device.o)
                0x08005ac8                GUI_DEVICE_Link
 .text.GUI_DEVICE_CreateAndLink
                0x08005b3c       0x28 ../STemWin/Lib\STemWin532_CM4_GCC.a(GUI_Device.o)
                0x08005b3c                GUI_DEVICE_CreateAndLink
 .text._OnExit  0x08005b64       0x2c ../STemWin/Lib\STemWin532_CM4_GCC.a(GUI_Core.o)
 .text._InitContext
                0x08005b90       0x80 ../STemWin/Lib\STemWin532_CM4_GCC.a(GUI_Core.o)
 .text.GUI_SetDefaultFont
                0x08005c10        0xc ../STemWin/Lib\STemWin532_CM4_GCC.a(GUI_Core.o)
                0x08005c10                GUI_SetDefaultFont
 .text.GUI_ClearRect
                0x08005c1c       0x64 ../STemWin/Lib\STemWin532_CM4_GCC.a(GUI_Core.o)
                0x08005c1c                GUI_ClearRect
 .text.GUI_Clear
                0x08005c80       0x20 ../STemWin/Lib\STemWin532_CM4_GCC.a(GUI_Core.o)
                0x08005c80                GUI_Clear
 .text.GUI__RegisterExit
                0x08005ca0       0x24 ../STemWin/Lib\STemWin532_CM4_GCC.a(GUI_Core.o)
                0x08005ca0                GUI__RegisterExit
 .text.GUI__Config
                0x08005cc4       0x30 ../STemWin/Lib\STemWin532_CM4_GCC.a(GUI_Core.o)
                0x08005cc4                GUI__Config
 .text.GUI_Init
                0x08005cf4       0xa8 ../STemWin/Lib\STemWin532_CM4_GCC.a(GUI_Core.o)
                0x08005cf4                GUI_Init
 .text.Draw8Point
                0x08005d9c       0x98 ../STemWin/Lib\STemWin532_CM4_GCC.a(GUI_Circ.o)
 .text.GL_DrawCircle
                0x08005e34       0x64 ../STemWin/Lib\STemWin532_CM4_GCC.a(GUI_Circ.o)
                0x08005e34                GL_DrawCircle
 .text.GUI_DrawCircle
                0x08005e98       0x50 ../STemWin/Lib\STemWin532_CM4_GCC.a(GUI_Circ.o)
                0x08005e98                GUI_DrawCircle
 .text.GL_FillCircle
                0x08005ee8       0xc4 ../STemWin/Lib\STemWin532_CM4_GCC.a(GUI_Circ.o)
                0x08005ee8                GL_FillCircle
 .text.GUI_FillCircle
                0x08005fac       0x34 ../STemWin/Lib\STemWin532_CM4_GCC.a(GUI_Circ.o)
                0x08005fac                GUI_FillCircle
 .text.GUIPROP__FindChar
                0x08005fe0       0x14 ../STemWin/Lib\STemWin532_CM4_GCC.a(GUI_CharP.o)
                0x08005fe0                GUIPROP__FindChar
 .text.GUIPROP_DispChar
                0x08005ff4       0xec ../STemWin/Lib\STemWin532_CM4_GCC.a(GUI_CharP.o)
                0x08005ff4                GUIPROP_DispChar
 .text.GUIPROP_GetCharDistX
                0x080060e0       0x3c ../STemWin/Lib\STemWin532_CM4_GCC.a(GUI_CharP.o)
                0x080060e0                GUIPROP_GetCharDistX
 .text.GUIPROP_GetFontInfo
                0x0800611c        0x6 ../STemWin/Lib\STemWin532_CM4_GCC.a(GUI_CharP.o)
                0x0800611c                GUIPROP_GetFontInfo
 .text.GUIPROP_IsInFont
                0x08006122       0x10 ../STemWin/Lib\STemWin532_CM4_GCC.a(GUI_CharP.o)
                0x08006122                GUIPROP_IsInFont
 *fill*         0x08006132        0x2 
 .text.GUIMONO_DispChar
                0x08006134      0x150 ../STemWin/Lib\STemWin532_CM4_GCC.a(GUI_CharM.o)
                0x08006134                GUIMONO_DispChar
 .text.GUIMONO_GetCharDistX
                0x08006284       0x18 ../STemWin/Lib\STemWin532_CM4_GCC.a(GUI_CharM.o)
                0x08006284                GUIMONO_GetCharDistX
 .text.GUIMONO_GetFontInfo
                0x0800629c        0x6 ../STemWin/Lib\STemWin532_CM4_GCC.a(GUI_CharM.o)
                0x0800629c                GUIMONO_GetFontInfo
 .text.GUIMONO_IsInFont
                0x080062a2       0x36 ../STemWin/Lib\STemWin532_CM4_GCC.a(GUI_CharM.o)
                0x080062a2                GUIMONO_IsInFont
 .text._Log2VisBuffered
                0x080062d8        0x2 ../STemWin/Lib\STemWin532_CM4_GCC.a(GUI_CharLine.o)
 *fill*         0x080062da        0x2 
 .text._DispLine
                0x080062dc       0x7c ../STemWin/Lib\STemWin532_CM4_GCC.a(GUI_CharLine.o)
 .text.GUI__GetLineNumChars
                0x08006358       0x3c ../STemWin/Lib\STemWin532_CM4_GCC.a(GUI_CharLine.o)
                0x08006358                GUI__GetLineNumChars
 .text.GUI__GetOverlap
                0x08006394       0x1e ../STemWin/Lib\STemWin532_CM4_GCC.a(GUI_CharLine.o)
                0x08006394                GUI__GetOverlap
 *fill*         0x080063b2        0x2 
 .text.GUI__GetLineDistX
                0x080063b4       0x60 ../STemWin/Lib\STemWin532_CM4_GCC.a(GUI_CharLine.o)
                0x080063b4                GUI__GetLineDistX
 .text.GUI__DispLine
                0x08006414       0xa8 ../STemWin/Lib\STemWin532_CM4_GCC.a(GUI_CharLine.o)
                0x08006414                GUI__DispLine
 .text.GUI_GetYAdjust
                0x080064bc       0x30 ../STemWin/Lib\STemWin532_CM4_GCC.a(GUI_Char.o)
                0x080064bc                GUI_GetYAdjust
 .text.GUI_GetFontDistY
                0x080064ec       0x10 ../STemWin/Lib\STemWin532_CM4_GCC.a(GUI_Char.o)
                0x080064ec                GUI_GetFontDistY
 .text.GUI_DispNextLine
                0x080064fc       0x1c ../STemWin/Lib\STemWin532_CM4_GCC.a(GUI_Char.o)
                0x080064fc                GUI_DispNextLine
 .text.GL_DispChar
                0x08006518       0x34 ../STemWin/Lib\STemWin532_CM4_GCC.a(GUI_Char.o)
                0x08006518                GL_DispChar
 .text.GUI_GetCharDistX
                0x0800654c       0x14 ../STemWin/Lib\STemWin532_CM4_GCC.a(GUI_Char.o)
                0x0800654c                GUI_GetCharDistX
 .text.GUI_GetCharDistXEx
                0x08006560       0x14 ../STemWin/Lib\STemWin532_CM4_GCC.a(GUI_Char.o)
                0x08006560                GUI_GetCharDistXEx
 .text._PushFreeBlock
                0x08006574       0x24 ../STemWin/Lib\STemWin532_CM4_GCC.a(GUI_Alloc.o)
 .text._OnExit  0x08006598       0x38 ../STemWin/Lib\STemWin532_CM4_GCC.a(GUI_Alloc.o)
 .text._RemoveFreeBlock
                0x080065d0       0x40 ../STemWin/Lib\STemWin532_CM4_GCC.a(GUI_Alloc.o)
 .text._AddFreeMemory
                0x08006610       0xa0 ../STemWin/Lib\STemWin532_CM4_GCC.a(GUI_Alloc.o)
 .text._RemoveHoles
                0x080066b0       0x9c ../STemWin/Lib\STemWin532_CM4_GCC.a(GUI_Alloc.o)
 .text.GUI_ALLOC_FreeFixedBlock
                0x0800674c       0x14 ../STemWin/Lib\STemWin532_CM4_GCC.a(GUI_Alloc.o)
                0x0800674c                GUI_ALLOC_FreeFixedBlock
 .text.GUI_ALLOC_h2p
                0x08006760       0x14 ../STemWin/Lib\STemWin532_CM4_GCC.a(GUI_Alloc.o)
                0x08006760                GUI_ALLOC_h2p
 .text.GUI_ALLOC_LockH
                0x08006774       0x1c ../STemWin/Lib\STemWin532_CM4_GCC.a(GUI_Alloc.o)
                0x08006774                GUI_ALLOC_LockH
 .text.GUI_ALLOC_UnlockH
                0x08006790       0x30 ../STemWin/Lib\STemWin532_CM4_GCC.a(GUI_Alloc.o)
                0x08006790                GUI_ALLOC_UnlockH
 .text.GUI_ALLOC_AssignMemory
                0x080067c0       0x10 ../STemWin/Lib\STemWin532_CM4_GCC.a(GUI_Alloc.o)
                0x080067c0                GUI_ALLOC_AssignMemory
 .text.GUI_ALLOC_Free
                0x080067d0       0x30 ../STemWin/Lib\STemWin532_CM4_GCC.a(GUI_Alloc.o)
                0x080067d0                GUI_ALLOC_Free
 .text._EnlargeBlocks
                0x08006800       0x98 ../STemWin/Lib\STemWin532_CM4_GCC.a(GUI_Alloc.o)
 .text._InitOnce
                0x08006898      0x174 ../STemWin/Lib\STemWin532_CM4_GCC.a(GUI_Alloc.o)
 .text.GUI_ALLOC_GetFixedBlock
                0x08006a0c       0xa4 ../STemWin/Lib\STemWin532_CM4_GCC.a(GUI_Alloc.o)
                0x08006a0c                GUI_ALLOC_GetFixedBlock
 .text._Alloc   0x08006ab0       0xec ../STemWin/Lib\STemWin532_CM4_GCC.a(GUI_Alloc.o)
 .text.GUI_ALLOC_AllocNoInit
                0x08006b9c        0x8 ../STemWin/Lib\STemWin532_CM4_GCC.a(GUI_Alloc.o)
                0x08006b9c                GUI_ALLOC_AllocNoInit
 .text.GUI_ALLOC_AllocZero
                0x08006ba4       0x2a ../STemWin/Lib\STemWin532_CM4_GCC.a(GUI_ALLOC_AllocZero.o)
                0x08006ba4                GUI_ALLOC_AllocZero
 *fill*         0x08006bce        0x2 
 .text.LCD_Index2Color_M565
                0x08006bd0       0x28 ../STemWin/Lib\STemWin532_CM4_GCC.a(GUICC_M565.o)
                0x08006bd0                LCD_Index2Color_M565
 .text._Color2Index_M565
                0x08006bf8       0x28 ../STemWin/Lib\STemWin532_CM4_GCC.a(GUICC_M565.o)
 .text._GetIndexMask_M565
                0x08006c20        0x6 ../STemWin/Lib\STemWin532_CM4_GCC.a(GUICC_M565.o)
 *fill*         0x08006c26        0x2 
 .text._Color2IndexBulk
                0x08006c28       0x4c ../STemWin/Lib\STemWin532_CM4_GCC.a(GUICC_M565.o)
 .text._Index2ColorBulk
                0x08006c74       0x5c ../STemWin/Lib\STemWin532_CM4_GCC.a(GUICC_M565.o)
 .text.WM__GetPrevSibling
                0x08006cd0       0x26 ../STemWin/Lib\STemWin532_CM4_GCC.a(WM__GetPrevSibling.o)
                0x08006cd0                WM__GetPrevSibling
 .text.WM__GetFirstSibling
                0x08006cf6       0x12 ../STemWin/Lib\STemWin532_CM4_GCC.a(WM__GetFirstSibling.o)
                0x08006cf6                WM__GetFirstSibling
 .text.WM_SetUserClipRect
                0x08006d08       0x18 ../STemWin/Lib\STemWin532_CM4_GCC.a(WM_SetUserClipRect.o)
                0x08006d08                WM_SetUserClipRect
 .text.WM_SendToParent
                0x08006d20       0x1c ../STemWin/Lib\STemWin532_CM4_GCC.a(WM_SendToParent.o)
                0x08006d20                WM_SendToParent
 .text.WM__AddCriticalHandle
                0x08006d3c       0x10 ../STemWin/Lib\STemWin532_CM4_GCC.a(WM_CriticalHandle.o)
                0x08006d3c                WM__AddCriticalHandle
 .text.WM_BringToBottom
                0x08006d4c       0x86 ../STemWin/Lib\STemWin532_CM4_GCC.a(WM_BringToBottom.o)
                0x08006d4c                WM_BringToBottom
 .text._Convert16
                0x08006dd2       0x3e ../STemWin/Lib\STemWin532_CM4_GCC.a(GUIDEV_WriteToActiveOpaque.o)
 .text._Convert8
                0x08006e10       0x42 ../STemWin/Lib\STemWin532_CM4_GCC.a(GUIDEV_WriteToActiveOpaque.o)
 *fill*         0x08006e52        0x2 
 .text.GUI_MEMDEV__WriteToActiveOpaque
                0x08006e54      0x724 ../STemWin/Lib\STemWin532_CM4_GCC.a(GUIDEV_WriteToActiveOpaque.o)
                0x08006e54                GUI_MEMDEV__WriteToActiveOpaque
 .text.GUI_USAGE_DecUseCnt
                0x08007578       0x28 ../STemWin/Lib\STemWin532_CM4_GCC.a(GUIDEV_Usage.o)
                0x08007578                GUI_USAGE_DecUseCnt
 .text.GUI_USAGE_AddRect
                0x080075a0       0x2a ../STemWin/Lib\STemWin532_CM4_GCC.a(GUIDEV_Usage.o)
                0x080075a0                GUI_USAGE_AddRect
 *fill*         0x080075ca        0x2 
 .text._GetDevData
                0x080075cc       0x10 ../STemWin/Lib\STemWin532_CM4_GCC.a(GUIDEV_16.o)
 .text._GetDevFunc
                0x080075dc       0x10 ../STemWin/Lib\STemWin532_CM4_GCC.a(GUIDEV_16.o)
 .text._SetOrg  0x080075ec        0xe ../STemWin/Lib\STemWin532_CM4_GCC.a(GUIDEV_16.o)
 .text._GetDevProp
                0x080075fa       0x14 ../STemWin/Lib\STemWin532_CM4_GCC.a(GUIDEV_16.o)
 .text._GetRect
                0x0800760e       0x32 ../STemWin/Lib\STemWin532_CM4_GCC.a(GUIDEV_16.o)
 .text._XY2PTR  0x08007640       0x40 ../STemWin/Lib\STemWin532_CM4_GCC.a(GUIDEV_16.o)
 .text._GetPixelIndex
                0x08007680        0xe ../STemWin/Lib\STemWin532_CM4_GCC.a(GUIDEV_16.o)
 *fill*         0x0800768e        0x2 
 .text._XorPixel
                0x08007690       0x58 ../STemWin/Lib\STemWin532_CM4_GCC.a(GUIDEV_16.o)
 .text._SetPixelIndex
                0x080076e8       0x4c ../STemWin/Lib\STemWin532_CM4_GCC.a(GUIDEV_16.o)
 .text._DrawVLine
                0x08007734       0xbc ../STemWin/Lib\STemWin532_CM4_GCC.a(GUIDEV_16.o)
 .text._FillRect
                0x080077f0       0xb4 ../STemWin/Lib\STemWin532_CM4_GCC.a(GUIDEV_16.o)
 .text._DrawHLine
                0x080078a4        0xe ../STemWin/Lib\STemWin532_CM4_GCC.a(GUIDEV_16.o)
 *fill*         0x080078b2        0x2 
 .text._DrawBitmap
                0x080078b4      0x6fc ../STemWin/Lib\STemWin532_CM4_GCC.a(GUIDEV_16.o)
 .text.LCD_SelectLCD
                0x08007fb0       0x40 ../STemWin/Lib\STemWin532_CM4_GCC.a(LCD_SelectLCD.o)
                0x08007fb0                LCD_SelectLCD
 .text._OnExit  0x08007ff0       0x14 ../STemWin/Lib\STemWin532_CM4_GCC.a(LCD_Color.o)
 .text.LCD_InitColors
                0x08008004       0x38 ../STemWin/Lib\STemWin532_CM4_GCC.a(LCD_Color.o)
                0x08008004                LCD_InitColors
 .text.LCD_InitLUT
                0x0800803c       0x7c ../STemWin/Lib\STemWin532_CM4_GCC.a(LCD_Color.o)
                0x0800803c                LCD_InitLUT
 .text.GUI__memset16
                0x080080b8       0x5c ../STemWin/Lib\STemWin532_CM4_GCC.a(GUI__memset16.o)
                0x080080b8                GUI__memset16
 .text.GUI__HandleEOLine
                0x08008114       0x18 ../STemWin/Lib\STemWin532_CM4_GCC.a(GUI__HandleEOLine.o)
                0x08008114                GUI__HandleEOLine
 .text.GUI__GetFontSizeY
                0x0800812c       0x14 ../STemWin/Lib\STemWin532_CM4_GCC.a(GUI__GetFontSizeY.o)
                0x0800812c                GUI__GetFontSizeY
 .text.GUI__CompactPixelIndices
                0x08008140      0x16c ../STemWin/Lib\STemWin532_CM4_GCC.a(GUI__CompactPixelIndices.o)
                0x08008140                GUI__CompactPixelIndices
 .text._GetCharCode
                0x080082ac        0x4 ../STemWin/Lib\STemWin532_CM4_GCC.a(GUI_UC_EncodeNone.o)
 .text._GetCharSize
                0x080082b0        0x4 ../STemWin/Lib\STemWin532_CM4_GCC.a(GUI_UC_EncodeNone.o)
 .text._CalcSizeOfChar
                0x080082b4        0x4 ../STemWin/Lib\STemWin532_CM4_GCC.a(GUI_UC_EncodeNone.o)
 .text._Encode  0x080082b8        0x6 ../STemWin/Lib\STemWin532_CM4_GCC.a(GUI_UC_EncodeNone.o)
 *fill*         0x080082be        0x2 
 .text.GUI_UC__GetCharCodeInc
                0x080082c0       0x28 ../STemWin/Lib\STemWin532_CM4_GCC.a(GUI_UC.o)
                0x080082c0                GUI_UC__GetCharCodeInc
 .text.GUI_UC__NumChars2NumBytes
                0x080082e8       0x24 ../STemWin/Lib\STemWin532_CM4_GCC.a(GUI_UC.o)
                0x080082e8                GUI_UC__NumChars2NumBytes
 .text.GUI_SetOrg
                0x0800830c       0x34 ../STemWin/Lib\STemWin532_CM4_GCC.a(GUI_SetOrg.o)
                0x0800830c                GUI_SetOrg
 .text.GUI_GetBkColor
                0x08008340        0xe ../STemWin/Lib\STemWin532_CM4_GCC.a(GUI_GetColor.o)
                0x08008340                GUI_GetBkColor
 .text.GUI_GetColor
                0x0800834e        0xe ../STemWin/Lib\STemWin532_CM4_GCC.a(GUI_GetColor.o)
                0x0800834e                GUI_GetColor
 .text.GUI_GetClientRect
                0x0800835c        0x8 ../STemWin/Lib\STemWin532_CM4_GCC.a(GUI_GetClientRect.o)
                0x0800835c                GUI_GetClientRect
 .text._GetIndexMask_0
                0x08008364       0x52 ../STemWin/Lib\STemWin532_CM4_GCC.a(GUICC_0.o)
 .text._Index2Color_0
                0x080083b6       0x1e ../STemWin/Lib\STemWin532_CM4_GCC.a(GUICC_0.o)
 .text._Color2Index_0
                0x080083d4       0x5a ../STemWin/Lib\STemWin532_CM4_GCC.a(GUICC_0.o)
 .text.LCD_GetNumLayers
                0x0800842e       0x1e ../STemWin/Lib\STemWin532_CM4_GCC.a(LCD_GetNumDisplays.o)
                0x0800842e                LCD_GetNumLayers
 .text.LCD_GetBkColorIndex
                0x0800844c       0x10 ../STemWin/Lib\STemWin532_CM4_GCC.a(LCD_GetColorIndex.o)
                0x0800844c                LCD_GetBkColorIndex
 .text.LCD_GetColorIndex
                0x0800845c       0x10 ../STemWin/Lib\STemWin532_CM4_GCC.a(LCD_GetColorIndex.o)
                0x0800845c                LCD_GetColorIndex
 .text.GUI_CalcColorDist
                0x0800846c       0x50 ../STemWin/Lib\STemWin532_CM4_GCC.a(GUI_CalcColorDist.o)
                0x0800846c                GUI_CalcColorDist
 .text.__libc_init_array
                0x080084bc       0x4c c:/myprogram/ac6/systemworkbench/plugins/fr.ac6.mcu.externaltools.arm-none.win32_1.3.0.201507241045/tools/compiler/bin/../lib/gcc/arm-none-eabi/4.9.3/../../../../arm-none-eabi/lib/armv7e-m/fpu\libc_nano.a(lib_a-init.o)
                0x080084bc                __libc_init_array
 .text.memcpy   0x08008508       0x16 c:/myprogram/ac6/systemworkbench/plugins/fr.ac6.mcu.externaltools.arm-none.win32_1.3.0.201507241045/tools/compiler/bin/../lib/gcc/arm-none-eabi/4.9.3/../../../../arm-none-eabi/lib/armv7e-m/fpu\libc_nano.a(lib_a-memcpy.o)
                0x08008508                memcpy
 .text.memmove  0x0800851e       0x36 c:/myprogram/ac6/systemworkbench/plugins/fr.ac6.mcu.externaltools.arm-none.win32_1.3.0.201507241045/tools/compiler/bin/../lib/gcc/arm-none-eabi/4.9.3/../../../../arm-none-eabi/lib/armv7e-m/fpu\libc_nano.a(lib_a-memmove.o)
                0x0800851e                memmove
 .text.memset   0x08008554       0x10 c:/myprogram/ac6/systemworkbench/plugins/fr.ac6.mcu.externaltools.arm-none.win32_1.3.0.201507241045/tools/compiler/bin/../lib/gcc/arm-none-eabi/4.9.3/../../../../arm-none-eabi/lib/armv7e-m/fpu\libc_nano.a(lib_a-memset.o)
                0x08008554                memset
 *(.glue_7)
 .glue_7        0x00000000        0x0 linker stubs
 *(.glue_7t)
 .glue_7t       0x00000000        0x0 linker stubs
 *(.eh_frame)
 .eh_frame      0x08008564        0x0 c:/myprogram/ac6/systemworkbench/plugins/fr.ac6.mcu.externaltools.arm-none.win32_1.3.0.201507241045/tools/compiler/bin/../lib/gcc/arm-none-eabi/4.9.3/armv7e-m/fpu/crtbegin.o
 *(.init)
 .init          0x08008564        0x4 c:/myprogram/ac6/systemworkbench/plugins/fr.ac6.mcu.externaltools.arm-none.win32_1.3.0.201507241045/tools/compiler/bin/../lib/gcc/arm-none-eabi/4.9.3/armv7e-m/fpu/crti.o
                0x08008564                _init
 .init          0x08008568        0x8 c:/myprogram/ac6/systemworkbench/plugins/fr.ac6.mcu.externaltools.arm-none.win32_1.3.0.201507241045/tools/compiler/bin/../lib/gcc/arm-none-eabi/4.9.3/armv7e-m/fpu/crtn.o
 *(.fini)
 .fini          0x08008570        0x4 c:/myprogram/ac6/systemworkbench/plugins/fr.ac6.mcu.externaltools.arm-none.win32_1.3.0.201507241045/tools/compiler/bin/../lib/gcc/arm-none-eabi/4.9.3/armv7e-m/fpu/crti.o
                0x08008570                _fini
 .fini          0x08008574        0x8 c:/myprogram/ac6/systemworkbench/plugins/fr.ac6.mcu.externaltools.arm-none.win32_1.3.0.201507241045/tools/compiler/bin/../lib/gcc/arm-none-eabi/4.9.3/armv7e-m/fpu/crtn.o
                0x0800857c                . = ALIGN (0x4)
                0x0800857c                _etext = .

.vfp11_veneer   0x0800857c        0x0
 .vfp11_veneer  0x00000000        0x0 linker stubs

.v4_bx          0x0800857c        0x0
 .v4_bx         0x00000000        0x0 linker stubs

.iplt           0x0800857c        0x0
 .iplt          0x00000000        0x0 c:/myprogram/ac6/systemworkbench/plugins/fr.ac6.mcu.externaltools.arm-none.win32_1.3.0.201507241045/tools/compiler/bin/../lib/gcc/arm-none-eabi/4.9.3/armv7e-m/fpu/crtbegin.o

.rodata         0x0800857c     0x63a0
                0x0800857c                . = ALIGN (0x4)
 *(.rodata)
 .rodata        0x0800857c        0xe Src/Page_One.o
 *fill*         0x0800858a        0x2 
 .rodata        0x0800858c     0x1750 STemWin/Font/Calibri73.o
                0x0800858c                GUI_FontCalibri_73
                0x080085b0                GUI_FontCalibri73_Prop1
                0x080085bc                GUI_FontCalibri73_CharInfo
                0x0800860c                acGUI_FontCalibri73_0039
                0x08008854                acGUI_FontCalibri73_0038
                0x08008a9c                acGUI_FontCalibri73_0037
                0x08008ce4                acGUI_FontCalibri73_0036
                0x08008f2c                acGUI_FontCalibri73_0035
                0x08009174                acGUI_FontCalibri73_0034
                0x080093bc                acGUI_FontCalibri73_0033
                0x08009604                acGUI_FontCalibri73_0032
                0x0800984c                acGUI_FontCalibri73_0031
                0x08009a94                acGUI_FontCalibri73_0030
 .rodata        0x08009cdc       0x78 STemWin/Font/Calibri_11_Bold.o
                0x08009cdc                GUI_FontCalibri_11_Bold
                0x08009d00                GUI_FontCalibri_11_Bold_Prop1
                0x08009d0c                GUI_FontCalibri_11_Bold_Prop2
                0x08009d18                GUI_FontCalibri_11_Bold_CharInfo
                0x08009d28                acGUI_FontCalibri_11_Bold_0050
                0x08009d3e                acGUI_FontCalibri_11_Bold_004D
 .rodata        0x08009d54      0x5f8 STemWin/Font/Calibri_15_Bold.o
                0x08009d54                GUI_FontCalibri_15_Bold
                0x08009d78                GUI_FontCalibri_15_Bold_Prop1
                0x08009d84                GUI_FontCalibri_15_Bold_Prop2
                0x08009d90                GUI_FontCalibri_15_Bold_Prop3
                0x08009d9c                GUI_FontCalibri_15_Bold_Prop4
                0x08009da8                GUI_FontCalibri_15_Bold_CharInfo
                0x08009ed8                acGUI_FontCalibri_15_Bold_005A
                0x08009ef6                acGUI_FontCalibri_15_Bold_0059
                0x08009f14                acGUI_FontCalibri_15_Bold_0058
                0x08009f32                acGUI_FontCalibri_15_Bold_0057
                0x08009f5f                acGUI_FontCalibri_15_Bold_0056
                0x08009f7d                acGUI_FontCalibri_15_Bold_0055
                0x08009f9b                acGUI_FontCalibri_15_Bold_0054
                0x08009fb9                acGUI_FontCalibri_15_Bold_0053
                0x08009fd7                acGUI_FontCalibri_15_Bold_0052
                0x08009ff5                acGUI_FontCalibri_15_Bold_0051
                0x0800a013                acGUI_FontCalibri_15_Bold_0050
                0x0800a031                acGUI_FontCalibri_15_Bold_004F
                0x0800a04f                acGUI_FontCalibri_15_Bold_004E
                0x0800a06d                acGUI_FontCalibri_15_Bold_004D
                0x0800a09a                acGUI_FontCalibri_15_Bold_004C
                0x0800a0b8                acGUI_FontCalibri_15_Bold_004B
                0x0800a0d6                acGUI_FontCalibri_15_Bold_004A
                0x0800a0e5                acGUI_FontCalibri_15_Bold_0049
                0x0800a0f4                acGUI_FontCalibri_15_Bold_0048
                0x0800a112                acGUI_FontCalibri_15_Bold_0047
                0x0800a130                acGUI_FontCalibri_15_Bold_0046
                0x0800a14e                acGUI_FontCalibri_15_Bold_0045
                0x0800a16c                acGUI_FontCalibri_15_Bold_0044
                0x0800a18a                acGUI_FontCalibri_15_Bold_0043
                0x0800a1a8                acGUI_FontCalibri_15_Bold_0042
                0x0800a1c6                acGUI_FontCalibri_15_Bold_0041
                0x0800a1e4                acGUI_FontCalibri_15_Bold_0039
                0x0800a202                acGUI_FontCalibri_15_Bold_0038
                0x0800a220                acGUI_FontCalibri_15_Bold_0037
                0x0800a23e                acGUI_FontCalibri_15_Bold_0036
                0x0800a25c                acGUI_FontCalibri_15_Bold_0035
                0x0800a27a                acGUI_FontCalibri_15_Bold_0034
                0x0800a298                acGUI_FontCalibri_15_Bold_0033
                0x0800a2b6                acGUI_FontCalibri_15_Bold_0032
                0x0800a2d4                acGUI_FontCalibri_15_Bold_0031
                0x0800a2f2                acGUI_FontCalibri_15_Bold_0030
                0x0800a310                acGUI_FontCalibri_15_Bold_0025
                0x0800a33d                acGUI_FontCalibri_15_Bold_0020
 .rodata        0x0800a34c      0x620 STemWin/Font/Calibri_19_Bold.o
                0x0800a34c                GUI_FontCalibri_19_Bold
                0x0800a370                GUI_FontCalibri_19_Bold_Prop1
                0x0800a37c                GUI_FontCalibri_19_Bold_Prop2
                0x0800a388                GUI_FontCalibri_19_Bold_CharInfo
                0x0800a460                acGUI_FontCalibri_19_Bold_005A
                0x0800a486                acGUI_FontCalibri_19_Bold_0059
                0x0800a4ac                acGUI_FontCalibri_19_Bold_0058
                0x0800a4e5                acGUI_FontCalibri_19_Bold_0057
                0x0800a531                acGUI_FontCalibri_19_Bold_0056
                0x0800a56a                acGUI_FontCalibri_19_Bold_0055
                0x0800a5a3                acGUI_FontCalibri_19_Bold_0054
                0x0800a5c9                acGUI_FontCalibri_19_Bold_0053
                0x0800a5ef                acGUI_FontCalibri_19_Bold_0052
                0x0800a628                acGUI_FontCalibri_19_Bold_0051
                0x0800a661                acGUI_FontCalibri_19_Bold_0050
                0x0800a687                acGUI_FontCalibri_19_Bold_004F
                0x0800a6c0                acGUI_FontCalibri_19_Bold_004E
                0x0800a6f9                acGUI_FontCalibri_19_Bold_004D
                0x0800a745                acGUI_FontCalibri_19_Bold_004C
                0x0800a76b                acGUI_FontCalibri_19_Bold_004B
                0x0800a791                acGUI_FontCalibri_19_Bold_004A
                0x0800a7b7                acGUI_FontCalibri_19_Bold_0049
                0x0800a7ca                acGUI_FontCalibri_19_Bold_0048
                0x0800a803                acGUI_FontCalibri_19_Bold_0047
                0x0800a83c                acGUI_FontCalibri_19_Bold_0046
                0x0800a862                acGUI_FontCalibri_19_Bold_0045
                0x0800a888                acGUI_FontCalibri_19_Bold_0044
                0x0800a8c1                acGUI_FontCalibri_19_Bold_0043
                0x0800a8e7                acGUI_FontCalibri_19_Bold_0042
                0x0800a920                acGUI_FontCalibri_19_Bold_0041
                0x0800a959                acGUI_FontCalibri_19_Bold_0020
 .rodata        0x0800a96c     0x272c STemWin/Font/Calibri_99.o
                0x0800a96c                GUI_FontCalibri_99
                0x0800a990                GUI_FontCalibri_99_Prop1
                0x0800a99c                GUI_FontCalibri_99_CharInfo
                0x0800a9ec                acGUI_FontCalibri_99_0039
                0x0800adca                acGUI_FontCalibri_99_0038
                0x0800b1a8                acGUI_FontCalibri_99_0037
                0x0800b586                acGUI_FontCalibri_99_0036
                0x0800b964                acGUI_FontCalibri_99_0035
                0x0800bd42                acGUI_FontCalibri_99_0034
                0x0800c120                acGUI_FontCalibri_99_0033
                0x0800c4fe                acGUI_FontCalibri_99_0032
                0x0800c8dc                acGUI_FontCalibri_99_0031
                0x0800ccba                acGUI_FontCalibri_99_0030
 .rodata        0x0800d098       0x7c STemWin/Font/Calibri_9_Bold.o
                0x0800d098                GUI_FontCalibri_9_Bold
                0x0800d0bc                GUI_FontCalibri_9_Bold_Prop1
                0x0800d0c8                GUI_FontCalibri_9_Bold_Prop2
                0x0800d0d4                GUI_FontCalibri_9_Bold_Prop3
                0x0800d0e0                GUI_FontCalibri_9_Bold_CharInfo
                0x0800d0f8                acGUI_FontCalibri_9_Bold_0035
                0x0800d101                acGUI_FontCalibri_9_Bold_0032
                0x0800d10a                acGUI_FontCalibri_9_Bold_002E
 .rodata        0x0800d114       0x10 Drivers/STM32F4xx_HAL_Driver/Src/stm32f4xx_hal_rcc.o
                0x0800d114                APBAHBPrescTable
 *(.rodata*)
 .rodata.str1.1
                0x0800d124       0x54 Src/Page_One.o
 .rodata.acFont8x16
                0x0800d178      0xa30 ../STemWin/Lib\STemWin532_CM4_GCC.a(F8x16.o)
 .rodata.GUI_Font8x16
                0x0800dba8       0x24 ../STemWin/Lib\STemWin532_CM4_GCC.a(F8x16.o)
                0x0800dba8                GUI_Font8x16
 .rodata.TransInfo8x16
                0x0800dbcc        0x8 ../STemWin/Lib\STemWin532_CM4_GCC.a(F8x16.o)
 .rodata.FontMono8x16
                0x0800dbd4       0x14 ../STemWin/Lib\STemWin532_CM4_GCC.a(F8x16.o)
 .rodata.TransList8x16
                0x0800dbe8      0x1c0 ../STemWin/Lib\STemWin532_CM4_GCC.a(F8x16.o)
 .rodata.GUI_F6x8_Mono
                0x0800dda8       0x14 ../STemWin/Lib\STemWin532_CM4_GCC.a(F6x8.o)
 .rodata.GUI_Font6x8
                0x0800ddbc       0x24 ../STemWin/Lib\STemWin532_CM4_GCC.a(F6x8.o)
                0x0800ddbc                GUI_Font6x8
 .rodata.GUI_acFont6x8
                0x0800dde0      0x518 ../STemWin/Lib\STemWin532_CM4_GCC.a(F6x8.o)
 .rodata.GUI_F6x8_TL8859_1
                0x0800e2f8      0x1c0 ../STemWin/Lib\STemWin532_CM4_GCC.a(F6x8.o)
 .rodata.GUI_F6x8_TI8859_1
                0x0800e4b8        0x8 ../STemWin/Lib\STemWin532_CM4_GCC.a(F6x8.o)
 .rodata.GUIDRV_Lin_16_API
                0x0800e4c0       0x34 ../STemWin/Lib\STemWin532_CM4_GCC.a(GUIDRV_Lin_16.o)
                0x0800e4c0                GUIDRV_Lin_16_API
 .rodata.LCD_aMirror
                0x0800e4f4      0x100 ../STemWin/Lib\STemWin532_CM4_GCC.a(LCD_Mirror.o)
                0x0800e4f4                LCD_aMirror
 .rodata._SetColorAPI
                0x0800e5f4        0xc ../STemWin/Lib\STemWin532_CM4_GCC.a(LCD.o)
 .rodata._HL_APIList
                0x0800e600        0x8 ../STemWin/Lib\STemWin532_CM4_GCC.a(GUI_Core.o)
 .rodata.LCD_API_ColorConv_M565
                0x0800e608       0x18 ../STemWin/Lib\STemWin532_CM4_GCC.a(GUICC_M565.o)
                0x0800e608                LCD_API_ColorConv_M565
 .rodata._aID   0x0800e620       0x40 ../STemWin/Lib\STemWin532_CM4_GCC.a(GUIDEV_16.o)
 .rodata.GUI_MEMDEV_DEVICE_16
                0x0800e660       0x34 ../STemWin/Lib\STemWin532_CM4_GCC.a(GUIDEV_16.o)
                0x0800e660                GUI_MEMDEV_DEVICE_16
 .rodata.GUI__aConvert_63_255
                0x0800e694       0x40 ../STemWin/Lib\STemWin532_CM4_GCC.a(GUI__DivTbl_63_255.o)
                0x0800e694                GUI__aConvert_63_255
 .rodata.GUI__aConvert_31_255
                0x0800e6d4       0x20 ../STemWin/Lib\STemWin532_CM4_GCC.a(GUI__DivTbl_31_255.o)
                0x0800e6d4                GUI__aConvert_31_255
 .rodata.GUI__aConvert_255_63
                0x0800e6f4      0x100 ../STemWin/Lib\STemWin532_CM4_GCC.a(GUI__DivTbl_255_63.o)
                0x0800e6f4                GUI__aConvert_255_63
 .rodata.GUI__aConvert_255_31
                0x0800e7f4      0x100 ../STemWin/Lib\STemWin532_CM4_GCC.a(GUI__DivTbl_255_31.o)
                0x0800e7f4                GUI__aConvert_255_31
 .rodata.GUI_UC_None
                0x0800e8f4       0x10 ../STemWin/Lib\STemWin532_CM4_GCC.a(GUI_UC_EncodeNone.o)
                0x0800e8f4                GUI_UC_None
 .rodata.LCD_API_ColorConv_0
                0x0800e904       0x18 ../STemWin/Lib\STemWin532_CM4_GCC.a(GUICC_0.o)
                0x0800e904                LCD_API_ColorConv_0
                0x0800e91c                . = ALIGN (0x4)

.rel.dyn        0x0800e91c        0x0
 .rel.iplt      0x00000000        0x0 c:/myprogram/ac6/systemworkbench/plugins/fr.ac6.mcu.externaltools.arm-none.win32_1.3.0.201507241045/tools/compiler/bin/../lib/gcc/arm-none-eabi/4.9.3/armv7e-m/fpu/crtbegin.o

.ARM.extab
 *(.ARM.extab* .gnu.linkonce.armextab.*)

.ARM            0x0800e91c        0x0
                0x0800e91c                __exidx_start = .
 *(.ARM.exidx*)
                0x0800e91c                __exidx_end = .

.preinit_array  0x0800e91c        0x0
                0x0800e91c                PROVIDE (__preinit_array_start, .)
 *(.preinit_array*)
                0x0800e91c                PROVIDE (__preinit_array_end, .)

.init_array     0x0800e91c        0x4
                0x0800e91c                PROVIDE (__init_array_start, .)
 *(SORT(.init_array.*))
 *(.init_array*)
 .init_array    0x0800e91c        0x4 c:/myprogram/ac6/systemworkbench/plugins/fr.ac6.mcu.externaltools.arm-none.win32_1.3.0.201507241045/tools/compiler/bin/../lib/gcc/arm-none-eabi/4.9.3/armv7e-m/fpu/crtbegin.o
                0x0800e920                PROVIDE (__init_array_end, .)

.fini_array     0x0800e920        0x4
                0x0800e920                PROVIDE (__fini_array_start, .)
 *(SORT(.fini_array.*))
 *(.fini_array*)
 .fini_array    0x0800e920        0x4 c:/myprogram/ac6/systemworkbench/plugins/fr.ac6.mcu.externaltools.arm-none.win32_1.3.0.201507241045/tools/compiler/bin/../lib/gcc/arm-none-eabi/4.9.3/armv7e-m/fpu/crtbegin.o
                0x0800e924                PROVIDE (__fini_array_end, .)
                0x0800e924                _sidata = LOADADDR (.data)

.data           0x20000000       0x30 load address 0x0800e924
                0x20000000                . = ALIGN (0x4)
                0x20000000                _sdata = .
 *(.data)
 .data          0x20000000        0x8 Src/B2B_Comm.o
                0x20000000                MyM2DComm
 .data          0x20000008        0xc Src/ParticleSensor.o
                0x20000008                Sensor3
 .data          0x20000014        0x4 STemWin/Config/GUIConf.o
                0x20000014                aMemory
 .data          0x20000018        0x4 Drivers/CMSIS/Device/ST/STM32F4xx/Source/Templates/system_stm32f4xx.o
                0x20000018                SystemCoreClock
 *(.data*)
 .data.LCD__pSetColorAPI
                0x2000001c        0x4 ../STemWin/Lib\STemWin532_CM4_GCC.a(LCD.o)
                0x2000001c                LCD__pSetColorAPI
 .data.GUI_pContext
                0x20000020        0x4 ../STemWin/Lib\STemWin532_CM4_GCC.a(GUI_Core.o)
                0x20000020                GUI_pContext
 .data.GUI__pFontDefault
                0x20000024        0x4 ../STemWin/Lib\STemWin532_CM4_GCC.a(GUI_Core.o)
                0x20000024                GUI__pFontDefault
 .data.GUI_CharLine_pfLog2Vis
                0x20000028        0x4 ../STemWin/Lib\STemWin532_CM4_GCC.a(GUI_CharLine.o)
                0x20000028                GUI_CharLine_pfLog2Vis
 .data._NumColors
                0x2000002c        0x4 ../STemWin/Lib\STemWin532_CM4_GCC.a(LCD_Color.o)
                0x20000030                . = ALIGN (0x4)
                0x20000030                _edata = .
                0x0800e954                _siccmram = LOADADDR (.ccmram)

.jcr            0x20000030        0x0 load address 0x0800e954
 .jcr           0x20000030        0x0 c:/myprogram/ac6/systemworkbench/plugins/fr.ac6.mcu.externaltools.arm-none.win32_1.3.0.201507241045/tools/compiler/bin/../lib/gcc/arm-none-eabi/4.9.3/armv7e-m/fpu/crtbegin.o

.igot.plt       0x20000030        0x0 load address 0x0800e954
 .igot.plt      0x00000000        0x0 c:/myprogram/ac6/systemworkbench/plugins/fr.ac6.mcu.externaltools.arm-none.win32_1.3.0.201507241045/tools/compiler/bin/../lib/gcc/arm-none-eabi/4.9.3/armv7e-m/fpu/crtbegin.o

.ccmram         0x10000000        0x0 load address 0x0800e954
                0x10000000                . = ALIGN (0x4)
                0x10000000                _sccmram = .
 *(.ccmram)
 *(.ccmram*)
                0x10000000                . = ALIGN (0x4)
                0x10000000                _eccmram = .
                0x10000000                . = ALIGN (0x4)

.bss            0x20000030      0x620
                0x20000030                _sbss = .
                0x20000030                __bss_start__ = _sbss
 *(.bss)
 .bss           0x20000030       0x1c c:/myprogram/ac6/systemworkbench/plugins/fr.ac6.mcu.externaltools.arm-none.win32_1.3.0.201507241045/tools/compiler/bin/../lib/gcc/arm-none-eabi/4.9.3/armv7e-m/fpu/crtbegin.o
 .bss           0x2000004c        0x8 Src/stm32f4xx_hal_msp.o
 *(.bss*)
 .bss._EntranceCnt.9365
                0x20000054        0x4 ../STemWin/Lib\STemWin532_CM4_GCC.a(WM__SendMessage.o)
 .bss._DeleteWindows
                0x20000058        0x4 ../STemWin/Lib\STemWin532_CM4_GCC.a(WM.o)
 .bss._ClipContext
                0x2000005c       0x18 ../STemWin/Lib\STemWin532_CM4_GCC.a(WM.o)
 .bss._NextDrawWin
                0x20000074        0x4 ../STemWin/Lib\STemWin532_CM4_GCC.a(WM.o)
 .bss.RegisterExit.10203
                0x20000078        0x8 ../STemWin/Lib\STemWin532_CM4_GCC.a(WM.o)
 .bss._IsInited
                0x20000080        0x1 ../STemWin/Lib\STemWin532_CM4_GCC.a(WM.o)
 *fill*         0x20000081        0x3 
 .bss._ySizeDisplay
                0x20000084        0x4 ../STemWin/Lib\STemWin532_CM4_GCC.a(LCD_GetEx.o)
 .bss._xSizeDisplay
                0x20000088        0x4 ../STemWin/Lib\STemWin532_CM4_GCC.a(LCD_GetEx.o)
 .bss._pFuncRefreshHook
                0x2000008c        0x4 ../STemWin/Lib\STemWin532_CM4_GCC.a(GUI__ManageCache.o)
 .bss.aLockCnt.8559
                0x20000090        0x8 ../STemWin/Lib\STemWin532_CM4_GCC.a(GUI__ManageCache.o)
 .bss._pFuncControlHook
                0x20000098        0x4 ../STemWin/Lib\STemWin532_CM4_GCC.a(GUI__ManageCache.o)
 .bss._pfSignalEvent
                0x2000009c        0x4 ../STemWin/Lib\STemWin532_CM4_GCC.a(GUI_WaitEvent.o)
 .bss._Key      0x200000a0        0x4 ../STemWin/Lib\STemWin532_CM4_GCC.a(GUI_OnKey.o)
 .bss._pFirstExit
                0x200000a4        0x4 ../STemWin/Lib\STemWin532_CM4_GCC.a(GUI_Core.o)
 .bss.GUI__Context
                0x200000a8       0x70 ../STemWin/Lib\STemWin532_CM4_GCC.a(GUI_Core.o)
 .bss.RegisterExit.9197
                0x20000118        0x8 ../STemWin/Lib\STemWin532_CM4_GCC.a(GUI_Core.o)
 .bss._IsInitialized
                0x20000120        0x4 ../STemWin/Lib\STemWin532_CM4_GCC.a(GUI_Core.o)
 .bss._Config   0x20000124        0xc ../STemWin/Lib\STemWin532_CM4_GCC.a(GUI_Alloc.o)
 .bss.RegisterExit.9085
                0x20000130        0x8 ../STemWin/Lib\STemWin532_CM4_GCC.a(GUI_Alloc.o)
 .bss._pfIndex2ColorBulk
                0x20000138        0x4 ../STemWin/Lib\STemWin532_CM4_GCC.a(GUICC_M565.o)
 .bss._pfColor2IndexBulk
                0x2000013c        0x4 ../STemWin/Lib\STemWin532_CM4_GCC.a(GUICC_M565.o)
 .bss.RegisterExit.8551
                0x20000140        0x8 ../STemWin/Lib\STemWin532_CM4_GCC.a(LCD_Color.o)
 *(COMMON)
 COMMON         0x20000148       0x32 Src/B2B_Comm.o
                0x20000148                MyD2MUnion
                0x2000015c                MyM2DUnion
 COMMON         0x2000017a       0x1b Src/Page_One.o
                0x2000017a                Hepa_Life
                0x2000017c                Out_PM
                0x20000182                In_PM
                0x20000188                Carbon_Life
                0x20000189                Old_Carbon_Life
                0x2000018a                PM2_5_String
                0x20000192                VOC_Level
                0x20000193                Old_VOC_Level
                0x20000194                Old_Hepa_Life
 *fill*         0x20000195        0x1 
 COMMON         0x20000196       0x28 Src/ParticleSensor.o
                0x20000196                Sensor3Union
 *fill*         0x200001be        0x2 
 COMMON         0x200001c0      0x304 Src/main.o
                0x200001c0                p
                0x200001c4                htim4
                0x20000200                cnt
                0x20000204                New_PM_Data
                0x20000208                fb
                0x20000398                hltdc
                0x20000440                hsdram2
                0x20000474                UART7_Handle
                0x200004b4                Command
 COMMON         0x200004c4        0x4 Drivers/STM32F4xx_HAL_Driver/Src/stm32f4xx_hal.o
                0x200004c4                uwTick
 COMMON         0x200004c8       0x54 ../STemWin/Lib\STemWin532_CM4_GCC.a(WM.o)
                0x200004c8                WM__NumWindows
                0x200004cc                WM__hATransWindow
                0x200004d0                WM__ahDesktopWin
                0x200004d8                WM_pfPollPID
                0x200004dc                WM__pExecGestures
                0x200004e0                WM__ahWinFocus
                0x200004e8                WM__NumInvalidWindows
                0x200004ec                WM__FirstWin
                0x200004f0                WM__TouchedLayer
                0x200004f4                WM__CaptureReleaseAuto
                0x200004f5                WM__PaintCallbackCnt
                0x200004f8                WM__CreateFlags
                0x200004fc                WM__aBkColor
                0x20000504                WM__pFirstCriticalHandle
                0x20000508                WM_MULTIBUF__pAPI
                0x2000050c                WM__ahCapture
                0x20000514                WM__hCreateStatic
                0x20000518                WM__TransWindowCnt
 COMMON         0x2000051c       0x40 ../STemWin/Lib\STemWin532_CM4_GCC.a(GUI_Core.o)
                0x2000051c                GUI__aNumBuffers
                0x2000051e                GUI_DecChar
                0x20000520                GUI_pLCD_APIList
                0x20000524                GUI_AA__ClipX0
                0x20000528                GUI_OrgY
                0x2000052c                GUI_pfHookMTOUCH
                0x20000530                GUI_pfTimerExec
                0x20000534                GUI_OrgX
                0x20000538                GUI_pfDispCharStyle
                0x2000053c                GUI__IsInitialized
                0x2000053d                GUI__PreserveTrans
                0x20000540                GUI_MTOUCH__pStoreEvent
                0x20000544                GUI_pUC_API
                0x20000548                GUI_pfUpdateSoftLayer
                0x2000054c                GUI__apDevice
                0x20000554                GUI__BufferSize
                0x20000558                WM_pfHandlePID
 COMMON         0x2000055c       0xc0 ../STemWin/Lib\STemWin532_CM4_GCC.a(GUI_Alloc.o)
                0x2000055c                GUI_ALLOC__Context
 COMMON         0x2000061c       0x30 ../STemWin/Lib\STemWin532_CM4_GCC.a(WM_Touch.o)
                0x2000061c                WM__aCHWinMouseOver
                0x2000062c                WM__aCHWinLast
                0x2000063c                WM__aCHWinModal
 COMMON         0x2000064c        0x4 ../STemWin/Lib\STemWin532_CM4_GCC.a(LCD_Color.o)
                0x2000064c                LCD__aConvTable
                0x20000650                . = ALIGN (0x4)
                0x20000650                _ebss = .
                0x20000650                __bss_end__ = _ebss

._user_heap_stack
                0x20000650      0x600
                0x20000650                . = ALIGN (0x8)
                0x20000650                PROVIDE (end, .)
                0x20000650                PROVIDE (_end, .)
                0x20000850                . = (. + _Min_Heap_Size)
 *fill*         0x20000650      0x200 
                0x20000c50                . = (. + _Min_Stack_Size)
 *fill*         0x20000850      0x400 
                0x20000c50                . = ALIGN (0x8)

/DISCARD/
 libc.a(*)
 libm.a(*)
 libgcc.a(*)

.ARM.attributes
                0x00000000       0x30
 *(.ARM.attributes)
 .ARM.attributes
                0x00000000       0x22 c:/myprogram/ac6/systemworkbench/plugins/fr.ac6.mcu.externaltools.arm-none.win32_1.3.0.201507241045/tools/compiler/bin/../lib/gcc/arm-none-eabi/4.9.3/armv7e-m/fpu/crti.o
 .ARM.attributes
                0x00000022       0x34 c:/myprogram/ac6/systemworkbench/plugins/fr.ac6.mcu.externaltools.arm-none.win32_1.3.0.201507241045/tools/compiler/bin/../lib/gcc/arm-none-eabi/4.9.3/armv7e-m/fpu/crtbegin.o
 .ARM.attributes
                0x00000056       0x39 Src/B2B_Comm.o
 .ARM.attributes
                0x0000008f       0x39 Src/Page_One.o
 .ARM.attributes
                0x000000c8       0x39 Src/ParticleSensor.o
 .ARM.attributes
                0x00000101       0x39 Src/ili9488.o
 .ARM.attributes
                0x0000013a       0x39 Src/main.o
 .ARM.attributes
                0x00000173       0x39 Src/stm32f4xx_hal_msp.o
 .ARM.attributes
                0x000001ac       0x39 Src/stm32f4xx_it.o
 .ARM.attributes
                0x000001e5       0x39 STemWin/OS/GUI_X.o
 .ARM.attributes
                0x0000021e       0x39 STemWin/Font/Calibri73.o
 .ARM.attributes
                0x00000257       0x39 STemWin/Font/Calibri_11_Bold.o
 .ARM.attributes
                0x00000290       0x39 STemWin/Font/Calibri_15_Bold.o
 .ARM.attributes
                0x000002c9       0x39 STemWin/Font/Calibri_19_Bold.o
 .ARM.attributes
                0x00000302       0x39 STemWin/Font/Calibri_99.o
 .ARM.attributes
                0x0000033b       0x39 STemWin/Font/Calibri_9_Bold.o
 .ARM.attributes
                0x00000374       0x39 STemWin/Config/GUIConf.o
 .ARM.attributes
                0x000003ad       0x39 STemWin/Config/LCDConf_Lin_Template.o
 .ARM.attributes
                0x000003e6       0x39 Drivers/STM32F4xx_HAL_Driver/Src/stm32f4xx_hal.o
 .ARM.attributes
                0x0000041f       0x39 Drivers/STM32F4xx_HAL_Driver/Src/stm32f4xx_hal_cortex.o
 .ARM.attributes