Archive member included because of file (symbol)

../STemWin/Lib\STemWin532_CM4_GCC.a(WINDOW.o)
                              STemWin/Picture/WindowDLG.o (WINDOW_SetBkColor)
../STemWin/Lib\STemWin532_CM4_GCC.a(WIDGET.o)
                              ../STemWin/Lib\STemWin532_CM4_GCC.a(WINDOW.o) (WIDGET_OrState)
../STemWin/Lib\STemWin532_CM4_GCC.a(TEXT_SetTextColor.o)
                              STemWin/Picture/FramewinDLG.o (TEXT_SetTextColor)
../STemWin/Lib\STemWin532_CM4_GCC.a(TEXT_SetTextAlign.o)
                              STemWin/Picture/FramewinDLG.o (TEXT_SetTextAlign)
../STemWin/Lib\STemWin532_CM4_GCC.a(TEXT_SetText.o)
                              STemWin/Picture/FramewinDLG.o (TEXT_SetText)
../STemWin/Lib\STemWin532_CM4_GCC.a(TEXT_SetFont.o)
                              STemWin/Picture/WindowDLG.o (TEXT_SetFont)
../STemWin/Lib\STemWin532_CM4_GCC.a(TEXT_CreateIndirect.o)
                              STemWin/Picture/FramewinDLG.o (TEXT_CreateIndirect)
../STemWin/Lib\STemWin532_CM4_GCC.a(TEXT.o)
                              ../STemWin/Lib\STemWin532_CM4_GCC.a(TEXT_CreateIndirect.o) (TEXT_CreateUser)
../STemWin/Lib\STemWin532_CM4_GCC.a(PROGBAR_SetTextPos.o)
                              STemWin/Picture/WindowDLG.o (PROGBAR_SetTextPos)
../STemWin/Lib\STemWin532_CM4_GCC.a(PROGBAR_SetTextColor.o)
                              STemWin/Picture/WindowDLG.o (PROGBAR_SetTextColor)
../STemWin/Lib\STemWin532_CM4_GCC.a(PROGBAR_SetFont.o)
                              STemWin/Picture/FramewinDLG.o (PROGBAR_SetFont)
../STemWin/Lib\STemWin532_CM4_GCC.a(PROGBAR_CreateIndirect.o)
                              STemWin/Picture/FramewinDLG.o (PROGBAR_CreateIndirect)
../STemWin/Lib\STemWin532_CM4_GCC.a(PROGBAR.o)
                              ../STemWin/Lib\STemWin532_CM4_GCC.a(PROGBAR_CreateIndirect.o) (PROGBAR_CreateUser)
../STemWin/Lib\STemWin532_CM4_GCC.a(IMAGE_BMP.o)
                              STemWin/Picture/FramewinDLG.o (IMAGE_SetBMP)
../STemWin/Lib\STemWin532_CM4_GCC.a(IMAGE.o)
                              ../STemWin/Lib\STemWin532_CM4_GCC.a(IMAGE_BMP.o) (IMAGE__FreeAttached)
../STemWin/Lib\STemWin532_CM4_GCC.a(FRAMEWIN_SetTitleVis.o)
                              STemWin/Picture/FramewinDLG.o (FRAMEWIN_SetTitleVis)
../STemWin/Lib\STemWin532_CM4_GCC.a(FRAMEWIN_CreateIndirect.o)
                              STemWin/Picture/FramewinDLG.o (FRAMEWIN_CreateIndirect)
../STemWin/Lib\STemWin532_CM4_GCC.a(FRAMEWIN.o)
                              ../STemWin/Lib\STemWin532_CM4_GCC.a(FRAMEWIN_SetTitleVis.o) (FRAMEWIN__UpdatePositions)
../STemWin/Lib\STemWin532_CM4_GCC.a(DIALOG.o)
                              ../STemWin/Lib\STemWin532_CM4_GCC.a(WIDGET.o) (DIALOG_GetBkColor)
../STemWin/Lib\STemWin532_CM4_GCC.a(WM__UpdateChildPositions.o)
                              ../STemWin/Lib\STemWin532_CM4_GCC.a(WIDGET.o) (WM__UpdateChildPositions)
../STemWin/Lib\STemWin532_CM4_GCC.a(WM__SendMessage.o)
                              ../STemWin/Lib\STemWin532_CM4_GCC.a(FRAMEWIN.o) (WM__SendMessage)
../STemWin/Lib\STemWin532_CM4_GCC.a(WM__Screen2Client.o)
                              ../STemWin/Lib\STemWin532_CM4_GCC.a(WIDGET.o) (WM__Screen2Client)
../STemWin/Lib\STemWin532_CM4_GCC.a(WM__IsAncestor.o)
                              ../STemWin/Lib\STemWin532_CM4_GCC.a(WINDOW.o) (WM__IsAncestor)
../STemWin/Lib\STemWin532_CM4_GCC.a(WM_UserData.o)
                              ../STemWin/Lib\STemWin532_CM4_GCC.a(WINDOW.o) (WM__GetUserDataEx)
../STemWin/Lib\STemWin532_CM4_GCC.a(WM_Show.o)
                              ../STemWin/Lib\STemWin532_CM4_GCC.a(FRAMEWIN_SetTitleVis.o) (WM_ShowWindow)
../STemWin/Lib\STemWin532_CM4_GCC.a(WM_SetTrans.o)
                              ../STemWin/Lib\STemWin532_CM4_GCC.a(TEXT.o) (WM_GetHasTrans)
../STemWin/Lib\STemWin532_CM4_GCC.a(WM_SetSize.o)
                              ../STemWin/Lib\STemWin532_CM4_GCC.a(IMAGE.o) (WM_SetSize)
../STemWin/Lib\STemWin532_CM4_GCC.a(WM_SetScrollState.o)
                              ../STemWin/Lib\STemWin532_CM4_GCC.a(WIDGET.o) (WM_SetScrollState)
../STemWin/Lib\STemWin532_CM4_GCC.a(WM_SetFocusOnPrevChild.o)
                              ../STemWin/Lib\STemWin532_CM4_GCC.a(WINDOW.o) (WM_SetFocusOnPrevChild)
../STemWin/Lib\STemWin532_CM4_GCC.a(WM_SetFocusOnNextChild.o)
                              ../STemWin/Lib\STemWin532_CM4_GCC.a(WINDOW.o) (WM_SetFocusOnNextChild)
../STemWin/Lib\STemWin532_CM4_GCC.a(WM_SetFocus.o)
                              ../STemWin/Lib\STemWin532_CM4_GCC.a(WINDOW.o) (WM_SetFocus)
../STemWin/Lib\STemWin532_CM4_GCC.a(WM_SetCaptureMove.o)
                              ../STemWin/Lib\STemWin532_CM4_GCC.a(FRAMEWIN.o) (WM_SetCaptureMove)
../STemWin/Lib\STemWin532_CM4_GCC.a(WM_SetCapture.o)
                              ../STemWin/Lib\STemWin532_CM4_GCC.a(WM_SetCaptureMove.o) (WM_SetCapture)
../STemWin/Lib\STemWin532_CM4_GCC.a(WM_SendMessageNoPara.o)
[...]
Memory Configuration

Name             Origin             Length             Attributes
FLASH            0x08000000         0x00200000         xr
RAM              0x20000000         0x00030000         xrw
CCMRAM           0x10000000         0x00010000         rw
*default*        0x00000000         0xffffffff

Linker script and memory map

LOAD c:/myprogram/ac6/systemworkbench/plugins/fr.ac6.mcu.externaltools.arm-none.win32_1.3.0.201507241045/tools/compiler/bin/../lib/gcc/arm-none-eabi/4.9.3/armv7e-m/fpu/crti.o
LOAD c:/myprogram/ac6/systemworkbench/plugins/fr.ac6.mcu.externaltools.arm-none.win32_1.3.0.201507241045/tools/compiler/bin/../lib/gcc/arm-none-eabi/4.9.3/armv7e-m/fpu/crtbegin.o
LOAD c:/myprogram/ac6/systemworkbench/plugins/fr.ac6.mcu.externaltools.arm-none.win32_1.3.0.201507241045/tools/compiler/bin/../lib/gcc/arm-none-eabi/4.9.3/../../../../arm-none-eabi/lib/armv7e-m/fpu/crt0.o
LOAD c:/myprogram/ac6/systemworkbench/plugins/fr.ac6.mcu.externaltools.arm-none.win32_1.3.0.201507241045/tools/compiler/bin/../lib/gcc/arm-none-eabi/4.9.3/../../../../arm-none-eabi/lib/armv7e-m/fpu\libm.a
LOAD Src/Page_One.o
LOAD Src/Page_Three.o
LOAD Src/Page_Two.o
LOAD Src/ParticleSensor.o
LOAD Src/ili9488.o
LOAD Src/main.o
LOAD Src/stm32f4xx_hal_msp.o
LOAD Src/stm32f4xx_it.o
LOAD STemWin/Picture/AeraMax Pro Logo QR.o
LOAD STemWin/Picture/Brightness Icon Black.o
LOAD STemWin/Picture/FramewinDLG.o
LOAD STemWin/Picture/Products_Standard_Filter.o
LOAD STemWin/Picture/WindowDLG.o
LOAD STemWin/OS/GUI_X.o
LOAD STemWin/Font/Calibri73.o
LOAD STemWin/Font/Calibri_11_Bold.o
LOAD STemWin/Font/Calibri_13_Bold.o
LOAD STemWin/Font/Calibri_15_Bold.o
LOAD STemWin/Font/Calibri_19_Bold.o
LOAD STemWin/Font/Calibri_99.o
LOAD STemWin/Font/Calibri_9_Bold.o
LOAD STemWin/Config/GUIConf.o
LOAD STemWin/Config/LCDConf_Lin_Template.o
LOAD Drivers/STM32F4xx_HAL_Driver/Src/stm32f4xx_hal.o
LOAD Drivers/STM32F4xx_HAL_Driver/Src/stm32f4xx_hal_cortex.o
LOAD Drivers/STM32F4xx_HAL_Driver/Src/stm32f4xx_hal_dma.o
LOAD Drivers/STM32F4xx_HAL_Driver/Src/stm32f4xx_hal_dma_ex.o
LOAD Drivers/STM32F4xx_HAL_Driver/Src/stm32f4xx_hal_dsi.o
LOAD Drivers/STM32F4xx_HAL_Driver/Src/stm32f4xx_hal_flash.o
LOAD Drivers/STM32F4xx_HAL_Driver/Src/stm32f4xx_hal_flash_ex.o
LOAD Drivers/STM32F4xx_HAL_Driver/Src/stm32f4xx_hal_flash_ramfunc.o
LOAD Drivers/STM32F4xx_HAL_Driver/Src/stm32f4xx_hal_gpio.o
LOAD Drivers/STM32F4xx_HAL_Driver/Src/stm32f4xx_hal_ltdc.o
LOAD Drivers/STM32F4xx_HAL_Driver/Src/stm32f4xx_hal_ltdc_ex.o
LOAD Drivers/STM32F4xx_HAL_Driver/Src/stm32f4xx_hal_pwr.o
LOAD Drivers/STM32F4xx_HAL_Driver/Src/stm32f4xx_hal_pwr_ex.o
LOAD Drivers/STM32F4xx_HAL_Driver/Src/stm32f4xx_hal_rcc.o
LOAD Drivers/STM32F4xx_HAL_Driver/Src/stm32f4xx_hal_rcc_ex.o
LOAD Drivers/STM32F4xx_HAL_Driver/Src/stm32f4xx_hal_sdram.o
LOAD Drivers/STM32F4xx_HAL_Driver/Src/stm32f4xx_hal_tim.o
LOAD Drivers/STM32F4xx_HAL_Driver/Src/stm32f4xx_hal_tim_ex.o
LOAD Drivers/STM32F4xx_HAL_Driver/Src/stm32f4xx_hal_uart.o
LOAD Drivers/STM32F4xx_HAL_Driver/Src/stm32f4xx_hal_usart.o
LOAD Drivers/STM32F4xx_HAL_Driver/Src/stm32f4xx_ll_fmc.o
LOAD Drivers/CMSIS/Device/ST/STM32F4xx/Source/Templates/system_stm32f4xx.o
LOAD Drivers/CMSIS/Device/ST/STM32F4xx/Source/Templates/gcc/startup_stm32f429xx.o
LOAD ../STemWin/Lib\STemWin532_CM4_GCC.a
START GROUP
LOAD c:/myprogram/ac6/systemworkbench/plugins/fr.ac6.mcu.externaltools.arm-none.win32_1.3.0.201507241045/tools/compiler/bin/../lib/gcc/arm-none-eabi/4.9.3/armv7e-m/fpu\libgcc.a
LOAD c:/myprogram/ac6/systemworkbench/plugins/fr.ac6.mcu.externaltools.arm-none.win32_1.3.0.201507241045/tools/compiler/bin/../lib/gcc/arm-none-eabi/4.9.3/../../../../arm-none-eabi/lib/armv7e-m/fpu\libc_nano.a
END GROUP
START GROUP
LOAD c:/myprogram/ac6/systemworkbench/plugins/fr.ac6.mcu.externaltools.arm-none.win32_1.3.0.201507241045/tools/compiler/bin/../lib/gcc/arm-none-eabi/4.9.3/armv7e-m/fpu\libgcc.a
LOAD c:/myprogram/ac6/systemworkbench/plugins/fr.ac6.mcu.externaltools.arm-none.win32_1.3.0.201507241045/tools/compiler/bin/../lib/gcc/arm-none-eabi/4.9.3/../../../../arm-none-eabi/lib/armv7e-m/fpu\libc_nano.a
LOAD c:/myprogram/ac6/systemworkbench/plugins/fr.ac6.mcu.externaltools.arm-none.win32_1.3.0.201507241045/tools/compiler/bin/../lib/gcc/arm-none-eabi/4.9.3/../../../../arm-none-eabi/lib/armv7e-m/fpu\libnosys.a
END GROUP
START GROUP
LOAD c:/myprogram/ac6/systemworkbench/plugins/fr.ac6.mcu.externaltools.arm-none.win32_1.3.0.201507241045/tools/compiler/bin/../lib/gcc/arm-none-eabi/4.9.3/armv7e-m/fpu\libgcc.a
LOAD c:/myprogram/ac6/systemworkbench/plugins/fr.ac6.mcu.externaltools.arm-none.win32_1.3.0.201507241045/tools/compiler/bin/../lib/gcc/arm-none-eabi/4.9.3/../../../../arm-none-eabi/lib/armv7e-m/fpu\libc_nano.a
LOAD c:/myprogram/ac6/systemworkbench/plugins/fr.ac6.mcu.externaltools.arm-none.win32_1.3.0.201507241045/tools/compiler/bin/../lib/gcc/arm-none-eabi/4.9.3/../../../../arm-none-eabi/lib/armv7e-m/fpu\libnosys.a
END GROUP
LOAD c:/myprogram/ac6/systemworkbench/plugins/fr.ac6.mcu.externaltools.arm-none.win32_1.3.0.201507241045/tools/compiler/bin/../lib/gcc/arm-none-eabi/4.9.3/armv7e-m/fpu/crtend.o
LOAD c:/myprogram/ac6/systemworkbench/plugins/fr.ac6.mcu.externaltools.arm-none.win32_1.3.0.201507241045/tools/compiler/bin/../lib/gcc/arm-none-eabi/4.9.3/armv7e-m/fpu/crtn.o
                0x20030000                _estack = 0x20030000
                0x00000200                _Min_Heap_Size = 0x200
                0x00000400                _Min_Stack_Size = 0x400

.isr_vector     0x08000000      0x1ac
                0x08000000                . = ALIGN (0x4)
 *(.isr_vector)
 .isr_vector    0x08000000      0x1ac Drivers/CMSIS/Device/ST/STM32F4xx/Source/Templates/gcc/startup_stm32f429xx.o
                0x08000000                g_pfnVectors
                0x080001ac                . = ALIGN (0x4)

.text           0x080001ac     0xa4f4
                0x080001ac                . = ALIGN (0x4)
 *(.text)
 .text          0x080001ac       0x5c c:/myprogram/ac6/systemworkbench/plugins/fr.ac6.mcu.externaltools.arm-none.win32_1.3.0.201507241045/tools/compiler/bin/../lib/gcc/arm-none-eabi/4.9.3/armv7e-m/fpu/crtbegin.o
 *(.text*)
 .text.Value2String
                0x08000208       0x5a Src/Page_One.o
                0x08000208                Value2String
 *fill*         0x08000262        0x2 
 .text.Page_One_Init
                0x08000264      0x3c4 Src/Page_One.o
                0x08000264                Page_One_Init
 .text.Handle_Page_One
                0x08000628       0x78 Src/Page_One.o
                0x08000628                Handle_Page_One
 .text.Sensor_Recv_Handler
                0x080006a0       0x7e Src/ParticleSensor.o
                0x080006a0                Sensor_Recv_Handler
 *fill*         0x0800071e        0x2 
 .text.UART4_IRQHandler
                0x08000720       0x1c Src/ParticleSensor.o
                0x08000720                UART4_IRQHandler
 .text.FrameCheck
                0x0800073c       0x3a Src/ParticleSensor.o
                0x0800073c                FrameCheck
 .text.WordSwap
                0x08000776        0x6 Src/ParticleSensor.o
                0x08000776                WordSwap
 .text.SPI_SendData
                0x0800077c       0x4c Src/ili9488.o
                0x0800077c                SPI_SendData
 .text.SPI_WriteComm
                0x080007c8       0x68 Src/ili9488.o
                0x080007c8                SPI_WriteComm
 .text.SPI_WriteData
                0x08000830       0x68 Src/ili9488.o
                0x08000830                SPI_WriteData
 .text.ili9488_Init
                0x08000898      0x1d4 Src/ili9488.o
                0x08000898                ili9488_Init
 .text.SystemClock_Config
                0x08000a6c       0xcc Src/main.o
                0x08000a6c                SystemClock_Config
 .text.MX_LTDC_Init
                0x08000b38       0xa8 Src/main.o
                0x08000b38                MX_LTDC_Init
 .text.BSP_SDRAM_Initialization_sequence
                0x08000be0       0x9c Src/main.o
                0x08000be0                BSP_SDRAM_Initialization_sequence
 .text.UART4_Init
                0x08000c7c       0x8c Src/main.o
                0x08000c7c                UART4_Init
 .text.startup.main
                0x08000d08      0x1a8 Src/main.o
                0x08000d08                main
 .text.HAL_MspInit
                0x08000eb0       0x60 Src/stm32f4xx_hal_msp.o
                0x08000eb0                HAL_MspInit
 .text.HAL_LTDC_MspInit
                0x08000f10       0xf8 Src/stm32f4xx_hal_msp.o
                0x08000f10                HAL_LTDC_MspInit
 .text.HAL_SDRAM_MspInit
                0x08001008       0xd8 Src/stm32f4xx_hal_msp.o
                0x08001008                HAL_SDRAM_MspInit
 .text.NMI_Handler
                0x080010e0        0x2 Src/stm32f4xx_it.o
                0x080010e0                NMI_Handler
 .text.HardFault_Handler
                0x080010e2        0x2 Src/stm32f4xx_it.o
                0x080010e2                HardFault_Handler
 .text.MemManage_Handler
                0x080010e4        0x2 Src/stm32f4xx_it.o
                0x080010e4                MemManage_Handler
 .text.BusFault_Handler
                0x080010e6        0x2 Src/stm32f4xx_it.o
                0x080010e6                BusFault_Handler
 .text.UsageFault_Handler
                0x080010e8        0x2 Src/stm32f4xx_it.o
                0x080010e8                UsageFault_Handler
 .text.SVC_Handler
                0x080010ea        0x2 Src/stm32f4xx_it.o
                0x080010ea                SVC_Handler
 .text.DebugMon_Handler
                0x080010ec        0x2 Src/stm32f4xx_it.o
                0x080010ec                DebugMon_Handler
 .text.PendSV_Handler
                0x080010ee        0x2 Src/stm32f4xx_it.o
                0x080010ee                PendSV_Handler
 .text.SysTick_Handler
                0x080010f0        0xe Src/stm32f4xx_it.o
                0x080010f0                SysTick_Handler
 .text.GUI_X_Init
                0x080010fe        0x2 STemWin/OS/GUI_X.o
                0x080010fe                GUI_X_Init
 .text.GUI_X_Config
                0x08001100       0x20 STemWin/Config/GUIConf.o
                0x08001100                GUI_X_Config
 .text.LCD_X_Config
                0x08001120       0x60 STemWin/Config/LCDConf_Lin_Template.o
                0x08001120                LCD_X_Config
 .text.LCD_X_DisplayDriver
                0x08001180       0x26 STemWin/Config/LCDConf_Lin_Template.o
                0x08001180                LCD_X_DisplayDriver
 *fill*         0x080011a6        0x2 
 .text.HAL_InitTick
                0x080011a8       0x28 Drivers/STM32F4xx_HAL_Driver/Src/stm32f4xx_hal.o
                0x080011a8                HAL_InitTick
 .text.HAL_Init
                0x080011d0       0x34 Drivers/STM32F4xx_HAL_Driver/Src/stm32f4xx_hal.o
                0x080011d0                HAL_Init
 .text.HAL_IncTick
                0x08001204       0x10 Drivers/STM32F4xx_HAL_Driver/Src/stm32f4xx_hal.o
                0x08001204                HAL_IncTick
 .text.HAL_GetTick
                0x08001214        0xc Drivers/STM32F4xx_HAL_Driver/Src/stm32f4xx_hal.o
                0x08001214                HAL_GetTick
 .text.HAL_Delay
                0x08001220       0x1e Drivers/STM32F4xx_HAL_Driver/Src/stm32f4xx_hal.o
                0x08001220                HAL_Delay
 *fill*         0x0800123e        0x2 
 .text.HAL_NVIC_SetPriorityGrouping
                0x08001240       0x24 Drivers/STM32F4xx_HAL_Driver/Src/stm32f4xx_hal_cortex.o
                0x08001240                HAL_NVIC_SetPriorityGrouping
 .text.HAL_NVIC_SetPriority
                0x08001264       0x60 Drivers/STM32F4xx_HAL_Driver/Src/stm32f4xx_hal_cortex.o
                0x08001264                HAL_NVIC_SetPriority
 .text.HAL_NVIC_EnableIRQ
                0x080012c4       0x18 Drivers/STM32F4xx_HAL_Driver/Src/stm32f4xx_hal_cortex.o
                0x080012c4                HAL_NVIC_EnableIRQ
 .text.HAL_SYSTICK_Config
                0x080012dc       0x2c Drivers/STM32F4xx_HAL_Driver/Src/stm32f4xx_hal_cortex.o
                0x080012dc                HAL_SYSTICK_Config
 .text.HAL_SYSTICK_CLKSourceConfig
                0x08001308       0x18 Drivers/STM32F4xx_HAL_Driver/Src/stm32f4xx_hal_cortex.o
                0x08001308                HAL_SYSTICK_CLKSourceConfig
 .text.HAL_SYSTICK_Callback
                0x08001320        0x2 Drivers/STM32F4xx_HAL_Driver/Src/stm32f4xx_hal_cortex.o
                0x08001320                HAL_SYSTICK_Callback
 .text.HAL_SYSTICK_IRQHandler
                0x08001322        0x8 Drivers/STM32F4xx_HAL_Driver/Src/stm32f4xx_hal_cortex.o
                0x08001322                HAL_SYSTICK_IRQHandler
 *fill*         0x0800132a        0x2 
 .text.HAL_GPIO_Init
                0x0800132c      0x1e0 Drivers/STM32F4xx_HAL_Driver/Src/stm32f4xx_hal_gpio.o
                0x0800132c                HAL_GPIO_Init
 .text.HAL_GPIO_WritePin
                0x0800150c        0x8 Drivers/STM32F4xx_HAL_Driver/Src/stm32f4xx_hal_gpio.o
                0x0800150c                HAL_GPIO_WritePin
 .text.LTDC_SetConfig
                0x08001514      0x112 Drivers/STM32F4xx_HAL_Driver/Src/stm32f4xx_hal_ltdc.o
 *fill*         0x08001626        0x2 
 .text.HAL_LTDC_Init
                0x08001628       0xe8 Drivers/STM32F4xx_HAL_Driver/Src/stm32f4xx_hal_ltdc.o
                0x08001628                HAL_LTDC_Init
 .text.HAL_LTDC_ConfigLayer
                0x08001710       0x52 Drivers/STM32F4xx_HAL_Driver/Src/stm32f4xx_hal_ltdc.o
                0x08001710                HAL_LTDC_ConfigLayer
 *fill*         0x08001762        0x2 
 .text.HAL_PWREx_EnableOverDrive
                0x08001764       0x98 Drivers/STM32F4xx_HAL_Driver/Src/stm32f4xx_hal_pwr_ex.o
                0x08001764                HAL_PWREx_EnableOverDrive
 .text.HAL_RCC_OscConfig
                0x080017fc      0x2c4 Drivers/STM32F4xx_HAL_Driver/Src/stm32f4xx_hal_rcc.o
                0x080017fc                HAL_RCC_OscConfig
 .text.HAL_RCC_GetSysClockFreq
                0x08001ac0       0x80 Drivers/STM32F4xx_HAL_Driver/Src/stm32f4xx_hal_rcc.o
                0x08001ac0                HAL_RCC_GetSysClockFreq
 .text.HAL_RCC_ClockConfig
                0x08001b40      0x174 Drivers/STM32F4xx_HAL_Driver/Src/stm32f4xx_hal_rcc.o
                0x08001b40                HAL_RCC_ClockConfig
 .text.HAL_RCC_GetHCLKFreq
                0x08001cb4        0xc Drivers/STM32F4xx_HAL_Driver/Src/stm32f4xx_hal_rcc.o
                0x08001cb4                HAL_RCC_GetHCLKFreq
 .text.HAL_RCC_GetPCLK1Freq
                0x08001cc0       0x30 Drivers/STM32F4xx_HAL_Driver/Src/stm32f4xx_hal_rcc.o
                0x08001cc0                HAL_RCC_GetPCLK1Freq
 .text.HAL_RCC_GetPCLK2Freq
                0x08001cf0       0x30 Drivers/STM32F4xx_HAL_Driver/Src/stm32f4xx_hal_rcc.o
                0x08001cf0                HAL_RCC_GetPCLK2Freq
 .text.HAL_RCCEx_PeriphCLKConfig
                0x08001d20      0x2c0 Drivers/STM32F4xx_HAL_Driver/Src/stm32f4xx_hal_rcc_ex.o
                0x08001d20                HAL_RCCEx_PeriphCLKConfig
 .text.HAL_SDRAM_Init
                0x08001fe0       0x40 Drivers/STM32F4xx_HAL_Driver/Src/stm32f4xx_hal_sdram.o
                0x08001fe0                HAL_SDRAM_Init
 .text.HAL_SDRAM_SendCommand
                0x08002020       0x2e Drivers/STM32F4xx_HAL_Driver/Src/stm32f4xx_hal_sdram.o
                0x08002020                HAL_SDRAM_SendCommand
 .text.HAL_SDRAM_ProgramRefreshRate
                0x0800204e       0x24 Drivers/STM32F4xx_HAL_Driver/Src/stm32f4xx_hal_sdram.o
                0x0800204e                HAL_SDRAM_ProgramRefreshRate
 *fill*         0x08002072        0x2 
 .text.UART_SetConfig
                0x08002074      0x148 Drivers/STM32F4xx_HAL_Driver/Src/stm32f4xx_hal_uart.o
 .text.HAL_UART_MspInit
                0x080021bc        0x2 Drivers/STM32F4xx_HAL_Driver/Src/stm32f4xx_hal_uart.o
                0x080021bc                HAL_UART_MspInit
 .text.HAL_UART_Init
                0x080021be       0x58 Drivers/STM32F4xx_HAL_Driver/Src/stm32f4xx_hal_uart.o
                0x080021be                HAL_UART_Init
 .text.FMC_SDRAM_Init
                0x08002216       0x82 Drivers/STM32F4xx_HAL_Driver/Src/stm32f4xx_ll_fmc.o
                0x08002216                FMC_SDRAM_Init
 .text.FMC_SDRAM_Timing_Init
                0x08002298       0x98 Drivers/STM32F4xx_HAL_Driver/Src/stm32f4xx_ll_fmc.o
                0x08002298                FMC_SDRAM_Timing_Init
 .text.FMC_SDRAM_SendCommand
                0x08002330       0x4c Drivers/STM32F4xx_HAL_Driver/Src/stm32f4xx_ll_fmc.o
                0x08002330                FMC_SDRAM_SendCommand
 .text.FMC_SDRAM_ProgramRefreshRate
                0x0800237c        0xc Drivers/STM32F4xx_HAL_Driver/Src/stm32f4xx_ll_fmc.o
                0x0800237c                FMC_SDRAM_ProgramRefreshRate
 .text.SystemInit
                0x08002388       0x4c Drivers/CMSIS/Device/ST/STM32F4xx/Source/Templates/system_stm32f4xx.o
                0x08002388                SystemInit
 .text.Reset_Handler
                0x080023d4       0x50 Drivers/CMSIS/Device/ST/STM32F4xx/Source/Templates/gcc/startup_stm32f429xx.o
                0x080023d4                Reset_Handler
 .text.Default_Handler
                0x08002424        0x2 Drivers/CMSIS/Device/ST/STM32F4xx/Source/Templates/gcc/startup_stm32f429xx.o
                0x08002424                RTC_Alarm_IRQHandler
                0x08002424                HASH_RNG_IRQHandler
                0x08002424                EXTI2_IRQHandler
                0x08002424                TIM8_CC_IRQHandler
                0x08002424                UART8_IRQHandler
                0x08002424                SPI4_IRQHandler
                0x08002424                TIM1_CC_IRQHandler
                0x08002424                DMA2_Stream5_IRQHandler
                0x08002424                DMA1_Stream5_IRQHandler
                0x08002424                PVD_IRQHandler
                0x08002424                SDIO_IRQHandler
                0x08002424                TAMP_STAMP_IRQHandler
                0x08002424                CAN2_RX1_IRQHandler
                0x08002424                EXTI3_IRQHandler
                0x08002424                TIM8_TRG_COM_TIM14_IRQHandler
                0x08002424                TIM1_UP_TIM10_IRQHandler
                0x08002424                TIM8_UP_TIM13_IRQHandler
                0x08002424                I2C3_ER_IRQHandler
                0x08002424                EXTI0_IRQHandler
                0x08002424                I2C2_EV_IRQHandler
                0x08002424                DMA1_Stream2_IRQHandler
                0x08002424                CAN1_RX0_IRQHandler
                0x08002424                FPU_IRQHandler
                0x08002424                OTG_HS_WKUP_IRQHandler
                0x08002424                LTDC_ER_IRQHandler
                0x08002424                CAN2_SCE_IRQHandler
                0x08002424                DMA2_Stream2_IRQHandler
                0x08002424                SPI1_IRQHandler
                0x08002424                TIM6_DAC_IRQHandler
                0x08002424                TIM1_BRK_TIM9_IRQHandler
                0x08002424                DCMI_IRQHandler
                0x08002424                CAN2_RX0_IRQHandler
                0x08002424                DMA2_Stream3_IRQHandler
                0x08002424                USART6_IRQHandler
                0x08002424                USART3_IRQHandler
                0x08002424                CAN1_RX1_IRQHandler
                0x08002424                UART5_IRQHandler
                0x08002424                DMA2_Stream0_IRQHandler
                0x08002424                TIM4_IRQHandler
                0x08002424                I2C1_EV_IRQHandler
                0x08002424                DMA1_Stream6_IRQHandler
                0x08002424                DMA1_Stream1_IRQHandler
                0x08002424                TIM3_IRQHandler
                0x08002424                RCC_IRQHandler
                0x08002424                TIM8_BRK_TIM12_IRQHandler
                0x08002424                Default_Handler
                0x08002424                EXTI15_10_IRQHandler
                0x08002424                ADC_IRQHandler
                0x08002424                DMA1_Stream7_IRQHandler
                0x08002424                SPI5_IRQHandler
                0x08002424                TIM7_IRQHandler
                0x08002424                CAN2_TX_IRQHandler
                0x08002424                TIM5_IRQHandler
                0x08002424                DMA2_Stream7_IRQHandler
                0x08002424                I2C3_EV_IRQHandler
                0x08002424                EXTI9_5_IRQHandler
                0x08002424                RTC_WKUP_IRQHandler
                0x08002424                LTDC_IRQHandler
                0x08002424                ETH_WKUP_IRQHandler
                0x08002424                SPI2_IRQHandler
                0x08002424                OTG_HS_EP1_IN_IRQHandler
                0x08002424                DMA1_Stream0_IRQHandler
                0x08002424                CAN1_TX_IRQHandler
                0x08002424                EXTI4_IRQHandler
                0x08002424                ETH_IRQHandler
                0x08002424                OTG_HS_EP1_OUT_IRQHandler
                0x08002424                WWDG_IRQHandler
                0x08002424                SPI6_IRQHandler
                0x08002424                TIM2_IRQHandler
                0x08002424                OTG_FS_WKUP_IRQHandler
                0x08002424                TIM1_TRG_COM_TIM11_IRQHandler
                0x08002424                OTG_HS_IRQHandler
                0x08002424                DMA2D_IRQHandler
                0x08002424                EXTI1_IRQHandler
                0x08002424                UART7_IRQHandler
                0x08002424                USART2_IRQHandler
                0x08002424                I2C2_ER_IRQHandler
                0x08002424                DMA2_Stream1_IRQHandler
                0x08002424                CAN1_SCE_IRQHandler
                0x08002424                FLASH_IRQHandler
                0x08002424                DMA2_Stream4_IRQHandler
                0x08002424                USART1_IRQHandler
                0x08002424                OTG_FS_IRQHandler
                0x08002424                SPI3_IRQHandler
                0x08002424                DMA1_Stream4_IRQHandler
                0x08002424                I2C1_ER_IRQHandler
                0x08002424                FMC_IRQHandler
                0x08002424                DMA2_Stream6_IRQHandler
                0x08002424                SAI1_IRQHandler
                0x08002424                DMA1_Stream3_IRQHandler
 .text.WM__UpdateChildPositions
                0x08002426       0xf4 ../STemWin/Lib\STemWin532_CM4_GCC.a(WM__UpdateChildPositions.o)
                0x08002426                WM__UpdateChildPositions
 *fill*         0x0800251a        0x2 
 .text.WM__SendMessage
                0x0800251c       0x3c ../STemWin/Lib\STemWin532_CM4_GCC.a(WM__SendMessage.o)
                0x0800251c                WM__SendMessage
 .text.WM_SetSize
                0x08002558       0x48 ../STemWin/Lib\STemWin532_CM4_GCC.a(WM_SetSize.o)
                0x08002558                WM_SetSize
 .text.WM_SendMessageNoPara
                0x080025a0        0x4 ../STemWin/Lib\STemWin532_CM4_GCC.a(WM_SendMessageNoPara.o)
                0x080025a0                WM_SendMessageNoPara
 .text.WM_ResizeWindow
                0x080025a4       0xf6 ../STemWin/Lib\STemWin532_CM4_GCC.a(WM_ResizeWindow.o)
                0x080025a4                WM_ResizeWindow
 .text.WM_NotifyParent
                0x0800269a       0x14 ../STemWin/Lib\STemWin532_CM4_GCC.a(WM_NotifyParent.o)
                0x0800269a                WM_NotifyParent
 .text._MoveDescendents
                0x080026ae       0x6c ../STemWin/Lib\STemWin532_CM4_GCC.a(WM_Move.o)
 .text.WM__MoveWindow
                0x0800271a       0xa8 ../STemWin/Lib\STemWin532_CM4_GCC.a(WM_Move.o)
                0x0800271a                WM__MoveWindow
 .text.WM_MoveWindow
                0x080027c2        0x4 ../STemWin/Lib\STemWin532_CM4_GCC.a(WM_Move.o)
                0x080027c2                WM_MoveWindow
 .text.WM_GetParent
                0x080027c6       0x10 ../STemWin/Lib\STemWin532_CM4_GCC.a(WM_GetParent.o)
                0x080027c6                WM_GetParent
 .text.WM_GetFirstChild
                0x080027d6       0x10 ../STemWin/Lib\STemWin532_CM4_GCC.a(WM_GetFirstChild.o)
                0x080027d6                WM_GetFirstChild
 *fill*         0x080027e6        0x2 
 .text.WM_GetDesktopWindow
                0x080027e8       0x18 ../STemWin/Lib\STemWin532_CM4_GCC.a(WM_GetDesktopWindow.o)
                0x080027e8                WM_GetDesktopWindow
 .text.WM__GetClientRectEx
                0x08002800       0x22 ../STemWin/Lib\STemWin532_CM4_GCC.a(WM_GetClientRect.o)
                0x08002800                WM__GetClientRectEx
 *fill*         0x08002822        0x2 
 .text.WM_GetClientRect
                0x08002824       0x1c ../STemWin/Lib\STemWin532_CM4_GCC.a(WM_GetClientRect.o)
                0x08002824                WM_GetClientRect
 .text._OnExit  0x08002840       0x50 ../STemWin/Lib\STemWin532_CM4_GCC.a(WM.o)
 .text._Paint1  0x08002890       0x24 ../STemWin/Lib\STemWin532_CM4_GCC.a(WM.o)
 .text._Findy1  0x080028b4       0xac ../STemWin/Lib\STemWin532_CM4_GCC.a(WM.o)
 .text._Findx0  0x08002960       0x88 ../STemWin/Lib\STemWin532_CM4_GCC.a(WM.o)
 .text._Findx1  0x080029e8       0x76 ../STemWin/Lib\STemWin532_CM4_GCC.a(WM.o)
 *fill*         0x08002a5e        0x2 
 .text._Paint1Trans
                0x08002a60       0x94 ../STemWin/Lib\STemWin532_CM4_GCC.a(WM.o)
 .text._PaintTransChildren
                0x08002af4       0xb6 ../STemWin/Lib\STemWin532_CM4_GCC.a(WM.o)
 *fill*         0x08002baa        0x2 
 .text.WM__PaintWinAndOverlays
                0x08002bac       0x78 ../STemWin/Lib\STemWin532_CM4_GCC.a(WM.o)
 .text._cbPaintMemDev
                0x08002c24       0x68 ../STemWin/Lib\STemWin532_CM4_GCC.a(WM.o)
 .text.WM__ClipAtParentBorders
                0x08002c8c       0x5c ../STemWin/Lib\STemWin532_CM4_GCC.a(WM.o)
                0x08002c8c                WM__ClipAtParentBorders
 .text.WM__InsertWindowIntoList
                0x08002ce8       0xa4 ../STemWin/Lib\STemWin532_CM4_GCC.a(WM.o)
                0x08002ce8                WM__InsertWindowIntoList
 .text.WM__RemoveWindowFromList
                0x08002d8c       0x3c ../STemWin/Lib\STemWin532_CM4_GCC.a(WM.o)
                0x08002d8c                WM__RemoveWindowFromList
 .text.WM__Client2Screen
                0x08002dc8       0x10 ../STemWin/Lib\STemWin532_CM4_GCC.a(WM.o)
                0x08002dc8                WM__Client2Screen
 .text._SetClipRectUserIntersect
                0x08002dd8       0x50 ../STemWin/Lib\STemWin532_CM4_GCC.a(WM.o)
 .text.WM__ActivateClipRect
                0x08002e28       0x48 ../STemWin/Lib\STemWin532_CM4_GCC.a(WM.o)
                0x08002e28                WM__ActivateClipRect
 .text.WM__IsWindow
                0x08002e70       0x20 ../STemWin/Lib\STemWin532_CM4_GCC.a(WM.o)
                0x08002e70                WM__IsWindow
 .text.WM__InvalidateDrawAndDescs
                0x08002e90       0x50 ../STemWin/Lib\STemWin532_CM4_GCC.a(WM.o)
                0x08002e90                WM__InvalidateDrawAndDescs
 .text.WM__RectIsNZ
                0x08002ee0       0x22 ../STemWin/Lib\STemWin532_CM4_GCC.a(WM.o)
                0x08002ee0                WM__RectIsNZ
 *fill*         0x08002f02        0x2 
 .text._Invalidate1Abs
                0x08002f04       0x88 ../STemWin/Lib\STemWin532_CM4_GCC.a(WM.o)
 .text.WM__Invalidate1Abs
                0x08002f8c        0x6 ../STemWin/Lib\STemWin532_CM4_GCC.a(WM.o)
                0x08002f8c                WM__Invalidate1Abs
 .text.WM_InvalidateWindowAndDescsEx
                0x08002f92       0x64 ../STemWin/Lib\STemWin532_CM4_GCC.a(WM.o)
                0x08002f92                WM_InvalidateWindowAndDescsEx
 .text.WM__InvalidateRect
                0x08002ff6       0x78 ../STemWin/Lib\STemWin532_CM4_GCC.a(WM.o)
                0x08002ff6                WM__InvalidateRect
 .text.WM__InvalidateParent
                0x0800306e       0x2a ../STemWin/Lib\STemWin532_CM4_GCC.a(WM.o)
                0x0800306e                WM__InvalidateParent
 .text.WM__InvalidateRectEx
                0x08003098        0x6 ../STemWin/Lib\STemWin532_CM4_GCC.a(WM.o)
                0x08003098                WM__InvalidateRectEx
 .text.WM__DetachWindow
                0x0800309e       0x2a ../STemWin/Lib\STemWin532_CM4_GCC.a(WM.o)
                0x0800309e                WM__DetachWindow
 .text.WM__SendMsgNoData
                0x080030c8       0x16 ../STemWin/Lib\STemWin532_CM4_GCC.a(WM.o)
                0x080030c8                WM__SendMsgNoData
 .text.WM__GetClientRectWin
                0x080030de       0x18 ../STemWin/Lib\STemWin532_CM4_GCC.a(WM.o)
                0x080030de                WM__GetClientRectWin
 .text.WM_InvalidateRect
                0x080030f6       0x78 ../STemWin/Lib\STemWin532_CM4_GCC.a(WM.o)
                0x080030f6                WM_InvalidateRect
 .text.WM_InvalidateWindow
                0x0800316e        0x6 ../STemWin/Lib\STemWin532_CM4_GCC.a(WM.o)
                0x0800316e                WM_InvalidateWindow
 .text.WM__GetTopLevelLayer
                0x08003174       0x28 ../STemWin/Lib\STemWin532_CM4_GCC.a(WM.o)
                0x08003174                WM__GetTopLevelLayer
 .text.WM__SelectTopLevelLayer
                0x0800319c       0x14 ../STemWin/Lib\STemWin532_CM4_GCC.a(WM.o)
                0x0800319c                WM__SelectTopLevelLayer
 .text.WM_SelectWindow
                0x080031b0       0x40 ../STemWin/Lib\STemWin532_CM4_GCC.a(WM.o)
                0x080031b0                WM_SelectWindow
 .text.WM_CreateWindowAsChild
                0x080031f0      0x154 ../STemWin/Lib\STemWin532_CM4_GCC.a(WM.o)
                0x080031f0                WM_CreateWindowAsChild
 .text.WM_DeleteWindow
                0x08003344      0x114 ../STemWin/Lib\STemWin532_CM4_GCC.a(WM.o)
                0x08003344                WM_DeleteWindow
 .text.WM__GetNextIVR
                0x08003458      0x184 ../STemWin/Lib\STemWin532_CM4_GCC.a(WM.o)
                0x08003458                WM__GetNextIVR
 .text.WM__InitIVRSearch
                0x080035dc       0xfc ../STemWin/Lib\STemWin532_CM4_GCC.a(WM.o)
                0x080035dc                WM__InitIVRSearch
 .text.WM_SetDefault
                0x080036d8       0x14 ../STemWin/Lib\STemWin532_CM4_GCC.a(WM.o)
                0x080036d8                WM_SetDefault
 .text.WM__Paint1
                0x080036ec       0x90 ../STemWin/Lib\STemWin532_CM4_GCC.a(WM.o)
                0x080036ec                WM__Paint1
 .text.WM__Paint
                0x0800377c       0xac ../STemWin/Lib\STemWin532_CM4_GCC.a(WM.o)
                0x0800377c                WM__Paint
 .text.WM_Exec  0x08003828      0x15c ../STemWin/Lib\STemWin532_CM4_GCC.a(WM.o)
                0x08003828                WM_Exec
 .text.WM_Activate
                0x08003984       0x10 ../STemWin/Lib\STemWin532_CM4_GCC.a(WM.o)
                0x08003984                WM_Activate
 .text.WM_Deactivate
                0x08003994       0x14 ../STemWin/Lib\STemWin532_CM4_GCC.a(WM.o)
                0x08003994                WM_Deactivate
 .text.WM_DefaultProc
                0x080039a8       0x48 ../STemWin/Lib\STemWin532_CM4_GCC.a(WM.o)
                0x080039a8                WM_DefaultProc
 .text._cbBackWin
                0x080039f0       0x68 ../STemWin/Lib\STemWin532_CM4_GCC.a(WM.o)
 .text.WM_Init  0x08003a58       0xf4 ../STemWin/Lib\STemWin532_CM4_GCC.a(WM.o)
                0x08003a58                WM_Init
 .text.GUI_MEMDEV_WriteAt
                0x08003b4c       0x60 ../STemWin/Lib\STemWin532_CM4_GCC.a(GUIDEV_Write.o)
                0x08003b4c                GUI_MEMDEV_WriteAt
 .text.GUI_MEMDEV_Write
                0x08003bac        0xc ../STemWin/Lib\STemWin532_CM4_GCC.a(GUIDEV_Write.o)
                0x08003bac                GUI_MEMDEV_Write
 .text._CreateStaticDevice
                0x08003bb8      0x170 ../STemWin/Lib\STemWin532_CM4_GCC.a(GUIDEV_StaticDevices.o)
 .text.GUI_MEMDEV_Paint1Static
                0x08003d28       0x1c ../STemWin/Lib\STemWin532_CM4_GCC.a(GUIDEV_StaticDevices.o)
                0x08003d28                GUI_MEMDEV_Paint1Static
 .text.GUI_MEMDEV_SetOrg
                0x08003d44       0x54 ../STemWin/Lib\STemWin532_CM4_GCC.a(GUIDEV_SetOrg.o)
                0x08003d44                GUI_MEMDEV_SetOrg
 .text.GUI_MEMDEV_GetYSize
                0x08003d98       0x2c ../STemWin/Lib\STemWin532_CM4_GCC.a(GUIDEV_GetYSize.o)
                0x08003d98                GUI_MEMDEV_GetYSize
 .text.GUI_MEMDEV_GetDataPtr
                0x08003dc4       0x1e ../STemWin/Lib\STemWin532_CM4_GCC.a(GUIDEV_GetDataPtr.o)
                0x08003dc4                GUI_MEMDEV_GetDataPtr
 *fill*         0x08003de2        0x2 
 .text.GUI_MEMDEV_Clear
                0x08003de4       0x40 ../STemWin/Lib\STemWin532_CM4_GCC.a(GUIDEV_Clear.o)
                0x08003de4                GUI_MEMDEV_Clear
 .text.GUI_MEMDEV_Draw
                0x08003e24      0x150 ../STemWin/Lib\STemWin532_CM4_GCC.a(GUIDEV_Banding.o)
                0x08003e24                GUI_MEMDEV_Draw
 .text._GetDevData
                0x08003f74       0x10 ../STemWin/Lib\STemWin532_CM4_GCC.a(GUIDEV_32.o)
 .text._GetDevFunc
                0x08003f84       0x10 ../STemWin/Lib\STemWin532_CM4_GCC.a(GUIDEV_32.o)
 .text._GetDevProp
                0x08003f94        0xa ../STemWin/Lib\STemWin532_CM4_GCC.a(GUIDEV_32.o)
 .text._SetOrg  0x08003f9e        0xc ../STemWin/Lib\STemWin532_CM4_GCC.a(GUIDEV_32.o)
 .text._GetRect
                0x08003faa       0x32 ../STemWin/Lib\STemWin532_CM4_GCC.a(GUIDEV_32.o)
 .text._XY2PTR  0x08003fdc       0x40 ../STemWin/Lib\STemWin532_CM4_GCC.a(GUIDEV_32.o)
 .text._GetPixelIndex
                0x0800401c        0xe ../STemWin/Lib\STemWin532_CM4_GCC.a(GUIDEV_32.o)
 *fill*         0x0800402a        0x2 
 .text._XorPixel
                0x0800402c       0x5c ../STemWin/Lib\STemWin532_CM4_GCC.a(GUIDEV_32.o)
 .text._SetPixelIndex
                0x08004088       0x4c ../STemWin/Lib\STemWin532_CM4_GCC.a(GUIDEV_32.o)
 .text._DrawVLine
                0x080040d4       0xbc ../STemWin/Lib\STemWin532_CM4_GCC.a(GUIDEV_32.o)
 .text._FillRect
                0x08004190       0xb8 ../STemWin/Lib\STemWin532_CM4_GCC.a(GUIDEV_32.o)
 .text._DrawHLine
                0x08004248        0xe ../STemWin/Lib\STemWin532_CM4_GCC.a(GUIDEV_32.o)
 *fill*         0x08004256        0x2 
 .text._DrawBitmap
                0x08004258      0x738 ../STemWin/Lib\STemWin532_CM4_GCC.a(GUIDEV_32.o)
 .text.GUI_MEMDEV__WriteToActiveAt
                0x08004990       0x38 ../STemWin/Lib\STemWin532_CM4_GCC.a(GUIDEV.o)
                0x08004990                GUI_MEMDEV__WriteToActiveAt
 .text.GUI_MEMDEV__CreateFixed
                0x080049c8      0x104 ../STemWin/Lib\STemWin532_CM4_GCC.a(GUIDEV.o)
                0x080049c8                GUI_MEMDEV__CreateFixed
 .text.GUI_MEMDEV_GetBitsPerPixel
                0x08004acc       0x2a ../STemWin/Lib\STemWin532_CM4_GCC.a(GUIDEV.o)
                0x08004acc                GUI_MEMDEV_GetBitsPerPixel
 *fill*         0x08004af6        0x2 
 .text.GUI_MEMDEV_Delete
                0x08004af8       0x44 ../STemWin/Lib\STemWin532_CM4_GCC.a(GUIDEV.o)
                0x08004af8                GUI_MEMDEV_Delete
 .text.GUI_MEMDEV_CreateEx
                0x08004b3c       0x78 ../STemWin/Lib\STemWin532_CM4_GCC.a(GUIDEV.o)
                0x08004b3c                GUI_MEMDEV_CreateEx
 .text.GUI_MEMDEV_Select
                0x08004bb4       0x4c ../STemWin/Lib\STemWin532_CM4_GCC.a(GUIDEV.o)
                0x08004bb4                GUI_MEMDEV_Select
 .text.GUI_MEMDEV_CopyToLCDAt
                0x08004c00       0xa4 ../STemWin/Lib\STemWin532_CM4_GCC.a(GUIDEV.o)
                0x08004c00                GUI_MEMDEV_CopyToLCDAt
 .text.GUI_MEMDEV_CopyToLCD
                0x08004ca4        0xc ../STemWin/Lib\STemWin532_CM4_GCC.a(GUIDEV.o)
                0x08004ca4                GUI_MEMDEV_CopyToLCD
 .text._GetRect
                0x08004cb0       0x16 ../STemWin/Lib\STemWin532_CM4_GCC.a(GUIDRV_Lin_16.o)
 .text._SetPixelIndex
                0x08004cc6       0x12 ../STemWin/Lib\STemWin532_CM4_GCC.a(GUIDRV_Lin_16.o)
 .text._GetPixelIndex
                0x08004cd8       0x10 ../STemWin/Lib\STemWin532_CM4_GCC.a(GUIDRV_Lin_16.o)
 .text._XorPixel
                0x08004ce8       0x28 ../STemWin/Lib\STemWin532_CM4_GCC.a(GUIDRV_Lin_16.o)
 .text._GetDevProp
                0x08004d10       0x3c ../STemWin/Lib\STemWin532_CM4_GCC.a(GUIDRV_Lin_16.o)
 .text._GetDevData
                0x08004d4c       0x10 ../STemWin/Lib\STemWin532_CM4_GCC.a(GUIDRV_Lin_16.o)
 .text._ReadRect
                0x08004d5c       0x4c ../STemWin/Lib\STemWin532_CM4_GCC.a(GUIDRV_Lin_16.o)
 .text._GetDevFunc
                0x08004da8       0xdc ../STemWin/Lib\STemWin532_CM4_GCC.a(GUIDRV_Lin_16.o)
 .text._SetChroma
                0x08004e84       0x16 ../STemWin/Lib\STemWin532_CM4_GCC.a(GUIDRV_Lin_16.o)
 .text._SetChromaMode
                0x08004e9a       0x16 ../STemWin/Lib\STemWin532_CM4_GCC.a(GUIDRV_Lin_16.o)
 .text._SetAlphaMode
                0x08004eb0       0x16 ../STemWin/Lib\STemWin532_CM4_GCC.a(GUIDRV_Lin_16.o)
 .text._Off     0x08004ec6        0xa ../STemWin/Lib\STemWin532_CM4_GCC.a(GUIDRV_Lin_16.o)
 .text._On      0x08004ed0        0xa ../STemWin/Lib\STemWin532_CM4_GCC.a(GUIDRV_Lin_16.o)
 .text._SetOrg  0x08004eda       0x94 ../STemWin/Lib\STemWin532_CM4_GCC.a(GUIDRV_Lin_16.o)
 *fill*         0x08004f6e        0x2 
 .text._FillRect
                0x08004f70      0x1b8 ../STemWin/Lib\STemWin532_CM4_GCC.a(GUIDRV_Lin_16.o)
 .text._DrawHLine
                0x08005128        0xe ../STemWin/Lib\STemWin532_CM4_GCC.a(GUIDRV_Lin_16.o)
 .text._DrawVLine
                0x08005136       0x10 ../STemWin/Lib\STemWin532_CM4_GCC.a(GUIDRV_Lin_16.o)
 .text._InitOnce.isra.2
                0x08005146       0x24 ../STemWin/Lib\STemWin532_CM4_GCC.a(GUIDRV_Lin_16.o)
 .text._SetDevFunc
                0x0800516a       0x44 ../STemWin/Lib\STemWin532_CM4_GCC.a(GUIDRV_Lin_16.o)
 .text._GetPos  0x080051ae       0x1c ../STemWin/Lib\STemWin532_CM4_GCC.a(GUIDRV_Lin_16.o)
 .text._ShowBuffer
                0x080051ca       0x26 ../STemWin/Lib\STemWin532_CM4_GCC.a(GUIDRV_Lin_16.o)
 .text._Init    0x080051f0       0x1a ../STemWin/Lib\STemWin532_CM4_GCC.a(GUIDRV_Lin_16.o)
 .text._SetVis  0x0800520a       0x28 ../STemWin/Lib\STemWin532_CM4_GCC.a(GUIDRV_Lin_16.o)
 .text._SetAlpha
                0x08005232       0x28 ../STemWin/Lib\STemWin532_CM4_GCC.a(GUIDRV_Lin_16.o)
 .text._SetVRAMAddr
                0x0800525a       0x2a ../STemWin/Lib\STemWin532_CM4_GCC.a(GUIDRV_Lin_16.o)
 .text._CopyBuffer
                0x08005284       0x52 ../STemWin/Lib\STemWin532_CM4_GCC.a(GUIDRV_Lin_16.o)
 .text._SetPos  0x080052d6       0xe6 ../STemWin/Lib\STemWin532_CM4_GCC.a(GUIDRV_Lin_16.o)
 .text._SetSize
                0x080053bc       0x42 ../STemWin/Lib\STemWin532_CM4_GCC.a(GUIDRV_Lin_16.o)
 .text._SetVSize
                0x080053fe       0x26 ../STemWin/Lib\STemWin532_CM4_GCC.a(GUIDRV_Lin_16.o)
 .text._DrawBitmap
                0x08005424      0x600 ../STemWin/Lib\STemWin532_CM4_GCC.a(GUIDRV_Lin_16.o)
 .text.LCD_UpdateColorIndices
                0x08005a24       0x24 ../STemWin/Lib\STemWin532_CM4_GCC.a(LCD_UpdateColorIndices.o)
                0x08005a24                LCD_UpdateColorIndices
 .text.LCD_SetClipRectEx
                0x08005a48       0x30 ../STemWin/Lib\STemWin532_CM4_GCC.a(LCD_SetClipRectEx.o)
                0x08005a48                LCD_SetClipRectEx
 .text.LCD_SetVRAMAddrEx
                0x08005a78       0x2c ../STemWin/Lib\STemWin532_CM4_GCC.a(LCD_Set.o)
                0x08005a78                LCD_SetVRAMAddrEx
 .text.LCD_SetVSizeEx
                0x08005aa4       0x30 ../STemWin/Lib\STemWin532_CM4_GCC.a(LCD_Set.o)
                0x08005aa4                LCD_SetVSizeEx
 .text.LCD_SetSizeEx
                0x08005ad4       0x30 ../STemWin/Lib\STemWin532_CM4_GCC.a(LCD_Set.o)
                0x08005ad4                LCD_SetSizeEx
 .text.LCD_SetLUTEntryEx
                0x08005b04       0x30 ../STemWin/Lib\STemWin532_CM4_GCC.a(LCD_Set.o)
                0x08005b04                LCD_SetLUTEntryEx
 .text._GetDevProp
                0x08005b34       0x1e ../STemWin/Lib\STemWin532_CM4_GCC.a(LCD_GetEx.o)
 .text._GetMaxValue
                0x08005b52       0x22 ../STemWin/Lib\STemWin532_CM4_GCC.a(LCD_GetEx.o)
 .text.LCD_GetXSizeEx
                0x08005b74        0x6 ../STemWin/Lib\STemWin532_CM4_GCC.a(LCD_GetEx.o)
                0x08005b74                LCD_GetXSizeEx
 .text.LCD_GetYSizeEx
                0x08005b7a        0x6 ../STemWin/Lib\STemWin532_CM4_GCC.a(LCD_GetEx.o)
                0x08005b7a                LCD_GetYSizeEx
 .text.LCD_GetVXSizeEx
                0x08005b80        0x6 ../STemWin/Lib\STemWin532_CM4_GCC.a(LCD_GetEx.o)
                0x08005b80                LCD_GetVXSizeEx
 .text.LCD_GetVYSizeEx
                0x08005b86        0x6 ../STemWin/Lib\STemWin532_CM4_GCC.a(LCD_GetEx.o)
                0x08005b86                LCD_GetVYSizeEx
 .text.LCD_GetBitsPerPixelEx
                0x08005b8c        0x6 ../STemWin/Lib\STemWin532_CM4_GCC.a(LCD_GetEx.o)
                0x08005b8c                LCD_GetBitsPerPixelEx
 .text.LCD_GetNumColorsEx
                0x08005b92        0x6 ../STemWin/Lib\STemWin532_CM4_GCC.a(LCD_GetEx.o)
                0x08005b92                LCD_GetNumColorsEx
 .text.LCD_GetMirrorXEx
                0x08005b98        0x6 ../STemWin/Lib\STemWin532_CM4_GCC.a(LCD_GetEx.o)
                0x08005b98                LCD_GetMirrorXEx
 .text.LCD_GetMirrorYEx
                0x08005b9e        0x6 ../STemWin/Lib\STemWin532_CM4_GCC.a(LCD_GetEx.o)
                0x08005b9e                LCD_GetMirrorYEx
 .text.LCD_GetSwapXYEx
                0x08005ba4        0x6 ../STemWin/Lib\STemWin532_CM4_GCC.a(LCD_GetEx.o)
                0x08005ba4                LCD_GetSwapXYEx
 *fill*         0x08005baa        0x2 
 .text.LCD_GetXSize
                0x08005bac       0x10 ../STemWin/Lib\STemWin532_CM4_GCC.a(LCD_GetEx.o)
                0x08005bac                LCD_GetXSize
 .text.LCD_GetYSize
                0x08005bbc       0x10 ../STemWin/Lib\STemWin532_CM4_GCC.a(LCD_GetEx.o)
                0x08005bbc                LCD_GetYSize
 .text.LCD_GetNumColors
                0x08005bcc       0x10 ../STemWin/Lib\STemWin532_CM4_GCC.a(LCD_GetEx.o)
                0x08005bcc                LCD_GetNumColors
 .text.LCD_GetSwapXY
                0x08005bdc       0x10 ../STemWin/Lib\STemWin532_CM4_GCC.a(LCD_GetEx.o)
                0x08005bdc                LCD_GetSwapXY
 .text.GUI_GetBitsPerPixelEx
                0x08005bec       0x18 ../STemWin/Lib\STemWin532_CM4_GCC.a(LCD_GetEx.o)
                0x08005bec                GUI_GetBitsPerPixelEx
 .text.LCD_GetPaletteEx
                0x08005c04       0x14 ../STemWin/Lib\STemWin532_CM4_GCC.a(LCD_GetEx.o)
                0x08005c04                LCD_GetPaletteEx
 .text.LCD_GetPalette
                0x08005c18       0x10 ../STemWin/Lib\STemWin532_CM4_GCC.a(LCD_GetEx.o)
                0x08005c18                LCD_GetPalette
 .text.GUI_GetpfIndex2ColorEx
                0x08005c28       0x10 ../STemWin/Lib\STemWin532_CM4_GCC.a(LCD_GetEx.o)
                0x08005c28                GUI_GetpfIndex2ColorEx
 .text.GUI_GetpfColor2IndexEx
                0x08005c38       0x10 ../STemWin/Lib\STemWin532_CM4_GCC.a(LCD_GetEx.o)
                0x08005c38                GUI_GetpfColor2IndexEx
 .text.LCD_GetXSizeMax
                0x08005c48        0x6 ../STemWin/Lib\STemWin532_CM4_GCC.a(LCD_GetEx.o)
                0x08005c48                LCD_GetXSizeMax
 .text.LCD_GetYSizeMax
                0x08005c4e        0x6 ../STemWin/Lib\STemWin532_CM4_GCC.a(LCD_GetEx.o)
                0x08005c4e                LCD_GetYSizeMax
 .text.LCD_GetVXSizeMax
                0x08005c54        0x6 ../STemWin/Lib\STemWin532_CM4_GCC.a(LCD_GetEx.o)
                0x08005c54                LCD_GetVXSizeMax
 *fill*         0x08005c5a        0x2 
 .text.LCD_SetDisplaySize
                0x08005c5c       0x14 ../STemWin/Lib\STemWin532_CM4_GCC.a(LCD_GetEx.o)
                0x08005c5c                LCD_SetDisplaySize
 .text.LCD_GetXSizeDisplay
                0x08005c70        0xc ../STemWin/Lib\STemWin532_CM4_GCC.a(LCD_GetEx.o)
                0x08005c70                LCD_GetXSizeDisplay
 .text.LCD_GetYSizeDisplay
                0x08005c7c        0xc ../STemWin/Lib\STemWin532_CM4_GCC.a(LCD_GetEx.o)
                0x08005c7c                LCD_GetYSizeDisplay
 .text.LCD__GetBPP
                0x08005c88       0x7e ../STemWin/Lib\STemWin532_CM4_GCC.a(LCD_GetEx.o)
                0x08005c88                LCD__GetBPP
 .text.LCD__GetBPPDevice
                0x08005d06       0x2c ../STemWin/Lib\STemWin532_CM4_GCC.a(LCD_GetEx.o)
                0x08005d06                LCD__GetBPPDevice
 *fill*         0x08005d32        0x2 
 .text._SetDrawMode
                0x08005d34       0x28 ../STemWin/Lib\STemWin532_CM4_GCC.a(LCD.o)
 .text.LCD_SetDrawMode
                0x08005d5c       0x10 ../STemWin/Lib\STemWin532_CM4_GCC.a(LCD.o)
                0x08005d5c                LCD_SetDrawMode
 .text.LCD_DrawPixel
                0x08005d6c       0x5c ../STemWin/Lib\STemWin532_CM4_GCC.a(LCD.o)
                0x08005d6c                LCD_DrawPixel
 .text.LCD_DrawHLine
                0x08005dc8       0x4c ../STemWin/Lib\STemWin532_CM4_GCC.a(LCD.o)
                0x08005dc8                LCD_DrawHLine
 .text.LCD_DrawVLine
                0x08005e14       0x4c ../STemWin/Lib\STemWin532_CM4_GCC.a(LCD.o)
                0x08005e14                LCD_DrawVLine
 .text.LCD_FillRect
                0x08005e60       0x58 ../STemWin/Lib\STemWin532_CM4_GCC.a(LCD.o)
                0x08005e60                LCD_FillRect
 .text.LCD__DrawBitmap_1bpp
                0x08005eb8      0x1b8 ../STemWin/Lib\STemWin532_CM4_GCC.a(LCD.o)
                0x08005eb8                LCD__DrawBitmap_1bpp
 .text.LCD_DrawBitmap
                0x08006070      0x218 ../STemWin/Lib\STemWin532_CM4_GCC.a(LCD.o)
                0x08006070                LCD_DrawBitmap
 .text.LCD_SetClipRectMax
                0x08006288       0x20 ../STemWin/Lib\STemWin532_CM4_GCC.a(LCD.o)
                0x08006288                LCD_SetClipRectMax
 .text.emWin_LCD_Init
                0x080062a8       0x92 ../STemWin/Lib\STemWin532_CM4_GCC.a(LCD.o)
                0x080062a8                emWin_LCD_Init
 *fill*         0x0800633a        0x2 
 .text.LCD_Color2Index
                0x0800633c       0x20 ../STemWin/Lib\STemWin532_CM4_GCC.a(LCD.o)
                0x0800633c                LCD_Color2Index
 .text.LCD_Index2Color
                0x0800635c       0x20 ../STemWin/Lib\STemWin532_CM4_GCC.a(LCD.o)
                0x0800635c                LCD_Index2Color
 .text.LCD_SetColorIndex
                0x0800637c       0x18 ../STemWin/Lib\STemWin532_CM4_GCC.a(LCD.o)
                0x0800637c                LCD_SetColorIndex
 .text._SetColor
                0x08006394       0x20 ../STemWin/Lib\STemWin532_CM4_GCC.a(LCD.o)
 .text.LCD_SetBkColorIndex
                0x080063b4       0x18 ../STemWin/Lib\STemWin532_CM4_GCC.a(LCD.o)
                0x080063b4                LCD_SetBkColorIndex
 .text._SetBkColor
                0x080063cc       0x20 ../STemWin/Lib\STemWin532_CM4_GCC.a(LCD.o)
 .text.LCD_SetBkColor
                0x080063ec       0x10 ../STemWin/Lib\STemWin532_CM4_GCC.a(LCD.o)
                0x080063ec                LCD_SetBkColor
 .text.LCD_SetColor
                0x080063fc       0x10 ../STemWin/Lib\STemWin532_CM4_GCC.a(LCD.o)
                0x080063fc                LCD_SetColor
 .text.GUI__memset
                0x0800640c       0x54 ../STemWin/Lib\STemWin532_CM4_GCC.a(GUI__memset.o)
                0x0800640c                GUI__memset
 .text.GUI__ManageCacheEx
                0x08006460       0xe8 ../STemWin/Lib\STemWin532_CM4_GCC.a(GUI__ManageCache.o)
                0x08006460                GUI__ManageCacheEx
 .text.GUI__ManageCache
                0x08006548       0x10 ../STemWin/Lib\STemWin532_CM4_GCC.a(GUI__ManageCache.o)
                0x08006548                GUI__ManageCache
 .text.GUI__IntersectRects
                0x08006558       0x64 ../STemWin/Lib\STemWin532_CM4_GCC.a(GUI__IntersectRects.o)
                0x08006558                GUI__IntersectRects
 .text.GUI__IntersectRect
                0x080065bc       0x3c ../STemWin/Lib\STemWin532_CM4_GCC.a(GUI__IntersectRect.o)
                0x080065bc                GUI__IntersectRect
 .text.GUI__MixColors
                0x080065f8       0x5e ../STemWin/Lib\STemWin532_CM4_GCC.a(GUI__Alpha.o)
                0x080065f8                GUI__MixColors
 *fill*         0x08006656        0x2 
 .text._OnExit  0x08006658       0x40 ../STemWin/Lib\STemWin532_CM4_GCC.a(GUI__Alpha.o)
 .text.GUI__GetAlphaBuffer
                0x08006698       0xc8 ../STemWin/Lib\STemWin532_CM4_GCC.a(GUI__Alpha.o)
                0x08006698                GUI__GetAlphaBuffer
 .text.GUI__DoAlphaBlending
                0x08006760      0x1cc ../STemWin/Lib\STemWin532_CM4_GCC.a(GUI__Alpha.o)
                0x08006760                GUI__DoAlphaBlending
 .text.GUI__AllocAlphaBuffer
                0x0800692c       0x1a ../STemWin/Lib\STemWin532_CM4_GCC.a(GUI__Alpha.o)
                0x0800692c                GUI__AllocAlphaBuffer
 *fill*         0x08006946        0x2 
 .text.GUI_SignalEvent
                0x08006948       0x10 ../STemWin/Lib\STemWin532_CM4_GCC.a(GUI_WaitEvent.o)
                0x08006948                GUI_SignalEvent
 .text._Unlink  0x08006958       0x4c ../STemWin/Lib\STemWin532_CM4_GCC.a(GUI_Timer.o)
 .text.GUI_TIMER__GetFirstTimer
                0x080069a4       0x30 ../STemWin/Lib\STemWin532_CM4_GCC.a(GUI_Timer.o)
                0x080069a4                GUI_TIMER__GetFirstTimer
 .text.GUI_TIMER__GetNextTimerLin
                0x080069d4       0x38 ../STemWin/Lib\STemWin532_CM4_GCC.a(GUI_Timer.o)
                0x080069d4                GUI_TIMER__GetNextTimerLin
 .text.GUI_TIMER_Delete
                0x08006a0c       0x68 ../STemWin/Lib\STemWin532_CM4_GCC.a(GUI_Timer.o)
                0x08006a0c                GUI_TIMER_Delete
 .text.GUI_TIMER_GetFlag
                0x08006a74       0x2a ../STemWin/Lib\STemWin532_CM4_GCC.a(GUI_Timer.o)
                0x08006a74                GUI_TIMER_GetFlag
 *fill*         0x08006a9e        0x2 
 .text.GUI_SetTextMode
                0x08006aa0       0x14 ../STemWin/Lib\STemWin532_CM4_GCC.a(GUI_SetTextMode.o)
                0x08006aa0                GUI_SetTextMode
 .text.GUI_SetFont
                0x08006ab4       0x14 ../STemWin/Lib\STemWin532_CM4_GCC.a(GUI_SetFont.o)
                0x08006ab4                GUI_SetFont
 .text.GUI_SetDrawMode
                0x08006ac8        0x4 ../STemWin/Lib\STemWin532_CM4_GCC.a(GUI_SetDrawMode.o)
                0x08006ac8                GUI_SetDrawMode
 .text.GL_SetDefault
                0x08006acc       0x40 ../STemWin/Lib\STemWin532_CM4_GCC.a(GUI_SetDefault.o)
                0x08006acc                GL_SetDefault
 .text.GUI_SetBkColor
                0x08006b0c        0x4 ../STemWin/Lib\STemWin532_CM4_GCC.a(GUI_SetColor.o)
                0x08006b0c                GUI_SetBkColor
 .text.GUI_SetColor
                0x08006b10        0x4 ../STemWin/Lib\STemWin532_CM4_GCC.a(GUI_SetColor.o)
                0x08006b10                GUI_SetColor
 .text.GUI__AlphaPreserveTrans
                0x08006b14       0x24 ../STemWin/Lib\STemWin532_CM4_GCC.a(GUI_SetAlpha.o)
                0x08006b14                GUI__AlphaPreserveTrans
 .text.GUI_SelectLayer
                0x08006b38       0x2c ../STemWin/Lib\STemWin532_CM4_GCC.a(GUI_SelectLayer.o)
                0x08006b38                GUI_SelectLayer
 .text.GUI_SelectLCD
                0x08006b64       0x12 ../STemWin/Lib\STemWin532_CM4_GCC.a(GUI_SelectLCD.o)
                0x08006b64                GUI_SelectLCD
 *fill*         0x08006b76        0x2 
 .text.GUI_SaveContext_W
                0x08006b78       0x14 ../STemWin/Lib\STemWin532_CM4_GCC.a(GUI_SaveContext.o)
                0x08006b78                GUI_SaveContext_W
 .text.GUI_RestoreContext
                0x08006b8c       0x14 ../STemWin/Lib\STemWin532_CM4_GCC.a(GUI_SaveContext.o)
                0x08006b8c                GUI_RestoreContext
 .text.GUI_RectsIntersect
                0x08006ba0       0x3a ../STemWin/Lib\STemWin532_CM4_GCC.a(GUI_RectsIntersect.o)
                0x08006ba0                GUI_RectsIntersect
 *fill*         0x08006bda        0x2 
 .text.GUI_SetPenSize
                0x08006bdc       0x10 ../STemWin/Lib\STemWin532_CM4_GCC.a(GUI_Pen.o)
                0x08006bdc                GUI_SetPenSize
 .text.GUI_StoreKey
                0x08006bec       0x10 ../STemWin/Lib\STemWin532_CM4_GCC.a(GUI_OnKey.o)
                0x08006bec                GUI_StoreKey
 .text.GUI_PollKeyMsg
                0x08006bfc       0x38 ../STemWin/Lib\STemWin532_CM4_GCC.a(GUI_OnKey.o)
                0x08006bfc                GUI_PollKeyMsg
 .text.GUI_MoveRect
                0x08006c34       0x20 ../STemWin/Lib\STemWin532_CM4_GCC.a(GUI_MoveRect.o)
                0x08006c34                GUI_MoveRect
 .text.GUI_MergeRect
                0x08006c54       0x56 ../STemWin/Lib\STemWin532_CM4_GCC.a(GUI_MergeRect.o)
                0x08006c54                GUI_MergeRect
 *fill*         0x08006caa        0x2 
 .text.GUI_GotoXY
                0x08006cac       0x10 ../STemWin/Lib\STemWin532_CM4_GCC.a(GUI_Goto.o)
                0x08006cac                GUI_GotoXY
 .text.GUI_GetOrg
                0x08006cbc       0x1c ../STemWin/Lib\STemWin532_CM4_GCC.a(GUI_GetOrg.o)
                0x08006cbc                GUI_GetOrg
 .text.GUI_GetFontSizeY
                0x08006cd8        0x4 ../STemWin/Lib\STemWin532_CM4_GCC.a(GUI_GetFontSizeY.o)
                0x08006cd8                GUI_GetFontSizeY
 .text.GUI_FillRect
                0x08006cdc       0x44 ../STemWin/Lib\STemWin532_CM4_GCC.a(GUI_FillRect.o)
                0x08006cdc                GUI_FillRect
 .text.GUI_Exec1
                0x08006d20       0x34 ../STemWin/Lib\STemWin532_CM4_GCC.a(GUI_Exec.o)
                0x08006d20                GUI_Exec1
 .text.GUI_Exec
                0x08006d54       0x12 ../STemWin/Lib\STemWin532_CM4_GCC.a(GUI_Exec.o)
                0x08006d54                GUI_Exec
 *fill*         0x08006d66        0x2 
 .text.GUI_DrawVLine
                0x08006d68       0x44 ../STemWin/Lib\STemWin532_CM4_GCC.a(GUI_DrawVLine.o)
                0x08006d68                GUI_DrawVLine
 .text.GUI__DispStringInRect
                0x08006dac      0x14c ../STemWin/Lib\STemWin532_CM4_GCC.a(GUI_DispStringInRect.o)
                0x08006dac                GUI__DispStringInRect
 .text.GUI_DispStringInRectMax
                0x08006ef8       0x46 ../STemWin/Lib\STemWin532_CM4_GCC.a(GUI_DispStringInRect.o)
                0x08006ef8                GUI_DispStringInRectMax
 .text.GUI_DispStringInRect
                0x08006f3e        0x8 ../STemWin/Lib\STemWin532_CM4_GCC.a(GUI_DispStringInRect.o)
                0x08006f3e                GUI_DispStringInRect
 *fill*         0x08006f46        0x2 
 .text.GUI_DispString
                0x08006f48      0x108 ../STemWin/Lib\STemWin532_CM4_GCC.a(GUI_DispString.o)
                0x08006f48                GUI_DispString
 .text.CL_DispChar
                0x08007050       0x88 ../STemWin/Lib\STemWin532_CM4_GCC.a(GUI_DispChar.o)
 .text.GUI_DispChar
                0x080070d8        0x4 ../STemWin/Lib\STemWin532_CM4_GCC.a(GUI_DispChar.o)
                0x080070d8                GUI_DispChar
 .text.GUI_DEVICE__GetpDriver
                0x080070dc       0x20 ../STemWin/Lib\STemWin532_CM4_GCC.a(GUI_Device.o)
                0x080070dc                GUI_DEVICE__GetpDriver
 .text.GUI_DEVICE_Delete
                0x080070fc        0x4 ../STemWin/Lib\STemWin532_CM4_GCC.a(GUI_Device.o)
                0x080070fc                GUI_DEVICE_Delete
 .text.GUI_DEVICE_Create
                0x08007100       0x4c ../STemWin/Lib\STemWin532_CM4_GCC.a(GUI_Device.o)
                0x08007100                GUI_DEVICE_Create
 .text.GUI_DEVICE_Unlink
                0x0800714c       0x2c ../STemWin/Lib\STemWin532_CM4_GCC.a(GUI_Device.o)
                0x0800714c                GUI_DEVICE_Unlink
 .text.GUI_DEVICE_Link
                0x08007178       0x74 ../STemWin/Lib\STemWin532_CM4_GCC.a(GUI_Device.o)
                0x08007178                GUI_DEVICE_Link
 .text.GUI_DEVICE_CreateAndLink
                0x080071ec       0x28 ../STemWin/Lib\STemWin532_CM4_GCC.a(GUI_Device.o)
                0x080071ec                GUI_DEVICE_CreateAndLink
 .text._OnExit  0x08007214       0x2c ../STemWin/Lib\STemWin532_CM4_GCC.a(GUI_Core.o)
 .text._InitContext
                0x08007240       0x80 ../STemWin/Lib\STemWin532_CM4_GCC.a(GUI_Core.o)
 .text.GUI_SetDefaultFont
                0x080072c0        0xc ../STemWin/Lib\STemWin532_CM4_GCC.a(GUI_Core.o)
                0x080072c0                GUI_SetDefaultFont
 .text.GUI_ClearRect
                0x080072cc       0x64 ../STemWin/Lib\STemWin532_CM4_GCC.a(GUI_Core.o)
                0x080072cc                GUI_ClearRect
 .text.GUI_Clear
                0x08007330       0x20 ../STemWin/Lib\STemWin532_CM4_GCC.a(GUI_Core.o)
                0x08007330                GUI_Clear
 .text.GUI__RegisterExit
                0x08007350       0x24 ../STemWin/Lib\STemWin532_CM4_GCC.a(GUI_Core.o)
                0x08007350                GUI__RegisterExit
 .text.GUI__Config
                0x08007374       0x30 ../STemWin/Lib\STemWin532_CM4_GCC.a(GUI_Core.o)
                0x08007374                GUI__Config
 .text.GUI_Init
                0x080073a4       0xa8 ../STemWin/Lib\STemWin532_CM4_GCC.a(GUI_Core.o)
                0x080073a4                GUI_Init
 .text.Draw8Point
                0x0800744c       0x98 ../STemWin/Lib\STemWin532_CM4_GCC.a(GUI_Circ.o)
 .text.GL_DrawCircle
                0x080074e4       0x64 ../STemWin/Lib\STemWin532_CM4_GCC.a(GUI_Circ.o)
                0x080074e4                GL_DrawCircle
 .text.GUI_DrawCircle
                0x08007548       0x50 ../STemWin/Lib\STemWin532_CM4_GCC.a(GUI_Circ.o)
                0x08007548                GUI_DrawCircle
 .text.GL_FillCircle
                0x08007598       0xc4 ../STemWin/Lib\STemWin532_CM4_GCC.a(GUI_Circ.o)
                0x08007598                GL_FillCircle
 .text.GUI_FillCircle
                0x0800765c       0x34 ../STemWin/Lib\STemWin532_CM4_GCC.a(GUI_Circ.o)
                0x0800765c                GUI_FillCircle
 .text.GUIPROP__FindChar
                0x08007690       0x14 ../STemWin/Lib\STemWin532_CM4_GCC.a(GUI_CharP.o)
                0x08007690                GUIPROP__FindChar
 .text.GUIPROP_DispChar
                0x080076a4       0xec ../STemWin/Lib\STemWin532_CM4_GCC.a(GUI_CharP.o)
                0x080076a4                GUIPROP_DispChar
 .text.GUIPROP_GetCharDistX
                0x08007790       0x3c ../STemWin/Lib\STemWin532_CM4_GCC.a(GUI_CharP.o)
                0x08007790                GUIPROP_GetCharDistX
 .text.GUIPROP_GetFontInfo
                0x080077cc        0x6 ../STemWin/Lib\STemWin532_CM4_GCC.a(GUI_CharP.o)
                0x080077cc                GUIPROP_GetFontInfo
 .text.GUIPROP_IsInFont
                0x080077d2       0x10 ../STemWin/Lib\STemWin532_CM4_GCC.a(GUI_CharP.o)
                0x080077d2                GUIPROP_IsInFont
 *fill*         0x080077e2        0x2 
 .text.GUIMONO_DispChar
                0x080077e4      0x150 ../STemWin/Lib\STemWin532_CM4_GCC.a(GUI_CharM.o)
                0x080077e4                GUIMONO_DispChar
 .text.GUIMONO_GetCharDistX
                0x08007934       0x18 ../STemWin/Lib\STemWin532_CM4_GCC.a(GUI_CharM.o)
                0x08007934                GUIMONO_GetCharDistX
 .text.GUIMONO_GetFontInfo
                0x0800794c        0x6 ../STemWin/Lib\STemWin532_CM4_GCC.a(GUI_CharM.o)
                0x0800794c                GUIMONO_GetFontInfo
 .text.GUIMONO_IsInFont
                0x08007952       0x36 ../STemWin/Lib\STemWin532_CM4_GCC.a(GUI_CharM.o)
                0x08007952                GUIMONO_IsInFont
 .text._Log2VisBuffered
                0x08007988        0x2 ../STemWin/Lib\STemWin532_CM4_GCC.a(GUI_CharLine.o)
 *fill*         0x0800798a        0x2 
 .text._DispLine
                0x0800798c       0x7c ../STemWin/Lib\STemWin532_CM4_GCC.a(GUI_CharLine.o)
 .text.GUI__GetLineNumChars
                0x08007a08       0x3c ../STemWin/Lib\STemWin532_CM4_GCC.a(GUI_CharLine.o)
                0x08007a08                GUI__GetLineNumChars
 .text.GUI__GetOverlap
                0x08007a44       0x1e ../STemWin/Lib\STemWin532_CM4_GCC.a(GUI_CharLine.o)
                0x08007a44                GUI__GetOverlap
 *fill*         0x08007a62        0x2 
 .text.GUI__GetLineDistX
                0x08007a64       0x60 ../STemWin/Lib\STemWin532_CM4_GCC.a(GUI_CharLine.o)
                0x08007a64                GUI__GetLineDistX
 .text.GUI__DispLine
                0x08007ac4       0xa8 ../STemWin/Lib\STemWin532_CM4_GCC.a(GUI_CharLine.o)
                0x08007ac4                GUI__DispLine
 .text.GUI_GetYAdjust
                0x08007b6c       0x30 ../STemWin/Lib\STemWin532_CM4_GCC.a(GUI_Char.o)
                0x08007b6c                GUI_GetYAdjust
 .text.GUI_GetFontDistY
                0x08007b9c       0x10 ../STemWin/Lib\STemWin532_CM4_GCC.a(GUI_Char.o)
                0x08007b9c                GUI_GetFontDistY
 .text.GUI_DispNextLine
                0x08007bac       0x1c ../STemWin/Lib\STemWin532_CM4_GCC.a(GUI_Char.o)
                0x08007bac                GUI_DispNextLine
 .text.GL_DispChar
                0x08007bc8       0x34 ../STemWin/Lib\STemWin532_CM4_GCC.a(GUI_Char.o)
                0x08007bc8                GL_DispChar
 .text.GUI_GetCharDistX
                0x08007bfc       0x14 ../STemWin/Lib\STemWin532_CM4_GCC.a(GUI_Char.o)
                0x08007bfc                GUI_GetCharDistX
 .text.GUI_GetCharDistXEx
                0x08007c10       0x14 ../STemWin/Lib\STemWin532_CM4_GCC.a(GUI_Char.o)
                0x08007c10                GUI_GetCharDistXEx
 .text._PushFreeBlock
                0x08007c24       0x24 ../STemWin/Lib\STemWin532_CM4_GCC.a(GUI_Alloc.o)
 .text._OnExit  0x08007c48       0x38 ../STemWin/Lib\STemWin532_CM4_GCC.a(GUI_Alloc.o)
 .text._RemoveFreeBlock
                0x08007c80       0x40 ../STemWin/Lib\STemWin532_CM4_GCC.a(GUI_Alloc.o)
 .text._AddFreeMemory
                0x08007cc0       0xa0 ../STemWin/Lib\STemWin532_CM4_GCC.a(GUI_Alloc.o)
 .text._RemoveHoles
                0x08007d60       0x9c ../STemWin/Lib\STemWin532_CM4_GCC.a(GUI_Alloc.o)
 .text.GUI_ALLOC_FreeFixedBlock
                0x08007dfc       0x14 ../STemWin/Lib\STemWin532_CM4_GCC.a(GUI_Alloc.o)
                0x08007dfc                GUI_ALLOC_FreeFixedBlock
 .text.GUI_ALLOC_h2p
                0x08007e10       0x14 ../STemWin/Lib\STemWin532_CM4_GCC.a(GUI_Alloc.o)
                0x08007e10                GUI_ALLOC_h2p
 .text.GUI_ALLOC_LockH
                0x08007e24       0x1c ../STemWin/Lib\STemWin532_CM4_GCC.a(GUI_Alloc.o)
                0x08007e24                GUI_ALLOC_LockH
 .text.GUI_ALLOC_UnlockH
                0x08007e40       0x30 ../STemWin/Lib\STemWin532_CM4_GCC.a(GUI_Alloc.o)
                0x08007e40                GUI_ALLOC_UnlockH
 .text.GUI_ALLOC_AssignMemory
                0x08007e70       0x10 ../STemWin/Lib\STemWin532_CM4_GCC.a(GUI_Alloc.o)
                0x08007e70                GUI_ALLOC_AssignMemory
 .text.GUI_ALLOC_Free
                0x08007e80       0x30 ../STemWin/Lib\STemWin532_CM4_GCC.a(GUI_Alloc.o)
                0x08007e80                GUI_ALLOC_Free
 .text._EnlargeBlocks
                0x08007eb0       0x98 ../STemWin/Lib\STemWin532_CM4_GCC.a(GUI_Alloc.o)
 .text._InitOnce
                0x08007f48      0x174 ../STemWin/Lib\STemWin532_CM4_GCC.a(GUI_Alloc.o)
 .text.GUI_ALLOC_GetFixedBlock
                0x080080bc       0xa4 ../STemWin/Lib\STemWin532_CM4_GCC.a(GUI_Alloc.o)
                0x080080bc                GUI_ALLOC_GetFixedBlock
 .text.GUI_ALLOC_GetMaxSize
                0x08008160       0x3c ../STemWin/Lib\STemWin532_CM4_GCC.a(GUI_Alloc.o)
                0x08008160                GUI_ALLOC_GetMaxSize
 .text.GUI_ALLOC_RequestSize
                0x0800819c       0x2c ../STemWin/Lib\STemWin532_CM4_GCC.a(GUI_Alloc.o)
                0x0800819c                GUI_ALLOC_RequestSize
 .text._Alloc   0x080081c8       0xec ../STemWin/Lib\STemWin532_CM4_GCC.a(GUI_Alloc.o)
 .text.GUI_ALLOC_AllocNoInit
                0x080082b4        0x8 ../STemWin/Lib\STemWin532_CM4_GCC.a(GUI_Alloc.o)
                0x080082b4                GUI_ALLOC_AllocNoInit
 .text.GUI_ALLOC_AllocZero
                0x080082bc       0x2a ../STemWin/Lib\STemWin532_CM4_GCC.a(GUI_ALLOC_AllocZero.o)
                0x080082bc                GUI_ALLOC_AllocZero
 *fill*         0x080082e6        0x2 
 .text.LCD_Index2Color_M565
                0x080082e8       0x28 ../STemWin/Lib\STemWin532_CM4_GCC.a(GUICC_M565.o)
                0x080082e8                LCD_Index2Color_M565
 .text._Color2Index_M565
                0x08008310       0x28 ../STemWin/Lib\STemWin532_CM4_GCC.a(GUICC_M565.o)
 .text._GetIndexMask_M565
                0x08008338        0x6 ../STemWin/Lib\STemWin532_CM4_GCC.a(GUICC_M565.o)
 *fill*         0x0800833e        0x2 
 .text._Color2IndexBulk
                0x08008340       0x4c ../STemWin/Lib\STemWin532_CM4_GCC.a(GUICC_M565.o)
 .text._Index2ColorBulk
                0x0800838c       0x5c ../STemWin/Lib\STemWin532_CM4_GCC.a(GUICC_M565.o)
 .text.LCD_Index2Color_888
                0x080083e8        0x2 ../STemWin/Lib\STemWin532_CM4_GCC.a(GUICC_888_Index2Color.o)
                0x080083e8                LCD_Index2Color_888
 .text.LCD_Index2Color_8888
                0x080083ea        0x2 ../STemWin/Lib\STemWin532_CM4_GCC.a(GUICC_8888_Index2Color.o)
                0x080083ea                LCD_Index2Color_8888
 .text._Color2Index_8888
                0x080083ec        0x2 ../STemWin/Lib\STemWin532_CM4_GCC.a(GUICC_8888.o)
 .text._GetIndexMask_8888
                0x080083ee        0x6 ../STemWin/Lib\STemWin532_CM4_GCC.a(GUICC_8888.o)
 .text._Color2IndexBulk
                0x080083f4       0x10 ../STemWin/Lib\STemWin532_CM4_GCC.a(GUICC_8888.o)
 .text._Index2ColorBulk
                0x08008404       0x10 ../STemWin/Lib\STemWin532_CM4_GCC.a(GUICC_8888.o)
 .text.WM__SendMessageNoPara
                0x08008414       0x28 ../STemWin/Lib\STemWin532_CM4_GCC.a(WM__SendMessageNoPara.o)
                0x08008414                WM__SendMessageNoPara
 .text.WM__GetPrevSibling
                0x0800843c       0x26 ../STemWin/Lib\STemWin532_CM4_GCC.a(WM__GetPrevSibling.o)
                0x0800843c                WM__GetPrevSibling
 .text.WM__GetFirstSibling
                0x08008462       0x12 ../STemWin/Lib\STemWin532_CM4_GCC.a(WM__GetFirstSibling.o)
                0x08008462                WM__GetFirstSibling
 .text.WM_DeleteTimer
                0x08008474       0x26 ../STemWin/Lib\STemWin532_CM4_GCC.a(WM_Timer.o)
                0x08008474                WM_DeleteTimer
 .text.WM__DeleteAssocTimer
                0x0800849a       0x4a ../STemWin/Lib\STemWin532_CM4_GCC.a(WM_Timer.o)
                0x0800849a                WM__DeleteAssocTimer
 .text.WM_SetUserClipRect
                0x080084e4       0x18 ../STemWin/Lib\STemWin532_CM4_GCC.a(WM_SetUserClipRect.o)
                0x080084e4                WM_SetUserClipRect
 .text.WM_SendToParent
                0x080084fc       0x1c ../STemWin/Lib\STemWin532_CM4_GCC.a(WM_SendToParent.o)
                0x080084fc                WM_SendToParent
 .text.WM_OnKey
                0x08008518       0x34 ../STemWin/Lib\STemWin532_CM4_GCC.a(WM_OnKey.o)
                0x08008518                WM_OnKey
 .text.WM_GetWindowOrgX
                0x0800854c       0x10 ../STemWin/Lib\STemWin532_CM4_GCC.a(WM_GetOrg.o)
                0x0800854c                WM_GetWindowOrgX
 .text.WM__AddCriticalHandle
                0x0800855c       0x10 ../STemWin/Lib\STemWin532_CM4_GCC.a(WM_CriticalHandle.o)
                0x0800855c                WM__AddCriticalHandle
 .text.WM_BringToBottom
                0x0800856c       0x86 ../STemWin/Lib\STemWin532_CM4_GCC.a(WM_BringToBottom.o)
                0x0800856c                WM_BringToBottom
 .text._Convert16
                0x080085f2       0x3e ../STemWin/Lib\STemWin532_CM4_GCC.a(GUIDEV_WriteToActiveOpaque.o)
 .text._Convert8
                0x08008630       0x42 ../STemWin/Lib\STemWin532_CM4_GCC.a(GUIDEV_WriteToActiveOpaque.o)
 *fill*         0x08008672        0x2 
 .text.GUI_MEMDEV__WriteToActiveOpaque
                0x08008674      0x724 ../STemWin/Lib\STemWin532_CM4_GCC.a(GUIDEV_WriteToActiveOpaque.o)
                0x08008674                GUI_MEMDEV__WriteToActiveOpaque
 .text.GUI_MEMDEV__WriteToActiveAlpha
                0x08008d98      0x190 ../STemWin/Lib\STemWin532_CM4_GCC.a(GUIDEV_WriteToActiveAlpha.o)
                0x08008d98                GUI_MEMDEV__WriteToActiveAlpha
 .text.GUI_USAGE_BM_AddPixel
                0x08008f28       0x2a ../STemWin/Lib\STemWin532_CM4_GCC.a(GUIDEV_UsageBM.o)
 .text.GUI_USAGE_BM_GetNextDirty
                0x08008f52       0x96 ../STemWin/Lib\STemWin532_CM4_GCC.a(GUIDEV_UsageBM.o)
 .text._GUI_USAGE_BM_Delete
                0x08008fe8        0x4 ../STemWin/Lib\STemWin532_CM4_GCC.a(GUIDEV_UsageBM.o)
 .text.GUI_USAGE_BM_Clear
                0x08008fec       0x10 ../STemWin/Lib\STemWin532_CM4_GCC.a(GUIDEV_UsageBM.o)
 .text.GUI_USAGE_BM_AddHLine
                0x08008ffc       0x72 ../STemWin/Lib\STemWin532_CM4_GCC.a(GUIDEV_UsageBM.o)
 *fill*         0x0800906e        0x2 
 .text.GUI_USAGE_BM_Create
                0x08009070       0x58 ../STemWin/Lib\STemWin532_CM4_GCC.a(GUIDEV_UsageBM.o)
                0x08009070                GUI_USAGE_BM_Create
 .text.GUI_USAGE_DecUseCnt
                0x080090c8       0x28 ../STemWin/Lib\STemWin532_CM4_GCC.a(GUIDEV_Usage.o)
                0x080090c8                GUI_USAGE_DecUseCnt
 .text.GUI_USAGE_AddRect
                0x080090f0       0x2a ../STemWin/Lib\STemWin532_CM4_GCC.a(GUIDEV_Usage.o)
                0x080090f0                GUI_USAGE_AddRect
 *fill*         0x0800911a        0x2 
 .text.GUI_MEMDEV_ReduceYSize
                0x0800911c       0x2c ../STemWin/Lib\STemWin532_CM4_GCC.a(GUIDEV_ReduceYSize.o)
                0x0800911c                GUI_MEMDEV_ReduceYSize
 .text._GetDevData
                0x08009148       0x10 ../STemWin/Lib\STemWin532_CM4_GCC.a(GUIDEV_16.o)
 .text._GetDevFunc
                0x08009158       0x10 ../STemWin/Lib\STemWin532_CM4_GCC.a(GUIDEV_16.o)
 .text._SetOrg  0x08009168        0xe ../STemWin/Lib\STemWin532_CM4_GCC.a(GUIDEV_16.o)
 .text._GetDevProp
                0x08009176       0x14 ../STemWin/Lib\STemWin532_CM4_GCC.a(GUIDEV_16.o)
 .text._GetRect
                0x0800918a       0x32 ../STemWin/Lib\STemWin532_CM4_GCC.a(GUIDEV_16.o)
 .text._XY2PTR  0x080091bc       0x40 ../STemWin/Lib\STemWin532_CM4_GCC.a(GUIDEV_16.o)
 .text._GetPixelIndex
                0x080091fc        0xe ../STemWin/Lib\STemWin532_CM4_GCC.a(GUIDEV_16.o)
 *fill*         0x0800920a        0x2 
 .text._XorPixel
                0x0800920c       0x58 ../STemWin/Lib\STemWin532_CM4_GCC.a(GUIDEV_16.o)
 .text._SetPixelIndex
                0x08009264       0x4c ../STemWin/Lib\STemWin532_CM4_GCC.a(GUIDEV_16.o)
 .text._DrawVLine
                0x080092b0       0xbc ../STemWin/Lib\STemWin532_CM4_GCC.a(GUIDEV_16.o)
 .text._FillRect
                0x0800936c       0xb4 ../STemWin/Lib\STemWin532_CM4_GCC.a(GUIDEV_16.o)
 .text._DrawHLine
                0x08009420        0xe ../STemWin/Lib\STemWin532_CM4_GCC.a(GUIDEV_16.o)
 *fill*         0x0800942e        0x2 
 .text._DrawBitmap
                0x08009430      0x6fc ../STemWin/Lib\STemWin532_CM4_GCC.a(GUIDEV_16.o)
 .text.LCD_SelectLCD
                0x08009b2c       0x40 ../STemWin/Lib\STemWin532_CM4_GCC.a(LCD_SelectLCD.o)
                0x08009b2c                LCD_SelectLCD
 .text.LCD_ReadRectEx
                0x08009b6c      0x1e8 ../STemWin/Lib\STemWin532_CM4_GCC.a(LCD_ReadRect.o)
 .text.GUI_ReadRectEx
                0x08009d54       0x60 ../STemWin/Lib\STemWin532_CM4_GCC.a(LCD_ReadRect.o)
                0x08009d54                GUI_ReadRectEx
 .text._OnExit  0x08009db4       0x14 ../STemWin/Lib\STemWin532_CM4_GCC.a(LCD_Color.o)
 .text.LCD_InitColors
                0x08009dc8       0x38 ../STemWin/Lib\STemWin532_CM4_GCC.a(LCD_Color.o)
                0x08009dc8                LCD_InitColors
 .text.LCD_InitLUT
                0x08009e00       0x7c ../STemWin/Lib\STemWin532_CM4_GCC.a(LCD_Color.o)
                0x08009e00                LCD_InitLUT
 .text.LCD_AA_SetAndMask
                0x08009e7c       0x10 ../STemWin/Lib\STemWin532_CM4_GCC.a(LCD_AA.o)
                0x08009e7c                LCD_AA_SetAndMask
 .text.GUI__memset16
                0x08009e8c       0x5c ../STemWin/Lib\STemWin532_CM4_GCC.a(GUI__memset16.o)
                0x08009e8c                GUI__memset16
 .text.GUI__HandleEOLine
                0x08009ee8       0x18 ../STemWin/Lib\STemWin532_CM4_GCC.a(GUI__HandleEOLine.o)
                0x08009ee8                GUI__HandleEOLine
 .text.GUI__GetFontSizeY
                0x08009f00       0x14 ../STemWin/Lib\STemWin532_CM4_GCC.a(GUI__GetFontSizeY.o)
                0x08009f00                GUI__GetFontSizeY
 .text.GUI__ExpandPixelIndicesEx
                0x08009f14      0x176 ../STemWin/Lib\STemWin532_CM4_GCC.a(GUI__ExpandPixelIndices.o)
                0x08009f14                GUI__ExpandPixelIndicesEx
 .text.GUI__CompactPixelIndices
                0x0800a08a      0x16c ../STemWin/Lib\STemWin532_CM4_GCC.a(GUI__CompactPixelIndices.o)
                0x0800a08a                GUI__CompactPixelIndices
 .text.GUI__ConvertColor2Index
                0x0800a1f6      0x1a8 ../STemWin/Lib\STemWin532_CM4_GCC.a(GUI__CompactPixelIndices.o)
                0x0800a1f6                GUI__ConvertColor2Index
 .text.GUI__CompactPixelIndicesEx
                0x0800a39e        0xe ../STemWin/Lib\STemWin532_CM4_GCC.a(GUI__CompactPixelIndices.o)
                0x0800a39e                GUI__CompactPixelIndicesEx
 .text._GetCharCode
                0x0800a3ac        0x4 ../STemWin/Lib\STemWin532_CM4_GCC.a(GUI_UC_EncodeNone.o)
 .text._GetCharSize
                0x0800a3b0        0x4 ../STemWin/Lib\STemWin532_CM4_GCC.a(GUI_UC_EncodeNone.o)
 .text._CalcSizeOfChar
                0x0800a3b4        0x4 ../STemWin/Lib\STemWin532_CM4_GCC.a(GUI_UC_EncodeNone.o)
 .text._Encode  0x0800a3b8        0x6 ../STemWin/Lib\STemWin532_CM4_GCC.a(GUI_UC_EncodeNone.o)
 *fill*         0x0800a3be        0x2 
 .text.GUI_UC__GetCharCodeInc
                0x0800a3c0       0x28 ../STemWin/Lib\STemWin532_CM4_GCC.a(GUI_UC.o)
                0x0800a3c0                GUI_UC__GetCharCodeInc
 .text.GUI_UC__NumChars2NumBytes
                0x0800a3e8       0x24 ../STemWin/Lib\STemWin532_CM4_GCC.a(GUI_UC.o)
                0x0800a3e8                GUI_UC__NumChars2NumBytes
 .text.GUI_SetTextAlign
                0x0800a40c       0x14 ../STemWin/Lib\STemWin532_CM4_GCC.a(GUI_SetTextAlign.o)
                0x0800a40c                GUI_SetTextAlign
 .text.GUI_SetOrg
                0x0800a420       0x34 ../STemWin/Lib\STemWin532_CM4_GCC.a(GUI_SetOrg.o)
                0x0800a420                GUI_SetOrg
 .text.GUI_SetLineStyle
                0x0800a454       0x10 ../STemWin/Lib\STemWin532_CM4_GCC.a(GUI_SetLineStyle.o)
                0x0800a454                GUI_SetLineStyle
 .text.GUI_GetBkColor
                0x0800a464        0xe ../STemWin/Lib\STemWin532_CM4_GCC.a(GUI_GetColor.o)
                0x0800a464                GUI_GetBkColor
 .text.GUI_GetColor
                0x0800a472        0xe ../STemWin/Lib\STemWin532_CM4_GCC.a(GUI_GetColor.o)
                0x0800a472                GUI_GetColor
 .text.GUI_GetClientRect
                0x0800a480        0x8 ../STemWin/Lib\STemWin532_CM4_GCC.a(GUI_GetClientRect.o)
                0x0800a480                GUI_GetClientRect
 .text._GetIndexMask_0
                0x0800a488       0x52 ../STemWin/Lib\STemWin532_CM4_GCC.a(GUICC_0.o)
 .text._Index2Color_0
                0x0800a4da       0x1e ../STemWin/Lib\STemWin532_CM4_GCC.a(GUICC_0.o)
 .text._Color2Index_0
                0x0800a4f8       0x5a ../STemWin/Lib\STemWin532_CM4_GCC.a(GUICC_0.o)
 .text.LCD_GetNumLayers
                0x0800a552       0x1e ../STemWin/Lib\STemWin532_CM4_GCC.a(LCD_GetNumDisplays.o)
                0x0800a552                LCD_GetNumLayers
 .text.LCD_GetBkColorIndex
                0x0800a570       0x10 ../STemWin/Lib\STemWin532_CM4_GCC.a(LCD_GetColorIndex.o)
                0x0800a570                LCD_GetBkColorIndex
 .text.LCD_GetColorIndex
                0x0800a580       0x10 ../STemWin/Lib\STemWin532_CM4_GCC.a(LCD_GetColorIndex.o)
                0x0800a580                LCD_GetColorIndex
 .text.GUI_CalcColorDist
                0x0800a590       0x50 ../STemWin/Lib\STemWin532_CM4_GCC.a(GUI_CalcColorDist.o)
                0x0800a590                GUI_CalcColorDist
 .text.__libc_init_array
                0x0800a5e0       0x4c c:/myprogram/ac6/systemworkbench/plugins/fr.ac6.mcu.externaltools.arm-none.win32_1.3.0.201507241045/tools/compiler/bin/../lib/gcc/arm-none-eabi/4.9.3/../../../../arm-none-eabi/lib/armv7e-m/fpu\libc_nano.a(lib_a-init.o)
                0x0800a5e0                __libc_init_array
 .text.memcpy   0x0800a62c       0x16 c:/myprogram/ac6/systemworkbench/plugins/fr.ac6.mcu.externaltools.arm-none.win32_1.3.0.201507241045/tools/compiler/bin/../lib/gcc/arm-none-eabi/4.9.3/../../../../arm-none-eabi/lib/armv7e-m/fpu\libc_nano.a(lib_a-memcpy.o)
                0x0800a62c                memcpy
 .text.memmove  0x0800a642       0x36 c:/myprogram/ac6/systemworkbench/plugins/fr.ac6.mcu.externaltools.arm-none.win32_1.3.0.201507241045/tools/compiler/bin/../lib/gcc/arm-none-eabi/4.9.3/../../../../arm-none-eabi/lib/armv7e-m/fpu\libc_nano.a(lib_a-memmove.o)
                0x0800a642                memmove
 .text.memset   0x0800a678       0x10 c:/myprogram/ac6/systemworkbench/plugins/fr.ac6.mcu.externaltools.arm-none.win32_1.3.0.201507241045/tools/compiler/bin/../lib/gcc/arm-none-eabi/4.9.3/../../../../arm-none-eabi/lib/armv7e-m/fpu\libc_nano.a(lib_a-memset.o)
                0x0800a678                memset
 *(.glue_7)
 .glue_7        0x00000000        0x0 linker stubs
 *(.glue_7t)
 .glue_7t       0x00000000        0x0 linker stubs
 *(.eh_frame)
 .eh_frame      0x0800a688        0x0 c:/myprogram/ac6/systemworkbench/plugins/fr.ac6.mcu.externaltools.arm-none.win32_1.3.0.201507241045/tools/compiler/bin/../lib/gcc/arm-none-eabi/4.9.3/armv7e-m/fpu/crtbegin.o
 *(.init)
 .init          0x0800a688        0x4 c:/myprogram/ac6/systemworkbench/plugins/fr.ac6.mcu.externaltools.arm-none.win32_1.3.0.201507241045/tools/compiler/bin/../lib/gcc/arm-none-eabi/4.9.3/armv7e-m/fpu/crti.o
                0x0800a688                _init
 .init          0x0800a68c        0x8 c:/myprogram/ac6/systemworkbench/plugins/fr.ac6.mcu.externaltools.arm-none.win32_1.3.0.201507241045/tools/compiler/bin/../lib/gcc/arm-none-eabi/4.9.3/armv7e-m/fpu/crtn.o
 *(.fini)
 .fini          0x0800a694        0x4 c:/myprogram/ac6/systemworkbench/plugins/fr.ac6.mcu.externaltools.arm-none.win32_1.3.0.201507241045/tools/compiler/bin/../lib/gcc/arm-none-eabi/4.9.3/armv7e-m/fpu/crti.o
                0x0800a694                _fini
 .fini          0x0800a698        0x8 c:/myprogram/ac6/systemworkbench/plugins/fr.ac6.mcu.externaltools.arm-none.win32_1.3.0.201507241045/tools/compiler/bin/../lib/gcc/arm-none-eabi/4.9.3/armv7e-m/fpu/crtn.o
                0x0800a6a0                . = ALIGN (0x4)
                0x0800a6a0                _etext = .

.vfp11_veneer   0x0800a6a0        0x0
 .vfp11_veneer  0x00000000        0x0 linker stubs

.v4_bx          0x0800a6a0        0x0
 .v4_bx         0x00000000        0x0 linker stubs

.iplt           0x0800a6a0        0x0
 .iplt          0x00000000        0x0 c:/myprogram/ac6/systemworkbench/plugins/fr.ac6.mcu.externaltools.arm-none.win32_1.3.0.201507241045/tools/compiler/bin/../lib/gcc/arm-none-eabi/4.9.3/armv7e-m/fpu/crtbegin.o

.rodata         0x0800a6a0     0x6448
                0x0800a6a0                . = ALIGN (0x4)
 *(.rodata)
 .rodata        0x0800a6a0        0xe Src/Page_One.o
 *fill*         0x0800a6ae        0x2 
 .rodata        0x0800a6b0     0x1750 STemWin/Font/Calibri73.o
                0x0800a6b0                GUI_FontCalibri_73
                0x0800a6d4                GUI_FontCalibri73_Prop1
                0x0800a6e0                GUI_FontCalibri73_CharInfo
                0x0800a730                acGUI_FontCalibri73_0039
                0x0800a978                acGUI_FontCalibri73_0038
                0x0800abc0                acGUI_FontCalibri73_0037
                0x0800ae08                acGUI_FontCalibri73_0036
                0x0800b050                acGUI_FontCalibri73_0035
                0x0800b298                acGUI_FontCalibri73_0034
                0x0800b4e0                acGUI_FontCalibri73_0033
                0x0800b728                acGUI_FontCalibri73_0032
                0x0800b970                acGUI_FontCalibri73_0031
                0x0800bbb8                acGUI_FontCalibri73_0030
 .rodata        0x0800be00       0x78 STemWin/Font/Calibri_11_Bold.o
                0x0800be00                GUI_FontCalibri_11_Bold
                0x0800be24                GUI_FontCalibri_11_Bold_Prop1
                0x0800be30                GUI_FontCalibri_11_Bold_Prop2
                0x0800be3c                GUI_FontCalibri_11_Bold_CharInfo
                0x0800be4c                acGUI_FontCalibri_11_Bold_0050
                0x0800be62                acGUI_FontCalibri_11_Bold_004D
 .rodata        0x0800be78      0x5f8 STemWin/Font/Calibri_15_Bold.o
                0x0800be78                GUI_FontCalibri_15_Bold
                0x0800be9c                GUI_FontCalibri_15_Bold_Prop1
                0x0800bea8                GUI_FontCalibri_15_Bold_Prop2
                0x0800beb4                GUI_FontCalibri_15_Bold_Prop3
                0x0800bec0                GUI_FontCalibri_15_Bold_Prop4
                0x0800becc                GUI_FontCalibri_15_Bold_CharInfo
                0x0800bffc                acGUI_FontCalibri_15_Bold_005A
                0x0800c01a                acGUI_FontCalibri_15_Bold_0059
                0x0800c038                acGUI_FontCalibri_15_Bold_0058
                0x0800c056                acGUI_FontCalibri_15_Bold_0057
                0x0800c083                acGUI_FontCalibri_15_Bold_0056
                0x0800c0a1                acGUI_FontCalibri_15_Bold_0055
                0x0800c0bf                acGUI_FontCalibri_15_Bold_0054
                0x0800c0dd                acGUI_FontCalibri_15_Bold_0053
                0x0800c0fb                acGUI_FontCalibri_15_Bold_0052
                0x0800c119                acGUI_FontCalibri_15_Bold_0051
                0x0800c137                acGUI_FontCalibri_15_Bold_0050
                0x0800c155                acGUI_FontCalibri_15_Bold_004F
                0x0800c173                acGUI_FontCalibri_15_Bold_004E
                0x0800c191                acGUI_FontCalibri_15_Bold_004D
                0x0800c1be                acGUI_FontCalibri_15_Bold_004C
                0x0800c1dc                acGUI_FontCalibri_15_Bold_004B
                0x0800c1fa                acGUI_FontCalibri_15_Bold_004A
                0x0800c209                acGUI_FontCalibri_15_Bold_0049
                0x0800c218                acGUI_FontCalibri_15_Bold_0048
                0x0800c236                acGUI_FontCalibri_15_Bold_0047
                0x0800c254                acGUI_FontCalibri_15_Bold_0046
                0x0800c272                acGUI_FontCalibri_15_Bold_0045
                0x0800c290                acGUI_FontCalibri_15_Bold_0044
                0x0800c2ae                acGUI_FontCalibri_15_Bold_0043
                0x0800c2cc                acGUI_FontCalibri_15_Bold_0042
                0x0800c2ea                acGUI_FontCalibri_15_Bold_0041
                0x0800c308                acGUI_FontCalibri_15_Bold_0039
                0x0800c326                acGUI_FontCalibri_15_Bold_0038
                0x0800c344                acGUI_FontCalibri_15_Bold_0037
                0x0800c362                acGUI_FontCalibri_15_Bold_0036
                0x0800c380                acGUI_FontCalibri_15_Bold_0035
                0x0800c39e                acGUI_FontCalibri_15_Bold_0034
                0x0800c3bc                acGUI_FontCalibri_15_Bold_0033
                0x0800c3da                acGUI_FontCalibri_15_Bold_0032
                0x0800c3f8                acGUI_FontCalibri_15_Bold_0031
                0x0800c416                acGUI_FontCalibri_15_Bold_0030
                0x0800c434                acGUI_FontCalibri_15_Bold_0025
                0x0800c461                acGUI_FontCalibri_15_Bold_0020
 .rodata        0x0800c470      0x620 STemWin/Font/Calibri_19_Bold.o
                0x0800c470                GUI_FontCalibri_19_Bold
                0x0800c494                GUI_FontCalibri_19_Bold_Prop1
                0x0800c4a0                GUI_FontCalibri_19_Bold_Prop2
                0x0800c4ac                GUI_FontCalibri_19_Bold_CharInfo
                0x0800c584                acGUI_FontCalibri_19_Bold_005A
                0x0800c5aa                acGUI_FontCalibri_19_Bold_0059
                0x0800c5d0                acGUI_FontCalibri_19_Bold_0058
                0x0800c609                acGUI_FontCalibri_19_Bold_0057
                0x0800c655                acGUI_FontCalibri_19_Bold_0056
                0x0800c68e                acGUI_FontCalibri_19_Bold_0055
                0x0800c6c7                acGUI_FontCalibri_19_Bold_0054
                0x0800c6ed                acGUI_FontCalibri_19_Bold_0053
                0x0800c713                acGUI_FontCalibri_19_Bold_0052
                0x0800c74c                acGUI_FontCalibri_19_Bold_0051
                0x0800c785                acGUI_FontCalibri_19_Bold_0050
                0x0800c7ab                acGUI_FontCalibri_19_Bold_004F
                0x0800c7e4                acGUI_FontCalibri_19_Bold_004E
                0x0800c81d                acGUI_FontCalibri_19_Bold_004D
                0x0800c869                acGUI_FontCalibri_19_Bold_004C
                0x0800c88f                acGUI_FontCalibri_19_Bold_004B
                0x0800c8b5                acGUI_FontCalibri_19_Bold_004A
                0x0800c8db                acGUI_FontCalibri_19_Bold_0049
                0x0800c8ee                acGUI_FontCalibri_19_Bold_0048
                0x0800c927                acGUI_FontCalibri_19_Bold_0047
                0x0800c960                acGUI_FontCalibri_19_Bold_0046
                0x0800c986                acGUI_FontCalibri_19_Bold_0045
                0x0800c9ac                acGUI_FontCalibri_19_Bold_0044
                0x0800c9e5                acGUI_FontCalibri_19_Bold_0043
                0x0800ca0b                acGUI_FontCalibri_19_Bold_0042
                0x0800ca44                acGUI_FontCalibri_19_Bold_0041
                0x0800ca7d                acGUI_FontCalibri_19_Bold_0020
 .rodata        0x0800ca90     0x272c STemWin/Font/Calibri_99.o
                0x0800ca90                GUI_FontCalibri_99
                0x0800cab4                GUI_FontCalibri_99_Prop1
                0x0800cac0                GUI_FontCalibri_99_CharInfo
                0x0800cb10                acGUI_FontCalibri_99_0039
                0x0800ceee                acGUI_FontCalibri_99_0038
                0x0800d2cc                acGUI_FontCalibri_99_0037
                0x0800d6aa                acGUI_FontCalibri_99_0036
                0x0800da88                acGUI_FontCalibri_99_0035
                0x0800de66                acGUI_FontCalibri_99_0034
                0x0800e244                acGUI_FontCalibri_99_0033
                0x0800e622                acGUI_FontCalibri_99_0032
                0x0800ea00                acGUI_FontCalibri_99_0031
                0x0800edde                acGUI_FontCalibri_99_0030
 .rodata        0x0800f1bc       0x7c STemWin/Font/Calibri_9_Bold.o
                0x0800f1bc                GUI_FontCalibri_9_Bold
                0x0800f1e0                GUI_FontCalibri_9_Bold_Prop1
                0x0800f1ec                GUI_FontCalibri_9_Bold_Prop2
                0x0800f1f8                GUI_FontCalibri_9_Bold_Prop3
                0x0800f204                GUI_FontCalibri_9_Bold_CharInfo
                0x0800f21c                acGUI_FontCalibri_9_Bold_0035
                0x0800f225                acGUI_FontCalibri_9_Bold_0032
                0x0800f22e                acGUI_FontCalibri_9_Bold_002E
 .rodata        0x0800f238       0x10 Drivers/STM32F4xx_HAL_Driver/Src/stm32f4xx_hal_rcc.o
                0x0800f238                APBAHBPrescTable
 *(.rodata*)
 .rodata.str1.1
                0x0800f248       0x57 Src/Page_One.o
 *fill*         0x0800f29f        0x1 
 .rodata.aID    0x0800f2a0       0x40 ../STemWin/Lib\STemWin532_CM4_GCC.a(GUIDEV_32.o)
 .rodata.GUI_MEMDEV_DEVICE_32
                0x0800f2e0       0x34 ../STemWin/Lib\STemWin532_CM4_GCC.a(GUIDEV_32.o)
                0x0800f2e0                GUI_MEMDEV_DEVICE_32
 .rodata.acFont8x16
                0x0800f314      0xa30 ../STemWin/Lib\STemWin532_CM4_GCC.a(F8x16.o)
 .rodata.GUI_Font8x16
                0x0800fd44       0x24 ../STemWin/Lib\STemWin532_CM4_GCC.a(F8x16.o)
                0x0800fd44                GUI_Font8x16
 .rodata.TransInfo8x16
                0x0800fd68        0x8 ../STemWin/Lib\STemWin532_CM4_GCC.a(F8x16.o)
 .rodata.FontMono8x16
                0x0800fd70       0x14 ../STemWin/Lib\STemWin532_CM4_GCC.a(F8x16.o)
 .rodata.TransList8x16
                0x0800fd84      0x1c0 ../STemWin/Lib\STemWin532_CM4_GCC.a(F8x16.o)
 .rodata.GUI_F6x8_Mono
                0x0800ff44       0x14 ../STemWin/Lib\STemWin532_CM4_GCC.a(F6x8.o)
 .rodata.GUI_Font6x8
                0x0800ff58       0x24 ../STemWin/Lib\STemWin532_CM4_GCC.a(F6x8.o)
                0x0800ff58                GUI_Font6x8
 .rodata.GUI_acFont6x8
                0x0800ff7c      0x518 ../STemWin/Lib\STemWin532_CM4_GCC.a(F6x8.o)
 .rodata.GUI_F6x8_TL8859_1
                0x08010494      0x1c0 ../STemWin/Lib\STemWin532_CM4_GCC.a(F6x8.o)
 .rodata.GUI_F6x8_TI8859_1
                0x08010654        0x8 ../STemWin/Lib\STemWin532_CM4_GCC.a(F6x8.o)
 .rodata.GUIDRV_Lin_16_API
                0x0801065c       0x34 ../STemWin/Lib\STemWin532_CM4_GCC.a(GUIDRV_Lin_16.o)
                0x0801065c                GUIDRV_Lin_16_API
 .rodata.LCD_aMirror
                0x08010690      0x100 ../STemWin/Lib\STemWin532_CM4_GCC.a(LCD_Mirror.o)
                0x08010690                LCD_aMirror
 .rodata._SetColorAPI
                0x08010790        0xc ../STemWin/Lib\STemWin532_CM4_GCC.a(LCD.o)
 .rodata._HL_APIList
                0x0801079c        0x8 ../STemWin/Lib\STemWin532_CM4_GCC.a(GUI_Core.o)
 .rodata.LCD_API_ColorConv_M565
                0x080107a4       0x18 ../STemWin/Lib\STemWin532_CM4_GCC.a(GUICC_M565.o)
                0x080107a4                LCD_API_ColorConv_M565
 .rodata.LCD_API_ColorConv_8888
                0x080107bc       0x18 ../STemWin/Lib\STemWin532_CM4_GCC.a(GUICC_8888.o)
                0x080107bc                LCD_API_ColorConv_8888
 .rodata.API    0x080107d4       0x18 ../STemWin/Lib\STemWin532_CM4_GCC.a(GUIDEV_UsageBM.o)
 .rodata._aID   0x080107ec       0x40 ../STemWin/Lib\STemWin532_CM4_GCC.a(GUIDEV_16.o)
 .rodata.GUI_MEMDEV_DEVICE_16
                0x0801082c       0x34 ../STemWin/Lib\STemWin532_CM4_GCC.a(GUIDEV_16.o)
                0x0801082c                GUI_MEMDEV_DEVICE_16
 .rodata.GUI__aConvert_63_255
                0x08010860       0x40 ../STemWin/Lib\STemWin532_CM4_GCC.a(GUI__DivTbl_63_255.o)
                0x08010860                GUI__aConvert_63_255
 .rodata.GUI__aConvert_31_255
                0x080108a0       0x20 ../STemWin/Lib\STemWin532_CM4_GCC.a(GUI__DivTbl_31_255.o)
                0x080108a0                GUI__aConvert_31_255
 .rodata.GUI__aConvert_255_63
                0x080108c0      0x100 ../STemWin/Lib\STemWin532_CM4_GCC.a(GUI__DivTbl_255_63.o)
                0x080108c0                GUI__aConvert_255_63
 .rodata.GUI__aConvert_255_31
                0x080109c0      0x100 ../STemWin/Lib\STemWin532_CM4_GCC.a(GUI__DivTbl_255_31.o)
                0x080109c0                GUI__aConvert_255_31
 .rodata.GUI_UC_None
                0x08010ac0       0x10 ../STemWin/Lib\STemWin532_CM4_GCC.a(GUI_UC_EncodeNone.o)
                0x08010ac0                GUI_UC_None
 .rodata.LCD_API_ColorConv_0
                0x08010ad0       0x18 ../STemWin/Lib\STemWin532_CM4_GCC.a(GUICC_0.o)
                0x08010ad0                LCD_API_ColorConv_0
                0x08010ae8                . = ALIGN (0x4)

.rel.dyn        0x08010ae8        0x0
 .rel.iplt      0x00000000        0x0 c:/myprogram/ac6/systemworkbench/plugins/fr.ac6.mcu.externaltools.arm-none.win32_1.3.0.201507241045/tools/compiler/bin/../lib/gcc/arm-none-eabi/4.9.3/armv7e-m/fpu/crtbegin.o

.ARM.extab
 *(.ARM.extab* .gnu.linkonce.armextab.*)

.ARM            0x08010ae8        0x0
                0x08010ae8                __exidx_start = .
 *(.ARM.exidx*)
                0x08010ae8                __exidx_end = .

.preinit_array  0x08010ae8        0x0
                0x08010ae8                PROVIDE (__preinit_array_start, .)
 *(.preinit_array*)
                0x08010ae8                PROVIDE (__preinit_array_end, .)

.init_array     0x08010ae8        0x4